
*** Running vivado
    with args -log system_cdc_sync_active_1.vds -m64 -product Vivado -mode batch -messageDb vivado.pb -notrace -source system_cdc_sync_active_1.tcl


****** Vivado v2023.2 (64-bit)
  **** SW Build 4029153 on Fri Oct 13 20:13:54 MDT 2023
  **** IP Build 4028589 on Sat Oct 14 00:45:43 MDT 2023
  **** SharedData Build 4025554 on Tue Oct 10 17:18:54 MDT 2023
    ** Copyright 1986-2022 Xilinx, Inc. All Rights Reserved.
    ** Copyright 2022-2023 Advanced Micro Devices, Inc. All Rights Reserved.

source system_cdc_sync_active_1.tcl -notrace
create_project: Time (s): cpu = 00:00:08 ; elapsed = 00:00:08 . Memory (MB): peak = 1279.375 ; gain = 5.965 ; free physical = 3173 ; free virtual = 7399
INFO: [IP_Flow 19-234] Refreshing IP repositories
INFO: [IP_Flow 19-1700] Loaded user IP repository '/home/dator2/Documents/clean_fw_folder/antsdr-fw-patch/plutosdr-fw/hdl/library'.
INFO: [IP_Flow 19-2313] Loaded Vivado IP repository '/tools/Xilinx/Vivado/2023.2/data/ip'.
INFO: [IP_Flow 19-6924] IPCACHE: Running cache check for IP inst: system_cdc_sync_active_1
INFO: [IP_Flow 19-6922] IPCACHE: Exporting cached entry ead96afb4f44198c to dir: /home/dator2/Documents/clean_fw_folder/antsdr-fw-patch/plutosdr-fw/hdl/projects/e200/e200.runs/system_cdc_sync_active_1_synth_1
INFO: [IP_Flow 19-6928] IPCACHE: copied cached file /home/dator2/Documents/clean_fw_folder/antsdr-fw-patch/plutosdr-fw/hdl/ipcache/e/a/ead96afb4f44198c/system_cdc_sync_active_0_sim_netlist.v to /home/dator2/Documents/clean_fw_folder/antsdr-fw-patch/plutosdr-fw/hdl/projects/e200/e200.runs/system_cdc_sync_active_1_synth_1/system_cdc_sync_active_1_sim_netlist.v.
INFO: [IP_Flow 19-6928] IPCACHE: copied cached file /home/dator2/Documents/clean_fw_folder/antsdr-fw-patch/plutosdr-fw/hdl/ipcache/e/a/ead96afb4f44198c/system_cdc_sync_active_0.dcp to /home/dator2/Documents/clean_fw_folder/antsdr-fw-patch/plutosdr-fw/hdl/projects/e200/e200.runs/system_cdc_sync_active_1_synth_1/system_cdc_sync_active_1.dcp.
INFO: [IP_Flow 19-6928] IPCACHE: copied cached file /home/dator2/Documents/clean_fw_folder/antsdr-fw-patch/plutosdr-fw/hdl/ipcache/e/a/ead96afb4f44198c/system_cdc_sync_active_0_sim_netlist.vhdl to /home/dator2/Documents/clean_fw_folder/antsdr-fw-patch/plutosdr-fw/hdl/projects/e200/e200.runs/system_cdc_sync_active_1_synth_1/system_cdc_sync_active_1_sim_netlist.vhdl.
INFO: [IP_Flow 19-6928] IPCACHE: copied cached file /home/dator2/Documents/clean_fw_folder/antsdr-fw-patch/plutosdr-fw/hdl/ipcache/e/a/ead96afb4f44198c/system_cdc_sync_active_0_stub.v to /home/dator2/Documents/clean_fw_folder/antsdr-fw-patch/plutosdr-fw/hdl/projects/e200/e200.runs/system_cdc_sync_active_1_synth_1/system_cdc_sync_active_1_stub.v.
INFO: [IP_Flow 19-6928] IPCACHE: copied cached file /home/dator2/Documents/clean_fw_folder/antsdr-fw-patch/plutosdr-fw/hdl/ipcache/e/a/ead96afb4f44198c/system_cdc_sync_active_0_stub.vhdl to /home/dator2/Documents/clean_fw_folder/antsdr-fw-patch/plutosdr-fw/hdl/projects/e200/e200.runs/system_cdc_sync_active_1_synth_1/system_cdc_sync_active_1_stub.vhdl.
INFO: [IP_Flow 19-4838] Using cached IP synthesis design for IP system_cdc_sync_active_1, cache-ID = ead96afb4f44198c.
INFO: [Common 17-206] Exiting Vivado at Wed Jul  9 15:28:58 2025...
