Copyright 1986-2022 Xilinx, Inc. All Rights Reserved. Copyright 2022-2023 Advanced Micro Devices, Inc. All Rights Reserved.
----------------------------------------------------------------------------------------------------------------------------------------------------
| Tool Version     : Vivado v.2023.2 (lin64) Build 4029153 Fri Oct 13 20:13:54 MDT 2023
| Date             : Thu Aug 14 16:40:37 2025
| Host             : dator2-Latitude-5430 running 64-bit Ubuntu 24.04.2 LTS
| Command          : report_power -file system_top_power_routed.rpt -pb system_top_power_summary_routed.pb -rpx system_top_power_routed.rpx
| Design           : system_top
| Device           : xc7z020clg400-2
| Design State     : routed
| Grade            : commercial
| Process          : typical
| Characterization : Production
----------------------------------------------------------------------------------------------------------------------------------------------------

Power Report

Table of Contents
-----------------
1. Summary
1.1 On-Chip Components
1.2 Power Supply Summary
1.3 Confidence Level
2. Settings
2.1 Environment
2.2 Clock Constraints
3. Detailed Reports
3.1 By Hierarchy

1. Summary
----------

+--------------------------+--------------+
| Total On-Chip Power (W)  | 1.963        |
| Design Power Budget (W)  | Unspecified* |
| Power Budget Margin (W)  | NA           |
| Dynamic (W)              | 1.805        |
| Device Static (W)        | 0.158        |
| Effective TJA (C/W)      | 11.5         |
| Max Ambient (C)          | 62.4         |
| Junction Temperature (C) | 47.6         |
| Confidence Level         | Low          |
| Setting File             | ---          |
| Simulation Activity File | ---          |
| Design Nets Matched      | NA           |
+--------------------------+--------------+
* Specify Design Power Budget using, set_operating_conditions -design_power_budget <value in Watts>


1.1 On-Chip Components
----------------------

+--------------------------+-----------+----------+-----------+-----------------+
| On-Chip                  | Power (W) | Used     | Available | Utilization (%) |
+--------------------------+-----------+----------+-----------+-----------------+
| Clocks                   |     0.073 |       14 |       --- |             --- |
| Slice Logic              |     0.060 |   101326 |       --- |             --- |
|   LUT as Logic           |     0.048 |    23664 |     53200 |           44.48 |
|   CARRY4                 |     0.006 |     2079 |     13300 |           15.63 |
|   Register               |     0.005 |    60419 |    106400 |           56.78 |
|   LUT as Shift Register  |    <0.001 |     1521 |     17400 |            8.74 |
|   LUT as Distributed RAM |    <0.001 |      179 |     17400 |            1.03 |
|   F7/F8 Muxes            |    <0.001 |     6634 |     53200 |           12.47 |
|   BUFG                   |    <0.001 |        2 |        32 |            6.25 |
|   Others                 |     0.000 |     2531 |       --- |             --- |
| Signals                  |     0.105 |    74229 |       --- |             --- |
| Block RAM                |     0.015 |     25.5 |       140 |           18.21 |
| MMCM                     |     0.107 |        1 |         4 |           25.00 |
| PLL                      |     0.069 |        1 |         4 |           25.00 |
| DSPs                     |     0.036 |       84 |       220 |           38.18 |
| I/O                      |     0.054 |       79 |       125 |           63.20 |
| PS7                      |     1.286 |        1 |       --- |             --- |
| Static Power             |     0.158 |          |           |                 |
| Total                    |     1.963 |          |           |                 |
+--------------------------+-----------+----------+-----------+-----------------+


1.2 Power Supply Summary
------------------------

+-----------+-------------+-----------+-------------+------------+-------------+-------------+------------+
| Source    | Voltage (V) | Total (A) | Dynamic (A) | Static (A) | Powerup (A) | Budget (A)  | Margin (A) |
+-----------+-------------+-----------+-------------+------------+-------------+-------------+------------+
| Vccint    |       1.000 |     0.311 |       0.293 |      0.018 |       NA    | Unspecified | NA         |
| Vccaux    |       1.800 |     0.124 |       0.108 |      0.016 |       NA    | Unspecified | NA         |
| Vcco33    |       3.300 |     0.005 |       0.004 |      0.001 |       NA    | Unspecified | NA         |
| Vcco25    |       2.500 |     0.000 |       0.000 |      0.000 |       NA    | Unspecified | NA         |
| Vcco18    |       1.800 |     0.011 |       0.010 |      0.001 |       NA    | Unspecified | NA         |
| Vcco15    |       1.500 |     0.000 |       0.000 |      0.000 |       NA    | Unspecified | NA         |
| Vcco135   |       1.350 |     0.000 |       0.000 |      0.000 |       NA    | Unspecified | NA         |
| Vcco12    |       1.200 |     0.000 |       0.000 |      0.000 |       NA    | Unspecified | NA         |
| Vccaux_io |       1.800 |     0.000 |       0.000 |      0.000 |       NA    | Unspecified | NA         |
| Vccbram   |       1.000 |     0.004 |       0.001 |      0.003 |       NA    | Unspecified | NA         |
| MGTAVcc   |       1.000 |     0.000 |       0.000 |      0.000 |       NA    | Unspecified | NA         |
| MGTAVtt   |       1.200 |     0.000 |       0.000 |      0.000 |       NA    | Unspecified | NA         |
| MGTVccaux |       1.800 |     0.000 |       0.000 |      0.000 |       NA    | Unspecified | NA         |
| Vccpint   |       1.000 |     0.708 |       0.675 |      0.033 |       NA    | Unspecified | NA         |
| Vccpaux   |       1.800 |     0.036 |       0.026 |      0.010 |       NA    | Unspecified | NA         |
| Vccpll    |       1.800 |     0.017 |       0.014 |      0.003 |       NA    | Unspecified | NA         |
| Vcco_ddr  |       1.500 |     0.356 |       0.354 |      0.002 |       NA    | Unspecified | NA         |
| Vcco_mio0 |       3.300 |     0.003 |       0.002 |      0.001 |       NA    | Unspecified | NA         |
| Vcco_mio1 |       3.300 |     0.002 |       0.001 |      0.001 |       NA    | Unspecified | NA         |
| Vccadc    |       1.800 |     0.020 |       0.000 |      0.020 |       NA    | Unspecified | NA         |
+-----------+-------------+-----------+-------------+------------+-------------+-------------+------------+


1.3 Confidence Level
--------------------

+-----------------------------+------------+--------------------------------------------------------+------------------------------------------------------------------------------------------------------------+
| User Input Data             | Confidence | Details                                                | Action                                                                                                     |
+-----------------------------+------------+--------------------------------------------------------+------------------------------------------------------------------------------------------------------------+
| Design implementation state | High       | Design is routed                                       |                                                                                                            |
| Clock nodes activity        | High       | User specified more than 95% of clocks                 |                                                                                                            |
| I/O nodes activity          | Low        | More than 75% of inputs are missing user specification | Provide missing input activity with simulation results or by editing the "By Resource Type -> I/Os" view   |
| Internal nodes activity     | Medium     | User specified less than 25% of internal nodes         | Provide missing internal nodes activity with simulation results or by editing the "By Resource Type" views |
| Device models               | High       | Device models are Production                           |                                                                                                            |
|                             |            |                                                        |                                                                                                            |
| Overall confidence level    | Low        |                                                        |                                                                                                            |
+-----------------------------+------------+--------------------------------------------------------+------------------------------------------------------------------------------------------------------------+


2. Settings
-----------

2.1 Environment
---------------

+-----------------------+------------------------+
| Ambient Temp (C)      | 25.0                   |
| ThetaJA (C/W)         | 11.5                   |
| Airflow (LFM)         | 250                    |
| Heat Sink             | none                   |
| ThetaSA (C/W)         | 0.0                    |
| Board Selection       | medium (10"x10")       |
| # of Board Layers     | 8to11 (8 to 11 Layers) |
| Board Temperature (C) | 25.0                   |
+-----------------------+------------------------+


2.2 Clock Constraints
---------------------

+-------------------+----------------------------------------------------------------------------------------+-----------------+
| Clock             | Domain                                                                                 | Constraint (ns) |
+-------------------+----------------------------------------------------------------------------------------+-----------------+
| RGMII_rxc         | RGMII_rxc                                                                              |             8.0 |
| clk_10            | i_system_wrapper/system_i/sys_rgmii/U0/i_system_sys_rgmii_0_clocking/clk_10            |           100.0 |
| clk_fpga_0        | i_system_wrapper/system_i/sys_ps7/inst/FCLK_CLK_unbuffered[0]                          |            10.0 |
| clk_fpga_1        | i_system_wrapper/system_i/sys_ps7/inst/FCLK_CLK_unbuffered[1]                          |             5.0 |
| clkfbout          | i_system_wrapper/system_i/sys_rgmii/U0/i_system_sys_rgmii_0_clocking/clkfbout          |             5.0 |
| gmii_clk_125m_out | i_system_wrapper/system_i/sys_rgmii/U0/i_system_sys_rgmii_0_clocking/gmii_clk_125m_out |             8.0 |
| gmii_clk_25m_out  | i_system_wrapper/system_i/sys_rgmii/U0/i_system_sys_rgmii_0_clocking/gmii_clk_25m_out  |            40.0 |
| gmii_clk_2_5m_out | i_system_wrapper/system_i/sys_rgmii/U0/i_system_sys_rgmii_0_clocking/gmii_clk_2_5m_out |           400.0 |
| rx_clk            | rx_clk_in                                                                              |            16.3 |
| spi0_clk          | i_system_wrapper/system_i/sys_ps7/inst/SPI0_SCLK_O                                     |            40.0 |
+-------------------+----------------------------------------------------------------------------------------+-----------------+


3. Detailed Reports
-------------------

3.1 By Hierarchy
----------------

+----------------------------+-----------+
| Name                       | Power (W) |
+----------------------------+-----------+
| system_top                 |     1.805 |
|   GPIOB_IOBUF[0]_inst      |     0.002 |
|   GPIOB_IOBUF[1]_inst      |     0.002 |
|   GPIOB_IOBUF[2]_inst      |     0.002 |
|   GPIOB_IOBUF[3]_inst      |     0.002 |
|   GPIOB_IOBUF[4]_inst      |     0.001 |
|   GPIOB_IOBUF[5]_inst      |     0.001 |
|   GPIOB_IOBUF[6]_inst      |     0.001 |
|   GPIOB_IOBUF[7]_inst      |     0.001 |
|   i_system_wrapper         |     1.782 |
|     system_i               |     1.781 |
|       axi_ad9361           |     0.152 |
|       axi_ad9361_adc_dma   |     0.006 |
|       axi_ad9361_dac_dma   |     0.005 |
|       axi_fft_buffer_0     |     0.030 |
|       axi_fft_dmac         |     0.008 |
|       axi_gp0_interconnect |     0.004 |
|       axi_tdd_0            |     0.004 |
|       axi_vcxo_ctrl        |     0.071 |
|       fifo_fft             |     0.007 |
|       rx_fir_decimator     |     0.047 |
|       sys_ps7              |     1.292 |
|       sys_rgmii            |     0.127 |
|       tx_fir_interpolator  |     0.005 |
|       xfft_0               |     0.021 |
+----------------------------+-----------+


