Copyright 1986-2022 Xilinx, Inc. All Rights Reserved. Copyright 2022-2023 Advanced Micro Devices, Inc. All Rights Reserved.
---------------------------------------------------------------------------------------------------------------------------------------------
| Tool Version : Vivado v.2023.2 (lin64) Build 4029153 Fri Oct 13 20:13:54 MDT 2023
| Date         : Thu Aug 14 16:40:46 2025
| Host         : dator2-Latitude-5430 running 64-bit Ubuntu 24.04.2 LTS
| Command      : report_clock_utilization -file system_top_clock_utilization_routed.rpt
| Design       : system_top
| Device       : 7z020-clg400
| Speed File   : -2  PRODUCTION 1.12 2019-11-22
| Design State : Routed
---------------------------------------------------------------------------------------------------------------------------------------------

Clock Utilization Report

Table of Contents
-----------------
1. Clock Primitive Utilization
2. Global Clock Resources
3. Global Clock Source Details
4. Clock Regions: Key Resource Utilization
5. Clock Regions : Global Clock Summary
6. Device Cell Placement Summary for Global Clock g0
7. Device Cell Placement Summary for Global Clock g1
8. Device Cell Placement Summary for Global Clock g2
9. Device Cell Placement Summary for Global Clock g3
10. Device Cell Placement Summary for Global Clock g4
11. Device Cell Placement Summary for Global Clock g5
12. Device Cell Placement Summary for Global Clock g6
13. Device Cell Placement Summary for Global Clock g7
14. Device Cell Placement Summary for Global Clock g8
15. Clock Region Cell Placement per Global Clock: Region X0Y0
16. Clock Region Cell Placement per Global Clock: Region X1Y0
17. Clock Region Cell Placement per Global Clock: Region X0Y1
18. Clock Region Cell Placement per Global Clock: Region X1Y1
19. Clock Region Cell Placement per Global Clock: Region X0Y2
20. Clock Region Cell Placement per Global Clock: Region X1Y2

1. Clock Primitive Utilization
------------------------------

+----------+------+-----------+-----+--------------+--------+
| Type     | Used | Available | LOC | Clock Region | Pblock |
+----------+------+-----------+-----+--------------+--------+
| BUFGCTRL |    8 |        32 |   0 |            0 |      0 |
| BUFH     |    0 |        72 |   0 |            0 |      0 |
| BUFIO    |    1 |        16 |   1 |            0 |      0 |
| BUFMR    |    0 |         8 |   0 |            0 |      0 |
| BUFR     |    1 |        16 |   0 |            0 |      0 |
| MMCM     |    1 |         4 |   0 |            0 |      0 |
| PLL      |    1 |         4 |   0 |            0 |      0 |
+----------+------+-----------+-----+--------------+--------+


2. Global Clock Resources
-------------------------

+-----------+-----------+-----------------+------------+----------------+--------------+-------------------+-------------+-----------------+--------------+-------------------+--------------------------------------------------------------------------------------------------------------------------------------------------------------------------------------------+--------------------------------------------------------------------------------------------------------------------------------------------------------------------------------------------+
| Global Id | Source Id | Driver Type/Pin | Constraint | Site           | Clock Region | Load Clock Region | Clock Loads | Non-Clock Loads | Clock Period | Clock             | Driver Pin                                                                                                                                                                                 | Net                                                                                                                                                                                        |
+-----------+-----------+-----------------+------------+----------------+--------------+-------------------+-------------+-----------------+--------------+-------------------+--------------------------------------------------------------------------------------------------------------------------------------------------------------------------------------------+--------------------------------------------------------------------------------------------------------------------------------------------------------------------------------------------+
| g0        | src0      | BUFG/O          | None       | BUFGCTRL_X0Y18 | n/a          |                 6 |       53864 |               0 |       16.270 | rx_clk            | i_system_wrapper/system_i/axi_ad9361/inst/i_dev_if/i_clk/i_clk_gbuf/O                                                                                                                      | i_system_wrapper/system_i/axi_ad9361/inst/i_dev_if/i_clk/clk                                                                                                                               |
| g1        | src1      | BUFG/O          | None       | BUFGCTRL_X0Y19 | n/a          |                 6 |        8896 |               0 |       10.000 | clk_fpga_0        | i_system_wrapper/system_i/sys_ps7/inst/buffer_fclk_clk_0.FCLK_CLK_0_BUFG/O                                                                                                                 | i_system_wrapper/system_i/sys_ps7/inst/FCLK_CLK0                                                                                                                                           |
| g2        | src2      | BUFG/O          | None       | BUFGCTRL_X0Y22 | n/a          |                 2 |         437 |               0 |              |                   | i_system_wrapper/system_i/axi_vcxo_ctrl/inst/clk_200M_BUFG_inst/O                                                                                                                          | i_system_wrapper/system_i/axi_vcxo_ctrl/inst/clk_200M_BUFG                                                                                                                                 |
| g3        | src3      | BUFG/O          | None       | BUFGCTRL_X0Y20 | n/a          |                 2 |         213 |               0 |        5.000 | clk_fpga_1        | i_system_wrapper/system_i/sys_ps7/inst/buffer_fclk_clk_1.FCLK_CLK_1_BUFG/O                                                                                                                 | i_system_wrapper/system_i/sys_ps7/inst/FCLK_CLK1                                                                                                                                           |
| g4        | src4      | BUFGCTRL/O      | None       | BUFGCTRL_X0Y16 | n/a          |                 2 |          47 |               0 |        8.000 | gmii_clk_125m_out | i_system_wrapper/system_i/sys_rgmii/U0/i_gmii_to_rgmii_block/i_bufgmux_gmii_clk/O                                                                                                          | i_system_wrapper/system_i/sys_rgmii/U0/i_gmii_to_rgmii_block/gmii_tx_clk                                                                                                                   |
| g4        | src5      | BUFGCTRL/O      | None       | BUFGCTRL_X0Y16 | n/a          |                 2 |          47 |               0 |        8.000 | gmii_clk_125m_out | i_system_wrapper/system_i/sys_rgmii/U0/i_gmii_to_rgmii_block/i_bufgmux_gmii_clk/O                                                                                                          | i_system_wrapper/system_i/sys_rgmii/U0/i_gmii_to_rgmii_block/gmii_tx_clk                                                                                                                   |
| g5        | src6      | BUFG/O          | None       | BUFGCTRL_X0Y21 | n/a          |                 2 |          13 |               0 |        8.000 | RGMII_rxc         | i_system_wrapper/system_i/sys_rgmii/U0/i_gmii_to_rgmii_block/system_sys_rgmii_0_core/i_gmii_to_rgmii/gmii_to_rgmii_core_non_versal.i_gmii_to_rgmii/gen_rgmii_rx_clk_zq.bufg_rgmii_rx_clk/O | i_system_wrapper/system_i/sys_rgmii/U0/i_gmii_to_rgmii_block/system_sys_rgmii_0_core/i_gmii_to_rgmii/gmii_to_rgmii_core_non_versal.i_gmii_to_rgmii/gen_rgmii_rx_clk_zq.bufg_rgmii_rx_clk_0 |
| g6        | src7      | BUFG/O          | None       | BUFGCTRL_X0Y23 | n/a          |                 1 |           1 |               0 |              |                   | i_system_wrapper/system_i/axi_vcxo_ctrl/inst/clk_40M_BUFG_inst/O                                                                                                                           | i_system_wrapper/system_i/axi_vcxo_ctrl/inst/clk_40M_BUFG                                                                                                                                  |
| g7        | src8      | BUFGCTRL/O      | None       | BUFGCTRL_X0Y17 | n/a          |                 1 |           1 |               0 |       40.000 | gmii_clk_2_5m_out | i_system_wrapper/system_i/sys_rgmii/U0/i_gmii_to_rgmii_block/i_bufgmux_gmii_clk_25m_2_5m/O                                                                                                 | i_system_wrapper/system_i/sys_rgmii/U0/i_gmii_to_rgmii_block/gmii_clk_25m_or_2_5m                                                                                                          |
| g7        | src4      | BUFGCTRL/O      | None       | BUFGCTRL_X0Y17 | n/a          |                 1 |           1 |               0 |       40.000 | gmii_clk_25m_out  | i_system_wrapper/system_i/sys_rgmii/U0/i_gmii_to_rgmii_block/i_bufgmux_gmii_clk_25m_2_5m/O                                                                                                 | i_system_wrapper/system_i/sys_rgmii/U0/i_gmii_to_rgmii_block/gmii_clk_25m_or_2_5m                                                                                                          |
| g8        | src9      | BUFR/O          | None       | BUFR_X1Y9      | X1Y2         |                 1 |           1 |               0 |      400.000 | gmii_clk_2_5m_out | i_system_wrapper/system_i/sys_rgmii/U0/i_system_sys_rgmii_0_clocking/clk10_div_buf/O                                                                                                       | i_system_wrapper/system_i/sys_rgmii/U0/i_system_sys_rgmii_0_clocking/gmii_clk_2_5m_out                                                                                                     |
+-----------+-----------+-----------------+------------+----------------+--------------+-------------------+-------------+-----------------+--------------+-------------------+--------------------------------------------------------------------------------------------------------------------------------------------------------------------------------------------+--------------------------------------------------------------------------------------------------------------------------------------------------------------------------------------------+
* Clock Loads column represents cell count of net connects that connect to a clock pin. Internal cell leaf pins are not considered
** Non-Clock Loads column represents cell count of non-clock pin loads


3. Global Clock Source Details
------------------------------

+-----------+-----------+--------------------+------------+-----------------+--------------+-------------+-----------------+---------------------+-------------------+--------------------------------------------------------------------------------------------+----------------------------------------------------------------------------------------+
| Source Id | Global Id | Driver Type/Pin    | Constraint | Site            | Clock Region | Clock Loads | Non-Clock Loads | Source Clock Period | Source Clock      | Driver Pin                                                                                 | Net                                                                                    |
+-----------+-----------+--------------------+------------+-----------------+--------------+-------------+-----------------+---------------------+-------------------+--------------------------------------------------------------------------------------------+----------------------------------------------------------------------------------------+
| src0      | g0        | IBUF/O             | IOB_X1Y72  | IOB_X1Y72       | X1Y1         |           1 |               0 |              16.270 | rx_clk            | i_system_wrapper/system_i/axi_ad9361/inst/i_dev_if/i_clk/i_rx_clk_ibuf/O                   | i_system_wrapper/system_i/axi_ad9361/inst/i_dev_if/i_clk/clk_ibuf_s                    |
| src1      | g1        | PS7/FCLKCLK[0]     | PS7_X0Y0   | PS7_X0Y0        | X0Y2         |           1 |               0 |              10.000 | clk_fpga_0        | i_system_wrapper/system_i/sys_ps7/inst/PS7_i/FCLKCLK[0]                                    | i_system_wrapper/system_i/sys_ps7/inst/FCLK_CLK_unbuffered[0]                          |
| src2      | g2        | PLLE2_ADV/CLKOUT0  | None       | PLLE2_ADV_X1Y2  | X1Y2         |           1 |               0 |                     |                   | i_system_wrapper/system_i/axi_vcxo_ctrl/inst/clkgen/CLKOUT0                                | i_system_wrapper/system_i/axi_vcxo_ctrl/inst/clk_200M                                  |
| src3      | g3        | PS7/FCLKCLK[1]     | PS7_X0Y0   | PS7_X0Y0        | X0Y2         |           1 |               0 |               5.000 | clk_fpga_1        | i_system_wrapper/system_i/sys_ps7/inst/PS7_i/FCLKCLK[1]                                    | i_system_wrapper/system_i/sys_ps7/inst/FCLK_CLK_unbuffered[1]                          |
| src4      | g4        | BUFGCTRL/O         | None       | BUFGCTRL_X0Y17  | n/a          |           1 |               0 |              40.000 | gmii_clk_25m_out  | i_system_wrapper/system_i/sys_rgmii/U0/i_gmii_to_rgmii_block/i_bufgmux_gmii_clk_25m_2_5m/O | i_system_wrapper/system_i/sys_rgmii/U0/i_gmii_to_rgmii_block/gmii_clk_25m_or_2_5m      |
| src4      | g7        | MMCME2_ADV/CLKOUT1 | None       | MMCME2_ADV_X1Y2 | X1Y2         |           0 |               0 |              40.000 | gmii_clk_25m_out  | i_system_wrapper/system_i/sys_rgmii/U0/i_system_sys_rgmii_0_clocking/mmcm_adv_inst/CLKOUT1 | i_system_wrapper/system_i/sys_rgmii/U0/i_system_sys_rgmii_0_clocking/gmii_clk_25m_out  |
| src5      | g4        | MMCME2_ADV/CLKOUT0 | None       | MMCME2_ADV_X1Y2 | X1Y2         |           0 |               0 |               8.000 | gmii_clk_125m_out | i_system_wrapper/system_i/sys_rgmii/U0/i_system_sys_rgmii_0_clocking/mmcm_adv_inst/CLKOUT0 | i_system_wrapper/system_i/sys_rgmii/U0/i_system_sys_rgmii_0_clocking/gmii_clk_125m_out |
| src6      | g5        | IBUF/O             | IOB_X1Y124 | IOB_X1Y124      | X1Y2         |           2 |               0 |               8.000 | RGMII_rxc         | i_system_wrapper/system_i/sys_rgmii/U0/i_gmii_to_rgmii_block/rgmii_rxc_ibuf_i/O            | i_system_wrapper/system_i/sys_rgmii/U0/i_gmii_to_rgmii_block/rgmii_rxc_ibuf            |
| src7      | g6        | PLLE2_ADV/CLKOUT1  | None       | PLLE2_ADV_X1Y2  | X1Y2         |           1 |               0 |                     |                   | i_system_wrapper/system_i/axi_vcxo_ctrl/inst/clkgen/CLKOUT1                                | i_system_wrapper/system_i/axi_vcxo_ctrl/inst/clk_40M                                   |
| src8      | g7        | BUFR/O             | None       | BUFR_X1Y9       | X1Y2         |           1 |               0 |             400.000 | gmii_clk_2_5m_out | i_system_wrapper/system_i/sys_rgmii/U0/i_system_sys_rgmii_0_clocking/clk10_div_buf/O       | i_system_wrapper/system_i/sys_rgmii/U0/i_system_sys_rgmii_0_clocking/gmii_clk_2_5m_out |
| src9      | g8        | MMCME2_ADV/CLKOUT2 | None       | MMCME2_ADV_X1Y2 | X1Y2         |           1 |               0 |             100.000 | clk_10            | i_system_wrapper/system_i/sys_rgmii/U0/i_system_sys_rgmii_0_clocking/mmcm_adv_inst/CLKOUT2 | i_system_wrapper/system_i/sys_rgmii/U0/i_system_sys_rgmii_0_clocking/clk_10            |
+-----------+-----------+--------------------+------------+-----------------+--------------+-------------+-----------------+---------------------+-------------------+--------------------------------------------------------------------------------------------+----------------------------------------------------------------------------------------+
* Clock Loads column represents cell count of net connects that connect to a clock pin. Internal cell leaf pins are not considered
** Non-Clock Loads column represents cell count of non-clock pin loads


4. Clock Regions: Key Resource Utilization
------------------------------------------

+-------------------+--------------+--------------+--------------+--------------+--------------+--------------+--------------+--------------+--------------+--------------+---------------+--------------+--------------+--------------+--------------+
|                   | Global Clock |     BUFRs    |    BUFMRs    |    BUFIOs    |     MMCM     |      PLL     |      GT      |      PCI     |    ILOGIC    |    OLOGIC    |       FF      |     LUTM     |    RAMB18    |    RAMB36    |    DSP48E2   |
+-------------------+------+-------+------+-------+------+-------+------+-------+------+-------+------+-------+------+-------+------+-------+------+-------+------+-------+-------+-------+------+-------+------+-------+------+-------+------+-------+
| Clock Region Name | Used | Avail | Used | Avail | Used | Avail | Used | Avail | Used | Avail | Used | Avail | Used | Avail | Used | Avail | Used | Avail | Used | Avail | Used  | Avail | Used | Avail | Used | Avail | Used | Avail | Used | Avail |
+-------------------+------+-------+------+-------+------+-------+------+-------+------+-------+------+-------+------+-------+------+-------+------+-------+------+-------+-------+-------+------+-------+------+-------+------+-------+------+-------+
| X0Y0              |    2 |    12 |    0 |     4 |    0 |     2 |    0 |     4 |    0 |     1 |    0 |     1 |    0 |     0 |    0 |     0 |    0 |    50 |    0 |    50 | 13573 |  2500 | 7102 |  1000 |    0 |    60 |    2 |    30 |   50 |    60 |
| X1Y0              |    2 |    12 |    0 |     4 |    0 |     2 |    0 |     4 |    0 |     1 |    0 |     1 |    0 |     0 |    0 |     0 |    0 |    50 |    0 |    50 | 14128 |  3200 | 4413 |   850 |    0 |    60 |    0 |    30 |   20 |    40 |
| X0Y1              |    3 |    12 |    0 |     0 |    0 |     0 |    0 |     0 |    0 |     0 |    0 |     0 |    0 |     0 |    0 |     0 |    0 |     0 |    0 |     0 |  5195 |  1200 | 1716 |   400 |    0 |    20 |   10 |    10 |    2 |    20 |
| X1Y1              |    5 |    12 |    0 |     4 |    0 |     2 |    0 |     4 |    0 |     1 |    0 |     1 |    0 |     0 |    0 |     0 |   13 |    50 |   16 |    50 | 11056 |  2600 | 3651 |   850 |    0 |    60 |    6 |    30 |    0 |    40 |
| X0Y2              |    4 |    12 |    0 |     0 |    0 |     0 |    0 |     0 |    0 |     0 |    0 |     0 |    0 |     0 |    0 |     0 |    0 |     0 |    0 |     0 |  5840 |  1200 | 2496 |   400 |    1 |    20 |    1 |    10 |   12 |    20 |
| X1Y2              |    6 |    12 |    1 |     4 |    0 |     2 |    1 |     4 |    1 |     1 |    0 |     1 |    0 |     0 |    0 |     0 |    5 |    50 |    6 |    50 | 10627 |  2600 | 3516 |   850 |    1 |    60 |    3 |    30 |    0 |    40 |
+-------------------+------+-------+------+-------+------+-------+------+-------+------+-------+------+-------+------+-------+------+-------+------+-------+------+-------+-------+-------+------+-------+------+-------+------+-------+------+-------+
* Global Clock column represents track count; while other columns represents cell counts


5. Clock Regions : Global Clock Summary
---------------------------------------

All Modules
+----+----+----+
|    | X0 | X1 |
+----+----+----+
| Y2 |  0 |  0 |
| Y1 |  0 |  0 |
| Y0 |  0 |  0 |
+----+----+----+


6. Device Cell Placement Summary for Global Clock g0
----------------------------------------------------

+-----------+-----------------+-------------------+--------+-------------+---------------+-------------+----------+----------------+----------+--------------------------------------------------------------+
| Global Id | Driver Type/Pin | Driver Region (D) | Clock  | Period (ns) | Waveform (ns) | Slice Loads | IO Loads | Clocking Loads | GT Loads | Net                                                          |
+-----------+-----------------+-------------------+--------+-------------+---------------+-------------+----------+----------------+----------+--------------------------------------------------------------+
| g0        | BUFG/O          | n/a               | rx_clk |      16.270 | {0.000 8.135} |       53774 |        0 |              0 |        0 | i_system_wrapper/system_i/axi_ad9361/inst/i_dev_if/i_clk/clk |
+-----------+-----------------+-------------------+--------+-------------+---------------+-------------+----------+----------------+----------+--------------------------------------------------------------+
* Slice Loads column represents load cell count of all cell types other than IO, GT and clock resources
** IO Loads column represents load cell count of IO types
*** Clocking Loads column represents load cell count that are clock resources (global clock buffer, MMCM, PLL, etc)
**** GT Loads column represents load cell count of GT types


+----+-------+--------+-----------------------+
|    | X0    | X1     | HORIZONTAL PROG DELAY |
+----+-------+--------+-----------------------+
| Y2 |  6482 |  10507 |                     0 |
| Y1 |  2002 |  10878 |                     0 |
| Y0 |  9887 |  14018 |                     0 |
+----+-------+--------+-----------------------+


7. Device Cell Placement Summary for Global Clock g1
----------------------------------------------------

+-----------+-----------------+-------------------+------------+-------------+---------------+-------------+----------+----------------+----------+--------------------------------------------------+
| Global Id | Driver Type/Pin | Driver Region (D) | Clock      | Period (ns) | Waveform (ns) | Slice Loads | IO Loads | Clocking Loads | GT Loads | Net                                              |
+-----------+-----------------+-------------------+------------+-------------+---------------+-------------+----------+----------------+----------+--------------------------------------------------+
| g1        | BUFG/O          | n/a               | clk_fpga_0 |      10.000 | {0.000 5.000} |        8867 |        0 |              0 |        0 | i_system_wrapper/system_i/sys_ps7/inst/FCLK_CLK0 |
+-----------+-----------------+-------------------+------------+-------------+---------------+-------------+----------+----------------+----------+--------------------------------------------------+
* Slice Loads column represents load cell count of all cell types other than IO, GT and clock resources
** IO Loads column represents load cell count of IO types
*** Clocking Loads column represents load cell count that are clock resources (global clock buffer, MMCM, PLL, etc)
**** GT Loads column represents load cell count of GT types


+----+-------+------+-----------------------+
|    | X0    | X1   | HORIZONTAL PROG DELAY |
+----+-------+------+-----------------------+
| Y2 |   180 |    9 |                     0 |
| Y1 |  2913 |  143 |                     0 |
| Y0 |  5038 |  584 |                     0 |
+----+-------+------+-----------------------+


8. Device Cell Placement Summary for Global Clock g2
----------------------------------------------------

+-----------+-----------------+-------------------+-------+-------------+---------------+-------------+----------+----------------+----------+------------------------------------------------------------+
| Global Id | Driver Type/Pin | Driver Region (D) | Clock | Period (ns) | Waveform (ns) | Slice Loads | IO Loads | Clocking Loads | GT Loads | Net                                                        |
+-----------+-----------------+-------------------+-------+-------------+---------------+-------------+----------+----------------+----------+------------------------------------------------------------+
| g2        | BUFG/O          | n/a               |       |             |               |         437 |        0 |              0 |        0 | i_system_wrapper/system_i/axi_vcxo_ctrl/inst/clk_200M_BUFG |
+-----------+-----------------+-------------------+-------+-------------+---------------+-------------+----------+----------------+----------+------------------------------------------------------------+
* Slice Loads column represents load cell count of all cell types other than IO, GT and clock resources
** IO Loads column represents load cell count of IO types
*** Clocking Loads column represents load cell count that are clock resources (global clock buffer, MMCM, PLL, etc)
**** GT Loads column represents load cell count of GT types


+----+------+-----+-----------------------+
|    | X0   | X1  | HORIZONTAL PROG DELAY |
+----+------+-----+-----------------------+
| Y2 |    0 |   0 |                     - |
| Y1 |  353 |  84 |                     0 |
| Y0 |    0 |   0 |                     - |
+----+------+-----+-----------------------+


9. Device Cell Placement Summary for Global Clock g3
----------------------------------------------------

+-----------+-----------------+-------------------+------------+-------------+---------------+-------------+----------+----------------+----------+--------------------------------------------------+
| Global Id | Driver Type/Pin | Driver Region (D) | Clock      | Period (ns) | Waveform (ns) | Slice Loads | IO Loads | Clocking Loads | GT Loads | Net                                              |
+-----------+-----------------+-------------------+------------+-------------+---------------+-------------+----------+----------------+----------+--------------------------------------------------+
| g3        | BUFG/O          | n/a               | clk_fpga_1 |       5.000 | {0.000 2.500} |         212 |        0 |              1 |        0 | i_system_wrapper/system_i/sys_ps7/inst/FCLK_CLK1 |
+-----------+-----------------+-------------------+------------+-------------+---------------+-------------+----------+----------------+----------+--------------------------------------------------+
* Slice Loads column represents load cell count of all cell types other than IO, GT and clock resources
** IO Loads column represents load cell count of IO types
*** Clocking Loads column represents load cell count that are clock resources (global clock buffer, MMCM, PLL, etc)
**** GT Loads column represents load cell count of GT types


+----+----+------+-----------------------+
|    | X0 | X1   | HORIZONTAL PROG DELAY |
+----+----+------+-----------------------+
| Y2 |  0 |  207 |                     0 |
| Y1 |  0 |    6 |                     0 |
| Y0 |  0 |    0 |                     - |
+----+----+------+-----------------------+


10. Device Cell Placement Summary for Global Clock g4
-----------------------------------------------------

+-----------+-----------------+-------------------+-------------------+-------------+---------------+-------------+----------+----------------+----------+--------------------------------------------------------------------------+
| Global Id | Driver Type/Pin | Driver Region (D) | Clock             | Period (ns) | Waveform (ns) | Slice Loads | IO Loads | Clocking Loads | GT Loads | Net                                                                      |
+-----------+-----------------+-------------------+-------------------+-------------+---------------+-------------+----------+----------------+----------+--------------------------------------------------------------------------+
| g4        | BUFGCTRL/O      | n/a               | gmii_clk_125m_out |       8.000 | {0.000 4.000} |          47 |        0 |              0 |        0 | i_system_wrapper/system_i/sys_rgmii/U0/i_gmii_to_rgmii_block/gmii_tx_clk |
+-----------+-----------------+-------------------+-------------------+-------------+---------------+-------------+----------+----------------+----------+--------------------------------------------------------------------------+
* Slice Loads column represents load cell count of all cell types other than IO, GT and clock resources
** IO Loads column represents load cell count of IO types
*** Clocking Loads column represents load cell count that are clock resources (global clock buffer, MMCM, PLL, etc)
**** GT Loads column represents load cell count of GT types


+----+----+-----+-----------------------+
|    | X0 | X1  | HORIZONTAL PROG DELAY |
+----+----+-----+-----------------------+
| Y2 |  4 |  43 |                     0 |
| Y1 |  0 |   0 |                     - |
| Y0 |  0 |   0 |                     - |
+----+----+-----+-----------------------+


11. Device Cell Placement Summary for Global Clock g5
-----------------------------------------------------

+-----------+-----------------+-------------------+-----------+-------------+---------------+-------------+----------+----------------+----------+--------------------------------------------------------------------------------------------------------------------------------------------------------------------------------------------+
| Global Id | Driver Type/Pin | Driver Region (D) | Clock     | Period (ns) | Waveform (ns) | Slice Loads | IO Loads | Clocking Loads | GT Loads | Net                                                                                                                                                                                        |
+-----------+-----------------+-------------------+-----------+-------------+---------------+-------------+----------+----------------+----------+--------------------------------------------------------------------------------------------------------------------------------------------------------------------------------------------+
| g5        | BUFG/O          | n/a               | RGMII_rxc |       8.000 | {0.000 4.000} |          13 |        0 |              0 |        0 | i_system_wrapper/system_i/sys_rgmii/U0/i_gmii_to_rgmii_block/system_sys_rgmii_0_core/i_gmii_to_rgmii/gmii_to_rgmii_core_non_versal.i_gmii_to_rgmii/gen_rgmii_rx_clk_zq.bufg_rgmii_rx_clk_0 |
+-----------+-----------------+-------------------+-----------+-------------+---------------+-------------+----------+----------------+----------+--------------------------------------------------------------------------------------------------------------------------------------------------------------------------------------------+
* Slice Loads column represents load cell count of all cell types other than IO, GT and clock resources
** IO Loads column represents load cell count of IO types
*** Clocking Loads column represents load cell count that are clock resources (global clock buffer, MMCM, PLL, etc)
**** GT Loads column represents load cell count of GT types


+----+----+----+-----------------------+
|    | X0 | X1 | HORIZONTAL PROG DELAY |
+----+----+----+-----------------------+
| Y2 |  8 |  5 |                     0 |
| Y1 |  0 |  0 |                     - |
| Y0 |  0 |  0 |                     - |
+----+----+----+-----------------------+


12. Device Cell Placement Summary for Global Clock g6
-----------------------------------------------------

+-----------+-----------------+-------------------+-------+-------------+---------------+-------------+----------+----------------+----------+-----------------------------------------------------------+
| Global Id | Driver Type/Pin | Driver Region (D) | Clock | Period (ns) | Waveform (ns) | Slice Loads | IO Loads | Clocking Loads | GT Loads | Net                                                       |
+-----------+-----------------+-------------------+-------+-------------+---------------+-------------+----------+----------------+----------+-----------------------------------------------------------+
| g6        | BUFG/O          | n/a               |       |             |               |           1 |        0 |              0 |        0 | i_system_wrapper/system_i/axi_vcxo_ctrl/inst/clk_40M_BUFG |
+-----------+-----------------+-------------------+-------+-------------+---------------+-------------+----------+----------------+----------+-----------------------------------------------------------+
* Slice Loads column represents load cell count of all cell types other than IO, GT and clock resources
** IO Loads column represents load cell count of IO types
*** Clocking Loads column represents load cell count that are clock resources (global clock buffer, MMCM, PLL, etc)
**** GT Loads column represents load cell count of GT types


+----+----+----+-----------------------+
|    | X0 | X1 | HORIZONTAL PROG DELAY |
+----+----+----+-----------------------+
| Y2 |  0 |  0 |                     - |
| Y1 |  0 |  1 |                     0 |
| Y0 |  0 |  0 |                     - |
+----+----+----+-----------------------+


13. Device Cell Placement Summary for Global Clock g7
-----------------------------------------------------

+-----------+-----------------+-------------------+----------+-------------+----------------+-------------+----------+----------------+----------+-----------------------------------------------------------------------------------+
| Global Id | Driver Type/Pin | Driver Region (D) | Clock    | Period (ns) | Waveform (ns)  | Slice Loads | IO Loads | Clocking Loads | GT Loads | Net                                                                               |
+-----------+-----------------+-------------------+----------+-------------+----------------+-------------+----------+----------------+----------+-----------------------------------------------------------------------------------+
| g7        | BUFGCTRL/O      | n/a               | Multiple |      40.000 | {0.000 20.000} |           0 |        0 |              1 |        0 | i_system_wrapper/system_i/sys_rgmii/U0/i_gmii_to_rgmii_block/gmii_clk_25m_or_2_5m |
+-----------+-----------------+-------------------+----------+-------------+----------------+-------------+----------+----------------+----------+-----------------------------------------------------------------------------------+
* Slice Loads column represents load cell count of all cell types other than IO, GT and clock resources
** IO Loads column represents load cell count of IO types
*** Clocking Loads column represents load cell count that are clock resources (global clock buffer, MMCM, PLL, etc)
**** GT Loads column represents load cell count of GT types


+----+----+----+-----------------------+
|    | X0 | X1 | HORIZONTAL PROG DELAY |
+----+----+----+-----------------------+
| Y2 |  0 |  0 |                     - |
| Y1 |  0 |  0 |                     - |
| Y0 |  0 |  0 |                     - |
+----+----+----+-----------------------+


14. Device Cell Placement Summary for Global Clock g8
-----------------------------------------------------

+-----------+-----------------+-------------------+-------------------+-------------+-----------------+-------------+----------+----------------+----------+----------------------------------------------------------------------------------------+
| Global Id | Driver Type/Pin | Driver Region (D) | Clock             | Period (ns) | Waveform (ns)   | Slice Loads | IO Loads | Clocking Loads | GT Loads | Net                                                                                    |
+-----------+-----------------+-------------------+-------------------+-------------+-----------------+-------------+----------+----------------+----------+----------------------------------------------------------------------------------------+
| g8        | BUFR/O          | X1Y2              | gmii_clk_2_5m_out |     400.000 | {0.000 200.000} |           0 |        0 |              1 |        0 | i_system_wrapper/system_i/sys_rgmii/U0/i_system_sys_rgmii_0_clocking/gmii_clk_2_5m_out |
+-----------+-----------------+-------------------+-------------------+-------------+-----------------+-------------+----------+----------------+----------+----------------------------------------------------------------------------------------+
* Slice Loads column represents load cell count of all cell types other than IO, GT and clock resources
** IO Loads column represents load cell count of IO types
*** Clocking Loads column represents load cell count that are clock resources (global clock buffer, MMCM, PLL, etc)
**** GT Loads column represents load cell count of GT types


+----+----+--------+-----------------------+
|    | X0 | X1     | HORIZONTAL PROG DELAY |
+----+----+--------+-----------------------+
| Y2 |  0 |  (D) 0 |                     - |
| Y1 |  0 |      0 |                     - |
| Y0 |  0 |      0 |                     - |
+----+----+--------+-----------------------+


15. Clock Region Cell Placement per Global Clock: Region X0Y0
-------------------------------------------------------------

+-----------+-------+-----------------+------------+-------------+-----------------+------+-------------+------+-----+----+------+-----+---------+--------------------------------------------------------------+
| Global Id | Track | Driver Type/Pin | Constraint | Clock Loads | Non-Clock Loads | FF   | Memory LUTs | RAMB | DSP | GT | MMCM | PLL | Hard IP | Net                                                          |
+-----------+-------+-----------------+------------+-------------+-----------------+------+-------------+------+-----+----+------+-----+---------+--------------------------------------------------------------+
| g0        | n/a   | BUFG/O          | None       |        9887 |               0 | 8537 |        1298 |    2 |  50 |  0 |    0 |   0 |       0 | i_system_wrapper/system_i/axi_ad9361/inst/i_dev_if/i_clk/clk |
| g1        | n/a   | BUFG/O          | None       |        5038 |               0 | 5036 |           0 |    2 |   0 |  0 |    0 |   0 |       0 | i_system_wrapper/system_i/sys_ps7/inst/FCLK_CLK0             |
+-----------+-------+-----------------+------------+-------------+-----------------+------+-------------+------+-----+----+------+-----+---------+--------------------------------------------------------------+
* Clock Loads column represents cell count of net connects that connect to a clock pin. Internal cell leaf pins are not considered
** Non-Clock Loads column represents cell count of non-clock pin loads
*** Columns FF, LUTRAM, RAMB through 'Hard IP' represents load cell counts


16. Clock Region Cell Placement per Global Clock: Region X1Y0
-------------------------------------------------------------

+-----------+-------+-----------------+------------+-------------+-----------------+-------+-------------+------+-----+----+------+-----+---------+--------------------------------------------------------------+
| Global Id | Track | Driver Type/Pin | Constraint | Clock Loads | Non-Clock Loads | FF    | Memory LUTs | RAMB | DSP | GT | MMCM | PLL | Hard IP | Net                                                          |
+-----------+-------+-----------------+------------+-------------+-----------------+-------+-------------+------+-----+----+------+-----+---------+--------------------------------------------------------------+
| g0        | n/a   | BUFG/O          | None       |       14018 |               0 | 13544 |         454 |    0 |  20 |  0 |    0 |   0 |       0 | i_system_wrapper/system_i/axi_ad9361/inst/i_dev_if/i_clk/clk |
| g1        | n/a   | BUFG/O          | None       |         584 |               0 |   584 |           0 |    0 |   0 |  0 |    0 |   0 |       0 | i_system_wrapper/system_i/sys_ps7/inst/FCLK_CLK0             |
+-----------+-------+-----------------+------------+-------------+-----------------+-------+-------------+------+-----+----+------+-----+---------+--------------------------------------------------------------+
* Clock Loads column represents cell count of net connects that connect to a clock pin. Internal cell leaf pins are not considered
** Non-Clock Loads column represents cell count of non-clock pin loads
*** Columns FF, LUTRAM, RAMB through 'Hard IP' represents load cell counts


17. Clock Region Cell Placement per Global Clock: Region X0Y1
-------------------------------------------------------------

+-----------+-------+-----------------+------------+-------------+-----------------+------+-------------+------+-----+----+------+-----+---------+--------------------------------------------------------------+
| Global Id | Track | Driver Type/Pin | Constraint | Clock Loads | Non-Clock Loads | FF   | Memory LUTs | RAMB | DSP | GT | MMCM | PLL | Hard IP | Net                                                          |
+-----------+-------+-----------------+------------+-------------+-----------------+------+-------------+------+-----+----+------+-----+---------+--------------------------------------------------------------+
| g0        | n/a   | BUFG/O          | None       |        2002 |               0 | 1992 |           0 |    8 |   2 |  0 |    0 |   0 |       0 | i_system_wrapper/system_i/axi_ad9361/inst/i_dev_if/i_clk/clk |
| g1        | n/a   | BUFG/O          | None       |        2913 |               0 | 2850 |          53 |   10 |   0 |  0 |    0 |   0 |       0 | i_system_wrapper/system_i/sys_ps7/inst/FCLK_CLK0             |
| g2        | n/a   | BUFG/O          | None       |         353 |               0 |  353 |           0 |    0 |   0 |  0 |    0 |   0 |       0 | i_system_wrapper/system_i/axi_vcxo_ctrl/inst/clk_200M_BUFG   |
+-----------+-------+-----------------+------------+-------------+-----------------+------+-------------+------+-----+----+------+-----+---------+--------------------------------------------------------------+
* Clock Loads column represents cell count of net connects that connect to a clock pin. Internal cell leaf pins are not considered
** Non-Clock Loads column represents cell count of non-clock pin loads
*** Columns FF, LUTRAM, RAMB through 'Hard IP' represents load cell counts


18. Clock Region Cell Placement per Global Clock: Region X1Y1
-------------------------------------------------------------

+-----------+-------+-----------------+------------+-------------+-----------------+-------+-------------+------+-----+----+------+-----+---------+--------------------------------------------------------------+
| Global Id | Track | Driver Type/Pin | Constraint | Clock Loads | Non-Clock Loads | FF    | Memory LUTs | RAMB | DSP | GT | MMCM | PLL | Hard IP | Net                                                          |
+-----------+-------+-----------------+------------+-------------+-----------------+-------+-------------+------+-----+----+------+-----+---------+--------------------------------------------------------------+
| g0        | n/a   | BUFG/O          | None       |       10878 |               0 | 10843 |           0 |    6 |   0 |  0 |    0 |   0 |       0 | i_system_wrapper/system_i/axi_ad9361/inst/i_dev_if/i_clk/clk |
| g1        | n/a   | BUFG/O          | None       |         143 |               0 |   125 |           0 |    5 |   0 |  0 |    0 |   0 |       0 | i_system_wrapper/system_i/sys_ps7/inst/FCLK_CLK0             |
| g2        | n/a   | BUFG/O          | None       |          84 |               0 |    82 |           2 |    0 |   0 |  0 |    0 |   0 |       0 | i_system_wrapper/system_i/axi_vcxo_ctrl/inst/clk_200M_BUFG   |
| g3        | n/a   | BUFG/O          | None       |           6 |               0 |     5 |           0 |    0 |   0 |  0 |    0 |   0 |       0 | i_system_wrapper/system_i/sys_ps7/inst/FCLK_CLK1             |
| g6        | n/a   | BUFG/O          | None       |           1 |               0 |     1 |           0 |    0 |   0 |  0 |    0 |   0 |       0 | i_system_wrapper/system_i/axi_vcxo_ctrl/inst/clk_40M_BUFG    |
+-----------+-------+-----------------+------------+-------------+-----------------+-------+-------------+------+-----+----+------+-----+---------+--------------------------------------------------------------+
* Clock Loads column represents cell count of net connects that connect to a clock pin. Internal cell leaf pins are not considered
** Non-Clock Loads column represents cell count of non-clock pin loads
*** Columns FF, LUTRAM, RAMB through 'Hard IP' represents load cell counts


19. Clock Region Cell Placement per Global Clock: Region X0Y2
-------------------------------------------------------------

+-----------+-------+-----------------+------------+-------------+-----------------+------+-------------+------+-----+----+------+-----+---------+--------------------------------------------------------------------------------------------------------------------------------------------------------------------------------------------+
| Global Id | Track | Driver Type/Pin | Constraint | Clock Loads | Non-Clock Loads | FF   | Memory LUTs | RAMB | DSP | GT | MMCM | PLL | Hard IP | Net                                                                                                                                                                                        |
+-----------+-------+-----------------+------------+-------------+-----------------+------+-------------+------+-----+----+------+-----+---------+--------------------------------------------------------------------------------------------------------------------------------------------------------------------------------------------+
| g0        | n/a   | BUFG/O          | None       |        6482 |               0 | 5666 |         798 |    2 |  12 |  0 |    0 |   0 |       0 | i_system_wrapper/system_i/axi_ad9361/inst/i_dev_if/i_clk/clk                                                                                                                               |
| g1        | n/a   | BUFG/O          | None       |         180 |               0 |  164 |          13 |    1 |   0 |  0 |    0 |   0 |       0 | i_system_wrapper/system_i/sys_ps7/inst/FCLK_CLK0                                                                                                                                           |
| g4        | n/a   | BUFGCTRL/O      | None       |           4 |               0 |    3 |           0 |    0 |   0 |  0 |    0 |   0 |       0 | i_system_wrapper/system_i/sys_rgmii/U0/i_gmii_to_rgmii_block/gmii_tx_clk                                                                                                                   |
| g5        | n/a   | BUFG/O          | None       |           8 |               0 |    7 |           0 |    0 |   0 |  0 |    0 |   0 |       0 | i_system_wrapper/system_i/sys_rgmii/U0/i_gmii_to_rgmii_block/system_sys_rgmii_0_core/i_gmii_to_rgmii/gmii_to_rgmii_core_non_versal.i_gmii_to_rgmii/gen_rgmii_rx_clk_zq.bufg_rgmii_rx_clk_0 |
+-----------+-------+-----------------+------------+-------------+-----------------+------+-------------+------+-----+----+------+-----+---------+--------------------------------------------------------------------------------------------------------------------------------------------------------------------------------------------+
* Clock Loads column represents cell count of net connects that connect to a clock pin. Internal cell leaf pins are not considered
** Non-Clock Loads column represents cell count of non-clock pin loads
*** Columns FF, LUTRAM, RAMB through 'Hard IP' represents load cell counts


20. Clock Region Cell Placement per Global Clock: Region X1Y2
-------------------------------------------------------------

+-----------+-------+-----------------+------------+-------------+-----------------+-------+-------------+------+-----+----+------+-----+---------+--------------------------------------------------------------------------------------------------------------------------------------------------------------------------------------------+
| Global Id | Track | Driver Type/Pin | Constraint | Clock Loads | Non-Clock Loads | FF    | Memory LUTs | RAMB | DSP | GT | MMCM | PLL | Hard IP | Net                                                                                                                                                                                        |
+-----------+-------+-----------------+------------+-------------+-----------------+-------+-------------+------+-----+----+------+-----+---------+--------------------------------------------------------------------------------------------------------------------------------------------------------------------------------------------+
| g0        | n/a   | BUFG/O          | None       |       10507 |               0 | 10372 |         130 |    4 |   0 |  0 |    0 |   0 |       0 | i_system_wrapper/system_i/axi_ad9361/inst/i_dev_if/i_clk/clk                                                                                                                               |
| g1        | n/a   | BUFG/O          | None       |           9 |               0 |     8 |           1 |    0 |   0 |  0 |    0 |   0 |       0 | i_system_wrapper/system_i/sys_ps7/inst/FCLK_CLK0                                                                                                                                           |
| g3        | n/a   | BUFG/O          | None       |         207 |               0 |   205 |           0 |    0 |   0 |  0 |    1 |   0 |       0 | i_system_wrapper/system_i/sys_ps7/inst/FCLK_CLK1                                                                                                                                           |
| g4        | n/a   | BUFGCTRL/O      | None       |          43 |               0 |    37 |           0 |    0 |   0 |  0 |    0 |   0 |       0 | i_system_wrapper/system_i/sys_rgmii/U0/i_gmii_to_rgmii_block/gmii_tx_clk                                                                                                                   |
| g5        | n/a   | BUFG/O          | None       |           5 |               0 |     5 |           0 |    0 |   0 |  0 |    0 |   0 |       0 | i_system_wrapper/system_i/sys_rgmii/U0/i_gmii_to_rgmii_block/system_sys_rgmii_0_core/i_gmii_to_rgmii/gmii_to_rgmii_core_non_versal.i_gmii_to_rgmii/gen_rgmii_rx_clk_zq.bufg_rgmii_rx_clk_0 |
+-----------+-------+-----------------+------------+-------------+-----------------+-------+-------------+------+-----+----+------+-----+---------+--------------------------------------------------------------------------------------------------------------------------------------------------------------------------------------------+
* Clock Loads column represents cell count of net connects that connect to a clock pin. Internal cell leaf pins are not considered
** Non-Clock Loads column represents cell count of non-clock pin loads
*** Columns FF, LUTRAM, RAMB through 'Hard IP' represents load cell counts



# Location of BUFG Primitives 
set_property LOC BUFGCTRL_X0Y21 [get_cells i_system_wrapper/system_i/sys_rgmii/U0/i_gmii_to_rgmii_block/system_sys_rgmii_0_core/i_gmii_to_rgmii/gmii_to_rgmii_core_non_versal.i_gmii_to_rgmii/gen_rgmii_rx_clk_zq.bufg_rgmii_rx_clk]
set_property LOC BUFGCTRL_X0Y16 [get_cells i_system_wrapper/system_i/sys_rgmii/U0/i_gmii_to_rgmii_block/i_bufgmux_gmii_clk]
set_property LOC BUFGCTRL_X0Y17 [get_cells i_system_wrapper/system_i/sys_rgmii/U0/i_gmii_to_rgmii_block/i_bufgmux_gmii_clk_25m_2_5m]
set_property LOC BUFGCTRL_X0Y20 [get_cells i_system_wrapper/system_i/sys_ps7/inst/buffer_fclk_clk_1.FCLK_CLK_1_BUFG]
set_property LOC BUFGCTRL_X0Y19 [get_cells i_system_wrapper/system_i/sys_ps7/inst/buffer_fclk_clk_0.FCLK_CLK_0_BUFG]
set_property LOC BUFGCTRL_X0Y23 [get_cells i_system_wrapper/system_i/axi_vcxo_ctrl/inst/clk_40M_BUFG_inst]
set_property LOC BUFGCTRL_X0Y22 [get_cells i_system_wrapper/system_i/axi_vcxo_ctrl/inst/clk_200M_BUFG_inst]
set_property LOC BUFGCTRL_X0Y18 [get_cells i_system_wrapper/system_i/axi_ad9361/inst/i_dev_if/i_clk/i_clk_gbuf]

# Location of BUFIO Primitives 
set_property LOC BUFIO_X1Y9 [get_cells i_system_wrapper/system_i/sys_rgmii/U0/i_gmii_to_rgmii_block/system_sys_rgmii_0_core/i_gmii_to_rgmii/gmii_to_rgmii_core_non_versal.i_gmii_to_rgmii/gen_rgmii_rx_clk_zq.bufio_rgmii_rx_clk]

# Location of BUFR Primitives 
set_property LOC BUFR_X1Y9 [get_cells i_system_wrapper/system_i/sys_rgmii/U0/i_system_sys_rgmii_0_clocking/clk10_div_buf]

# Location of IO Primitives which is load of clock spine

# Location of clock ports
set_property LOC IOB_X1Y126 [get_ports CLK_40MHz_FPGA]
set_property LOC IOB_X1Y124 [get_ports RGMII_rxc]
set_property LOC IOB_X1Y72 [get_ports rx_clk_in]

# Clock net "i_system_wrapper/system_i/sys_rgmii/U0/i_gmii_to_rgmii_block/system_sys_rgmii_0_core/i_gmii_to_rgmii/gmii_to_rgmii_core_non_versal.i_gmii_to_rgmii/gen_rgmii_rx_clk_zq.bufg_rgmii_rx_clk_0" driven by instance "i_system_wrapper/system_i/sys_rgmii/U0/i_gmii_to_rgmii_block/system_sys_rgmii_0_core/i_gmii_to_rgmii/gmii_to_rgmii_core_non_versal.i_gmii_to_rgmii/gen_rgmii_rx_clk_zq.bufg_rgmii_rx_clk" located at site "BUFGCTRL_X0Y21"
#startgroup
create_pblock {CLKAG_i_system_wrapper/system_i/sys_rgmii/U0/i_gmii_to_rgmii_block/system_sys_rgmii_0_core/i_gmii_to_rgmii/gmii_to_rgmii_core_non_versal.i_gmii_to_rgmii/gen_rgmii_rx_clk_zq.bufg_rgmii_rx_clk_0}
add_cells_to_pblock [get_pblocks  {CLKAG_i_system_wrapper/system_i/sys_rgmii/U0/i_gmii_to_rgmii_block/system_sys_rgmii_0_core/i_gmii_to_rgmii/gmii_to_rgmii_core_non_versal.i_gmii_to_rgmii/gen_rgmii_rx_clk_zq.bufg_rgmii_rx_clk_0}] [get_cells -filter { PRIMITIVE_GROUP != I/O && IS_PRIMITIVE==1 && PRIMITIVE_LEVEL !=INTERNAL } -of_object [get_pins -filter {DIRECTION==IN} -of_objects [get_nets -hierarchical -filter {PARENT=="i_system_wrapper/system_i/sys_rgmii/U0/i_gmii_to_rgmii_block/system_sys_rgmii_0_core/i_gmii_to_rgmii/gmii_to_rgmii_core_non_versal.i_gmii_to_rgmii/gen_rgmii_rx_clk_zq.bufg_rgmii_rx_clk_0"}]]]
resize_pblock [get_pblocks {CLKAG_i_system_wrapper/system_i/sys_rgmii/U0/i_gmii_to_rgmii_block/system_sys_rgmii_0_core/i_gmii_to_rgmii/gmii_to_rgmii_core_non_versal.i_gmii_to_rgmii/gen_rgmii_rx_clk_zq.bufg_rgmii_rx_clk_0}] -add {CLOCKREGION_X0Y2:CLOCKREGION_X0Y2 CLOCKREGION_X1Y2:CLOCKREGION_X1Y2}
#endgroup

# Clock net "i_system_wrapper/system_i/sys_rgmii/U0/i_gmii_to_rgmii_block/gmii_tx_clk" driven by instance "i_system_wrapper/system_i/sys_rgmii/U0/i_gmii_to_rgmii_block/i_bufgmux_gmii_clk" located at site "BUFGCTRL_X0Y16"
#startgroup
create_pblock {CLKAG_i_system_wrapper/system_i/sys_rgmii/U0/i_gmii_to_rgmii_block/gmii_tx_clk}
add_cells_to_pblock [get_pblocks  {CLKAG_i_system_wrapper/system_i/sys_rgmii/U0/i_gmii_to_rgmii_block/gmii_tx_clk}] [get_cells -filter { PRIMITIVE_GROUP != I/O && IS_PRIMITIVE==1 && PRIMITIVE_LEVEL !=INTERNAL } -of_object [get_pins -filter {DIRECTION==IN} -of_objects [get_nets -hierarchical -filter {PARENT=="i_system_wrapper/system_i/sys_rgmii/U0/i_gmii_to_rgmii_block/gmii_tx_clk"}]]]
resize_pblock [get_pblocks {CLKAG_i_system_wrapper/system_i/sys_rgmii/U0/i_gmii_to_rgmii_block/gmii_tx_clk}] -add {CLOCKREGION_X0Y2:CLOCKREGION_X0Y2 CLOCKREGION_X1Y2:CLOCKREGION_X1Y2}
#endgroup

# Clock net "i_system_wrapper/system_i/sys_ps7/inst/FCLK_CLK1" driven by instance "i_system_wrapper/system_i/sys_ps7/inst/buffer_fclk_clk_1.FCLK_CLK_1_BUFG" located at site "BUFGCTRL_X0Y20"
#startgroup
create_pblock {CLKAG_i_system_wrapper/system_i/sys_ps7/inst/FCLK_CLK1}
add_cells_to_pblock [get_pblocks  {CLKAG_i_system_wrapper/system_i/sys_ps7/inst/FCLK_CLK1}] [get_cells -filter { PRIMITIVE_GROUP != I/O && IS_PRIMITIVE==1 && PRIMITIVE_LEVEL !=INTERNAL && NAME!=i_system_wrapper/system_i/sys_rgmii/U0/i_system_sys_rgmii_0_clocking/mmcm_adv_inst} -of_object [get_pins -filter {DIRECTION==IN} -of_objects [get_nets -hierarchical -filter {PARENT=="i_system_wrapper/system_i/sys_ps7/inst/FCLK_CLK1"}]]]
resize_pblock [get_pblocks {CLKAG_i_system_wrapper/system_i/sys_ps7/inst/FCLK_CLK1}] -add {CLOCKREGION_X1Y1:CLOCKREGION_X1Y1 CLOCKREGION_X1Y2:CLOCKREGION_X1Y2}
#endgroup

# Clock net "i_system_wrapper/system_i/sys_ps7/inst/FCLK_CLK0" driven by instance "i_system_wrapper/system_i/sys_ps7/inst/buffer_fclk_clk_0.FCLK_CLK_0_BUFG" located at site "BUFGCTRL_X0Y19"
#startgroup
create_pblock {CLKAG_i_system_wrapper/system_i/sys_ps7/inst/FCLK_CLK0}
add_cells_to_pblock [get_pblocks  {CLKAG_i_system_wrapper/system_i/sys_ps7/inst/FCLK_CLK0}] [get_cells -filter { PRIMITIVE_GROUP != I/O && IS_PRIMITIVE==1 && PRIMITIVE_LEVEL !=INTERNAL } -of_object [get_pins -filter {DIRECTION==IN} -of_objects [get_nets -hierarchical -filter {PARENT=="i_system_wrapper/system_i/sys_ps7/inst/FCLK_CLK0"}]]]
resize_pblock [get_pblocks {CLKAG_i_system_wrapper/system_i/sys_ps7/inst/FCLK_CLK0}] -add {CLOCKREGION_X0Y0:CLOCKREGION_X0Y0 CLOCKREGION_X0Y1:CLOCKREGION_X0Y1 CLOCKREGION_X0Y2:CLOCKREGION_X0Y2 CLOCKREGION_X1Y0:CLOCKREGION_X1Y0 CLOCKREGION_X1Y1:CLOCKREGION_X1Y1 CLOCKREGION_X1Y2:CLOCKREGION_X1Y2}
#endgroup

# Clock net "i_system_wrapper/system_i/axi_vcxo_ctrl/inst/clk_40M_BUFG" driven by instance "i_system_wrapper/system_i/axi_vcxo_ctrl/inst/clk_40M_BUFG_inst" located at site "BUFGCTRL_X0Y23"
#startgroup
create_pblock {CLKAG_i_system_wrapper/system_i/axi_vcxo_ctrl/inst/clk_40M_BUFG}
add_cells_to_pblock [get_pblocks  {CLKAG_i_system_wrapper/system_i/axi_vcxo_ctrl/inst/clk_40M_BUFG}] [get_cells -filter { PRIMITIVE_GROUP != I/O && IS_PRIMITIVE==1 && PRIMITIVE_LEVEL !=INTERNAL } -of_object [get_pins -filter {DIRECTION==IN} -of_objects [get_nets -hierarchical -filter {PARENT=="i_system_wrapper/system_i/axi_vcxo_ctrl/inst/clk_40M_BUFG"}]]]
resize_pblock [get_pblocks {CLKAG_i_system_wrapper/system_i/axi_vcxo_ctrl/inst/clk_40M_BUFG}] -add {CLOCKREGION_X1Y1:CLOCKREGION_X1Y1}
#endgroup

# Clock net "i_system_wrapper/system_i/axi_vcxo_ctrl/inst/clk_200M_BUFG" driven by instance "i_system_wrapper/system_i/axi_vcxo_ctrl/inst/clk_200M_BUFG_inst" located at site "BUFGCTRL_X0Y22"
#startgroup
create_pblock {CLKAG_i_system_wrapper/system_i/axi_vcxo_ctrl/inst/clk_200M_BUFG}
add_cells_to_pblock [get_pblocks  {CLKAG_i_system_wrapper/system_i/axi_vcxo_ctrl/inst/clk_200M_BUFG}] [get_cells -filter { PRIMITIVE_GROUP != I/O && IS_PRIMITIVE==1 && PRIMITIVE_LEVEL !=INTERNAL } -of_object [get_pins -filter {DIRECTION==IN} -of_objects [get_nets -hierarchical -filter {PARENT=="i_system_wrapper/system_i/axi_vcxo_ctrl/inst/clk_200M_BUFG"}]]]
resize_pblock [get_pblocks {CLKAG_i_system_wrapper/system_i/axi_vcxo_ctrl/inst/clk_200M_BUFG}] -add {CLOCKREGION_X0Y1:CLOCKREGION_X0Y1 CLOCKREGION_X1Y1:CLOCKREGION_X1Y1}
#endgroup

# Clock net "i_system_wrapper/system_i/axi_ad9361/inst/i_dev_if/i_clk/clk" driven by instance "i_system_wrapper/system_i/axi_ad9361/inst/i_dev_if/i_clk/i_clk_gbuf" located at site "BUFGCTRL_X0Y18"
#startgroup
create_pblock {CLKAG_i_system_wrapper/system_i/axi_ad9361/inst/i_dev_if/i_clk/clk}
add_cells_to_pblock [get_pblocks  {CLKAG_i_system_wrapper/system_i/axi_ad9361/inst/i_dev_if/i_clk/clk}] [get_cells -filter { PRIMITIVE_GROUP != I/O && IS_PRIMITIVE==1 && PRIMITIVE_LEVEL !=INTERNAL } -of_object [get_pins -filter {DIRECTION==IN} -of_objects [get_nets -hierarchical -filter {PARENT=="i_system_wrapper/system_i/axi_ad9361/inst/i_dev_if/i_clk/clk"}]]]
resize_pblock [get_pblocks {CLKAG_i_system_wrapper/system_i/axi_ad9361/inst/i_dev_if/i_clk/clk}] -add {CLOCKREGION_X0Y0:CLOCKREGION_X0Y0 CLOCKREGION_X0Y1:CLOCKREGION_X0Y1 CLOCKREGION_X0Y2:CLOCKREGION_X0Y2 CLOCKREGION_X1Y0:CLOCKREGION_X1Y0 CLOCKREGION_X1Y1:CLOCKREGION_X1Y1 CLOCKREGION_X1Y2:CLOCKREGION_X1Y2}
#endgroup
