#-----------------------------------------------------------
# Vivado v2023.2 (64-bit)
# SW Build 4029153 on Fri Oct 13 20:13:54 MDT 2023
# IP Build 4028589 on Sat Oct 14 00:45:43 MDT 2023
# SharedData Build 4025554 on Tue Oct 10 17:18:54 MDT 2023
# Start of session at: Thu Aug 14 16:33:29 2025
# Process ID: 624589
# Current directory: /home/dator2/Documents/Spectrum-analyser/Spectrum-analyser-antsdr-final-version/plutosdr-fw/hdl/projects/e200/e200.runs/synth_1
# Command line: vivado -log system_top.vds -product Vivado -mode batch -messageDb vivado.pb -notrace -source system_top.tcl
# Log file: /home/dator2/Documents/Spectrum-analyser/Spectrum-analyser-antsdr-final-version/plutosdr-fw/hdl/projects/e200/e200.runs/synth_1/system_top.vds
# Journal file: /home/dator2/Documents/Spectrum-analyser/Spectrum-analyser-antsdr-final-version/plutosdr-fw/hdl/projects/e200/e200.runs/synth_1/vivado.jou
# Running On: dator2-Latitude-5430, OS: Linux, CPU Frequency: 2637.842 MHz, CPU Physical cores: 4, Host memory: 16126 MB
#-----------------------------------------------------------
source system_top.tcl -notrace
