#-----------------------------------------------------------
# Vivado v2023.2 (64-bit)
# SW Build 4029153 on Fri Oct 13 20:13:54 MDT 2023
# IP Build 4028589 on Sat Oct 14 00:45:43 MDT 2023
# SharedData Build 4025554 on Tue Oct 10 17:18:54 MDT 2023
# Start of session at: Thu Jul 24 10:47:26 2025
# Process ID: 249596
# Current directory: /home/dator2/Documents/fw-antsdr-version-5/plutosdr-fw/hdl/projects/e200/e200.runs/system_sys_ps7_0_synth_1
# Command line: vivado -log system_sys_ps7_0.vds -product Vivado -mode batch -messageDb vivado.pb -notrace -source system_sys_ps7_0.tcl
# Log file: /home/dator2/Documents/fw-antsdr-version-5/plutosdr-fw/hdl/projects/e200/e200.runs/system_sys_ps7_0_synth_1/system_sys_ps7_0.vds
# Journal file: /home/dator2/Documents/fw-antsdr-version-5/plutosdr-fw/hdl/projects/e200/e200.runs/system_sys_ps7_0_synth_1/vivado.jou
# Running On: dator2-Latitude-5430, OS: Linux, CPU Frequency: 433.111 MHz, CPU Physical cores: 4, Host memory: 16126 MB
#-----------------------------------------------------------
source system_sys_ps7_0.tcl -notrace
