10:42:51 **** Build of configuration Debug for project app ****
make all 
make --no-print-directory pre-build
a9-linaro-pre-build-step
 
make --no-print-directory main-build
Building file: ../src/axi_io.c
Invoking: ARM v7 gcc compiler
arm-none-eabi-gcc -Wall -O0 -g3 -c -fmessage-length=0 -MT"src/axi_io.o" -mcpu=cortex-a9 -mfpu=vfpv3 -mfloat-abi=hard -I/home/dator2/Documents/antsdr_standalone/hdl/projects/antsdre200/antsdre200.sdk/system_top/export/system_top/sw/system_top/standalone_ps7_cortexa9_0/bspinclude/include -MMD -MP -MF"src/axi_io.d" -MT"src/axi_io.o" -o "src/axi_io.o" "../src/axi_io.c"
Finished building: ../src/axi_io.c
 
Building file: ../src/command.c
Invoking: ARM v7 gcc compiler
arm-none-eabi-gcc -Wall -O0 -g3 -c -fmessage-length=0 -MT"src/command.o" -mcpu=cortex-a9 -mfpu=vfpv3 -mfloat-abi=hard -I/home/dator2/Documents/antsdr_standalone/hdl/projects/antsdre200/antsdre200.sdk/system_top/export/system_top/sw/system_top/standalone_ps7_cortexa9_0/bspinclude/include -MMD -MP -MF"src/command.d" -MT"src/command.o" -o "src/command.o" "../src/command.c"
../src/command.c: In function 'get_register':
../src/command.c:162:29: warning: passing argument 1 of 'ad9361_spi_read' from incompatible pointer type [-Wincompatible-pointer-types]
  162 |   reg_val = ad9361_spi_read(&spi, reg_addr);
      |                             ^~~~
      |                             |
      |                             struct spi_device *
In file included from ../src/ad9361_util.h:49,
                 from ../src/ad9361_api.h:45,
                 from ../src/command.c:45:
../src/ad9361.h:3445:48: note: expected 'struct no_os_spi_desc *' but argument is of type 'struct spi_device *'
Finished building: ../src/command.c
 
 3445 | int32_t ad9361_spi_read(struct no_os_spi_desc *spi, uint32_t reg);
      |                         ~~~~~~~~~~~~~~~~~~~~~~~^~~
../src/command.c: In function 'set_dds_tx1_tone1_phase':
../src/command.c:771:64: warning: pointer targets in passing argument 3 of 'axi_dac_dds_get_phase' differ in signedness [-Wpointer-sign]
Building file: ../src/delay.c
Invoking: ARM v7 gcc compiler
arm-none-eabi-gcc -Wall -O0 -g3 -c -fmessage-length=0 -MT"src/delay.o" -mcpu=cortex-a9 -mfpu=vfpv3 -mfloat-abi=hard -I/home/dator2/Documents/antsdr_standalone/hdl/projects/antsdre200/antsdre200.sdk/system_top/export/system_top/sw/system_top/standalone_ps7_cortexa9_0/bspinclude/include -MMD -MP -MF"src/delay.d" -MT"src/delay.o" -o "src/delay.o" "../src/delay.c"
  771 |   axi_dac_dds_get_phase(ad9361_phy->tx_dac, DDS_CHAN_TX1_I_F1, &phase);
      |                                                                ^~~~~~
      |                                                                |
      |                                                                int32_t * {aka long int *}
In file included from ../src/command.c:46:
../src/axi_dac_core.h:146:35: note: expected 'uint32_t *' {aka 'long unsigned int *'} but argument is of type 'int32_t *' {aka 'long int *'}
  146 |          uint32_t chan, uint32_t *phase);
      |                         ~~~~~~~~~~^~~~~
../src/command.c: In function 'set_dds_tx1_tone2_phase':
../src/command.c:807:64: warning: pointer targets in passing argument 3 of 'axi_dac_dds_get_phase' differ in signedness [-Wpointer-sign]
  807 |   axi_dac_dds_get_phase(ad9361_phy->tx_dac, DDS_CHAN_TX1_I_F2, &phase);
      |                                                                ^~~~~~
      |                                                                |
      |                                                                int32_t * {aka long int *}
In file included from ../src/command.c:46:
../src/axi_dac_core.h:146:35: note: expected 'uint32_t *' {aka 'long unsigned int *'} but argument is of type 'int32_t *' {aka 'long int *'}
  146 |          uint32_t chan, uint32_t *phase);
      |                         ~~~~~~~~~~^~~~~
../src/command.c: In function 'set_dds_tx2_tone1_phase':
../src/command.c:971:64: warning: pointer targets in passing argument 3 of 'axi_dac_dds_get_phase' differ in signedness [-Wpointer-sign]
  971 |   axi_dac_dds_get_phase(ad9361_phy->tx_dac, DDS_CHAN_TX2_I_F1, &phase);
      |                                                                ^~~~~~
      |                                                                |
      |                                                                int32_t * {aka long int *}
In file included from ../src/command.c:46:
../src/axi_dac_core.h:146:35: note: expected 'uint32_t *' {aka 'long unsigned int *'} but argument is of type 'int32_t *' {aka 'long int *'}
  146 |          uint32_t chan, uint32_t *phase);
      |                         ~~~~~~~~~~^~~~~
../src/command.c: In function 'set_dds_tx2_tone2_phase':
../src/command.c:1007:64: warning: pointer targets in passing argument 3 of 'axi_dac_dds_get_phase' differ in signedness [-Wpointer-sign]
 1007 |   axi_dac_dds_get_phase(ad9361_phy->tx_dac, DDS_CHAN_TX2_I_F2, &phase);
      |                                                                ^~~~~~
      |                                                                |
      |                                                                int32_t * {aka long int *}
In file included from ../src/command.c:46:
../src/axi_dac_core.h:146:35: note: expected 'uint32_t *' {aka 'long unsigned int *'} but argument is of type 'int32_t *' {aka 'long int *'}
  146 |          uint32_t chan, uint32_t *phase);
      |                         ~~~~~~~~~~^~~~~
Finished building: ../src/delay.c
 
Building file: ../src/main.c
Invoking: ARM v7 gcc compiler
arm-none-eabi-gcc -Wall -O0 -g3 -c -fmessage-length=0 -MT"src/main.o" -mcpu=cortex-a9 -mfpu=vfpv3 -mfloat-abi=hard -I/home/dator2/Documents/antsdr_standalone/hdl/projects/antsdre200/antsdre200.sdk/system_top/export/system_top/sw/system_top/standalone_ps7_cortexa9_0/bspinclude/include -MMD -MP -MF"src/main.d" -MT"src/main.o" -o "src/main.o" "../src/main.c"
Finished building: ../src/main.c
 
Building file: ../src/xilinx_gpio.c
Invoking: ARM v7 gcc compiler
arm-none-eabi-gcc -Wall -O0 -g3 -c -fmessage-length=0 -MT"src/xilinx_gpio.o" -mcpu=cortex-a9 -mfpu=vfpv3 -mfloat-abi=hard -I/home/dator2/Documents/antsdr_standalone/hdl/projects/antsdre200/antsdre200.sdk/system_top/export/system_top/sw/system_top/standalone_ps7_cortexa9_0/bspinclude/include -MMD -MP -MF"src/xilinx_gpio.d" -MT"src/xilinx_gpio.o" -o "src/xilinx_gpio.o" "../src/xilinx_gpio.c"
Finished building: ../src/xilinx_gpio.c
 
Building file: ../src/xilinx_irq.c
Invoking: ARM v7 gcc compiler
arm-none-eabi-gcc -Wall -O0 -g3 -c -fmessage-length=0 -MT"src/xilinx_irq.o" -mcpu=cortex-a9 -mfpu=vfpv3 -mfloat-abi=hard -I/home/dator2/Documents/antsdr_standalone/hdl/projects/antsdre200/antsdre200.sdk/system_top/export/system_top/sw/system_top/standalone_ps7_cortexa9_0/bspinclude/include -MMD -MP -MF"src/xilinx_irq.d" -MT"src/xilinx_irq.o" -o "src/xilinx_irq.o" "../src/xilinx_irq.c"
../src/xilinx_irq.c:337:33: warning: 'struct callback_desc' declared inside parameter list will not be visible outside of this definition or declaration
  337 |         uint32_t irq_id, struct callback_desc *cb)
      |                                 ^~~~~~~~~~~~~
../src/xilinx_irq.c:381:25: warning: initialization of 'int32_t (*)(struct no_os_irq_ctrl_desc *, uint32_t,  struct no_os_callback_desc *)' {aka 'long int (*)(struct no_os_irq_ctrl_desc *, long unsigned int,  struct no_os_callback_desc *)'} from incompatible pointer type 'int32_t (*)(struct no_os_irq_ctrl_desc *, uint32_t,  struct callback_desc *)' {aka 'long int (*)(struct no_os_irq_ctrl_desc *, long unsigned int,  struct callback_desc *)'} [-Wincompatible-pointer-types]
  381 |  .unregister_callback = &xil_irq_unregister_callback,
      |                         ^
../src/xilinx_irq.c:381:25: note: (near initialization for 'xil_irq_ops.unregister_callback')
Finished building: ../src/xilinx_irq.c
 
Building file: ../src/xilinx_spi.c
Invoking: ARM v7 gcc compiler
arm-none-eabi-gcc -Wall -O0 -g3 -c -fmessage-length=0 -MT"src/xilinx_spi.o" -mcpu=cortex-a9 -mfpu=vfpv3 -mfloat-abi=hard -I/home/dator2/Documents/antsdr_standalone/hdl/projects/antsdre200/antsdre200.sdk/system_top/export/system_top/sw/system_top/standalone_ps7_cortexa9_0/bspinclude/include -MMD -MP -MF"src/xilinx_spi.d" -MT"src/xilinx_spi.o" -o "src/xilinx_spi.o" "../src/xilinx_spi.c"
Finished building: ../src/xilinx_spi.c
 
Building target: app.elf
Invoking: ARM v7 gcc linker
arm-none-eabi-gcc -mcpu=cortex-a9 -mfpu=vfpv3 -mfloat-abi=hard -Wl,-build-id=none -specs=Xilinx.spec -Wl,-T -Wl,../src/lscript.ld -L/home/dator2/Documents/antsdr_standalone/hdl/projects/antsdre200/antsdre200.sdk/system_top/export/system_top/sw/system_top/standalone_ps7_cortexa9_0/bsplib/lib -o "app.elf" ./src/ad9361.o ./src/ad9361_api.o ./src/ad9361_conv.o ./src/ad9361_util.o ./src/axi_adc_core.o ./src/axi_dac_core.o ./src/axi_dmac.o ./src/axi_io.o ./src/command.o ./src/console.o ./src/delay.o ./src/main.o ./src/no_os_gpio.o ./src/no_os_irq.o ./src/no_os_spi.o ./src/no_os_util.o ./src/xilinx_gpio.o ./src/xilinx_irq.o ./src/xilinx_spi.o   -Wl,--start-group,-lxil,-lgcc,-lc,--end-group
Finished building target: app.elf
 
Invoking: ARM v7 Print Size
arm-none-eabi-size app.elf  |tee "app.elf.size"
   text	   data	    bss	    dec	    hex	filename
 251479	   5832	  22752	 280063	  445ff	app.elf
Finished building: app.elf.size
 

10:42:52 Build Finished (took 1s.20ms)

