
*** Running vivado
    with args -log system_rate_gen_0.vds -m64 -product Vivado -mode batch -messageDb vivado.pb -notrace -source system_rate_gen_0.tcl


****** Vivado v2023.2 (64-bit)
  **** SW Build 4029153 on Fri Oct 13 20:13:54 MDT 2023
  **** IP Build 4028589 on Sat Oct 14 00:45:43 MDT 2023
  **** SharedData Build 4025554 on Tue Oct 10 17:18:54 MDT 2023
    ** Copyright 1986-2022 Xilinx, Inc. All Rights Reserved.
    ** Copyright 2022-2023 Advanced Micro Devices, Inc. All Rights Reserved.

source system_rate_gen_0.tcl -notrace
create_project: Time (s): cpu = 00:00:06 ; elapsed = 00:00:06 . Memory (MB): peak = 1336.016 ; gain = 0.027 ; free physical = 4218 ; free virtual = 8671
INFO: [IP_Flow 19-234] Refreshing IP repositories
INFO: [IP_Flow 19-1700] Loaded user IP repository '/home/dator2/Documents/clean_fw_folder/antsdr-fw-patch/plutosdr-fw/hdl/library'.
INFO: [IP_Flow 19-2313] Loaded Vivado IP repository '/tools/Xilinx/Vivado/2023.2/data/ip'.
INFO: [IP_Flow 19-6924] IPCACHE: Running cache check for IP inst: system_rate_gen_0
Command: synth_design -top system_rate_gen_0 -part xc7z020clg400-2 -incremental_mode off -mode out_of_context
Starting synth_design
Attempting to get a license for feature 'Synthesis' and/or device 'xc7z020'
INFO: [Common 17-349] Got license for feature 'Synthesis' and/or device 'xc7z020'
INFO: [Device 21-403] Loading part xc7z020clg400-2
INFO: [Synth 8-7079] Multithreading enabled for synth_design using a maximum of 4 processes.
INFO: [Synth 8-7078] Launching helper process for spawning children vivado processes
INFO: [Synth 8-7075] Helper process launched with PID 332454
---------------------------------------------------------------------------------
Starting RTL Elaboration : Time (s): cpu = 00:00:05 ; elapsed = 00:00:05 . Memory (MB): peak = 2053.262 ; gain = 405.715 ; free physical = 604 ; free virtual = 5066
---------------------------------------------------------------------------------
INFO: [Synth 8-6157] synthesizing module 'system_rate_gen_0' [/home/dator2/Documents/clean_fw_folder/antsdr-fw-patch/plutosdr-fw/hdl/projects/e200/e200.gen/sources_1/bd/system/ip/system_rate_gen_0/synth/system_rate_gen_0.v:53]
INFO: [Synth 8-6157] synthesizing module 'util_pulse_gen' [/home/dator2/Documents/clean_fw_folder/antsdr-fw-patch/plutosdr-fw/hdl/library/common/util_pulse_gen.v:37]
	Parameter PULSE_WIDTH bound to: 1 - type: integer 
	Parameter PULSE_PERIOD bound to: 7 - type: integer 
INFO: [Synth 8-6155] done synthesizing module 'util_pulse_gen' (0#1) [/home/dator2/Documents/clean_fw_folder/antsdr-fw-patch/plutosdr-fw/hdl/library/common/util_pulse_gen.v:37]
INFO: [Synth 8-6155] done synthesizing module 'system_rate_gen_0' (0#1) [/home/dator2/Documents/clean_fw_folder/antsdr-fw-patch/plutosdr-fw/hdl/projects/e200/e200.gen/sources_1/bd/system/ip/system_rate_gen_0/synth/system_rate_gen_0.v:53]
---------------------------------------------------------------------------------
Finished RTL Elaboration : Time (s): cpu = 00:00:07 ; elapsed = 00:00:07 . Memory (MB): peak = 2129.230 ; gain = 481.684 ; free physical = 340 ; free virtual = 4803
---------------------------------------------------------------------------------
---------------------------------------------------------------------------------
Start Handling Custom Attributes
---------------------------------------------------------------------------------
---------------------------------------------------------------------------------
Finished Handling Custom Attributes : Time (s): cpu = 00:00:07 ; elapsed = 00:00:07 . Memory (MB): peak = 2144.074 ; gain = 496.527 ; free physical = 339 ; free virtual = 4801
---------------------------------------------------------------------------------
---------------------------------------------------------------------------------
Finished RTL Optimization Phase 1 : Time (s): cpu = 00:00:07 ; elapsed = 00:00:07 . Memory (MB): peak = 2144.074 ; gain = 496.527 ; free physical = 339 ; free virtual = 4801
---------------------------------------------------------------------------------
Netlist sorting complete. Time (s): cpu = 00:00:00 ; elapsed = 00:00:00.01 . Memory (MB): peak = 2144.074 ; gain = 0.000 ; free physical = 339 ; free virtual = 4801
INFO: [Project 1-570] Preparing netlist for logic optimization

Processing XDC Constraints
Initializing timing engine
Completed Processing XDC Constraints

Netlist sorting complete. Time (s): cpu = 00:00:00 ; elapsed = 00:00:00 . Memory (MB): peak = 2288.824 ; gain = 0.000 ; free physical = 256 ; free virtual = 4720
INFO: [Project 1-111] Unisim Transformation Summary:
No Unisim elements were transformed.

Constraint Validation Runtime : Time (s): cpu = 00:00:00.02 ; elapsed = 00:00:00.01 . Memory (MB): peak = 2288.859 ; gain = 0.000 ; free physical = 256 ; free virtual = 4720
INFO: [Designutils 20-5008] Incremental synthesis strategy off
---------------------------------------------------------------------------------
Finished Constraint Validation : Time (s): cpu = 00:00:14 ; elapsed = 00:00:14 . Memory (MB): peak = 2288.859 ; gain = 641.312 ; free physical = 230 ; free virtual = 4697
---------------------------------------------------------------------------------
---------------------------------------------------------------------------------
Start Loading Part and Timing Information
---------------------------------------------------------------------------------
Loading part: xc7z020clg400-2
---------------------------------------------------------------------------------
Finished Loading Part and Timing Information : Time (s): cpu = 00:00:14 ; elapsed = 00:00:14 . Memory (MB): peak = 2288.859 ; gain = 641.312 ; free physical = 230 ; free virtual = 4697
---------------------------------------------------------------------------------
---------------------------------------------------------------------------------
Start Applying 'set_property' XDC Constraints
---------------------------------------------------------------------------------
---------------------------------------------------------------------------------
Finished applying 'set_property' XDC Constraints : Time (s): cpu = 00:00:14 ; elapsed = 00:00:14 . Memory (MB): peak = 2288.859 ; gain = 641.312 ; free physical = 230 ; free virtual = 4697
---------------------------------------------------------------------------------
---------------------------------------------------------------------------------
Finished RTL Optimization Phase 2 : Time (s): cpu = 00:00:14 ; elapsed = 00:00:15 . Memory (MB): peak = 2288.859 ; gain = 641.312 ; free physical = 236 ; free virtual = 4694
---------------------------------------------------------------------------------
---------------------------------------------------------------------------------
Start RTL Component Statistics 
---------------------------------------------------------------------------------
Detailed RTL Component Info : 
+---Adders : 
	   2 Input   32 Bit       Adders := 1     
+---Registers : 
	               32 Bit    Registers := 5     
	                1 Bit    Registers := 1     
+---Muxes : 
	   2 Input   32 Bit        Muxes := 2     
	   2 Input    1 Bit        Muxes := 2     
---------------------------------------------------------------------------------
Finished RTL Component Statistics 
---------------------------------------------------------------------------------
---------------------------------------------------------------------------------
Start Part Resource Summary
---------------------------------------------------------------------------------
Part Resources:
DSPs: 220 (col length:60)
BRAMs: 280 (col length: RAMB18 60 RAMB36 30)
---------------------------------------------------------------------------------
Finished Part Resource Summary
---------------------------------------------------------------------------------
---------------------------------------------------------------------------------
Start Cross Boundary and Area Optimization
---------------------------------------------------------------------------------
WARNING: [Synth 8-7080] Parallel synthesis criteria is not met
---------------------------------------------------------------------------------
Finished Cross Boundary and Area Optimization : Time (s): cpu = 00:00:17 ; elapsed = 00:00:17 . Memory (MB): peak = 2288.859 ; gain = 641.312 ; free physical = 487 ; free virtual = 4794
---------------------------------------------------------------------------------
---------------------------------------------------------------------------------
Start Applying XDC Timing Constraints
---------------------------------------------------------------------------------
---------------------------------------------------------------------------------
Finished Applying XDC Timing Constraints : Time (s): cpu = 00:00:21 ; elapsed = 00:00:22 . Memory (MB): peak = 2288.859 ; gain = 641.312 ; free physical = 457 ; free virtual = 4763
---------------------------------------------------------------------------------
---------------------------------------------------------------------------------
Start Timing Optimization
---------------------------------------------------------------------------------
---------------------------------------------------------------------------------
Finished Timing Optimization : Time (s): cpu = 00:00:21 ; elapsed = 00:00:22 . Memory (MB): peak = 2288.859 ; gain = 641.312 ; free physical = 457 ; free virtual = 4763
---------------------------------------------------------------------------------
---------------------------------------------------------------------------------
Start Technology Mapping
---------------------------------------------------------------------------------
---------------------------------------------------------------------------------
Finished Technology Mapping : Time (s): cpu = 00:00:21 ; elapsed = 00:00:22 . Memory (MB): peak = 2288.859 ; gain = 641.312 ; free physical = 457 ; free virtual = 4763
---------------------------------------------------------------------------------
---------------------------------------------------------------------------------
Start IO Insertion
---------------------------------------------------------------------------------
---------------------------------------------------------------------------------
Start Flattening Before IO Insertion
---------------------------------------------------------------------------------
---------------------------------------------------------------------------------
Finished Flattening Before IO Insertion
---------------------------------------------------------------------------------
---------------------------------------------------------------------------------
Start Final Netlist Cleanup
---------------------------------------------------------------------------------
---------------------------------------------------------------------------------
Finished Final Netlist Cleanup
---------------------------------------------------------------------------------
---------------------------------------------------------------------------------
Finished IO Insertion : Time (s): cpu = 00:00:26 ; elapsed = 00:00:26 . Memory (MB): peak = 2288.859 ; gain = 641.312 ; free physical = 720 ; free virtual = 5025
---------------------------------------------------------------------------------
---------------------------------------------------------------------------------
Start Renaming Generated Instances
---------------------------------------------------------------------------------
---------------------------------------------------------------------------------
Finished Renaming Generated Instances : Time (s): cpu = 00:00:26 ; elapsed = 00:00:26 . Memory (MB): peak = 2288.859 ; gain = 641.312 ; free physical = 720 ; free virtual = 5025
---------------------------------------------------------------------------------
---------------------------------------------------------------------------------
Start Rebuilding User Hierarchy
---------------------------------------------------------------------------------
---------------------------------------------------------------------------------
Finished Rebuilding User Hierarchy : Time (s): cpu = 00:00:26 ; elapsed = 00:00:26 . Memory (MB): peak = 2288.859 ; gain = 641.312 ; free physical = 720 ; free virtual = 5025
---------------------------------------------------------------------------------
---------------------------------------------------------------------------------
Start Renaming Generated Ports
---------------------------------------------------------------------------------
---------------------------------------------------------------------------------
Finished Renaming Generated Ports : Time (s): cpu = 00:00:26 ; elapsed = 00:00:26 . Memory (MB): peak = 2288.859 ; gain = 641.312 ; free physical = 720 ; free virtual = 5025
---------------------------------------------------------------------------------
---------------------------------------------------------------------------------
Start Handling Custom Attributes
---------------------------------------------------------------------------------
---------------------------------------------------------------------------------
Finished Handling Custom Attributes : Time (s): cpu = 00:00:26 ; elapsed = 00:00:26 . Memory (MB): peak = 2288.859 ; gain = 641.312 ; free physical = 720 ; free virtual = 5025
---------------------------------------------------------------------------------
---------------------------------------------------------------------------------
Start Renaming Generated Nets
---------------------------------------------------------------------------------
---------------------------------------------------------------------------------
Finished Renaming Generated Nets : Time (s): cpu = 00:00:26 ; elapsed = 00:00:26 . Memory (MB): peak = 2288.859 ; gain = 641.312 ; free physical = 720 ; free virtual = 5025
---------------------------------------------------------------------------------
---------------------------------------------------------------------------------
Start Writing Synthesis Report
---------------------------------------------------------------------------------

Report BlackBoxes: 
+-+--------------+----------+
| |BlackBox name |Instances |
+-+--------------+----------+
+-+--------------+----------+

Report Cell Usage: 
+------+-------+------+
|      |Cell   |Count |
+------+-------+------+
|1     |CARRY4 |    11|
|2     |LUT1   |    33|
|3     |LUT4   |    12|
|4     |LUT5   |     4|
|5     |LUT6   |    49|
|6     |FDRE   |   156|
|7     |FDSE   |     5|
+------+-------+------+
---------------------------------------------------------------------------------
Finished Writing Synthesis Report : Time (s): cpu = 00:00:26 ; elapsed = 00:00:26 . Memory (MB): peak = 2288.859 ; gain = 641.312 ; free physical = 720 ; free virtual = 5025
---------------------------------------------------------------------------------
Synthesis finished with 0 errors, 0 critical warnings and 1 warnings.
Synthesis Optimization Runtime : Time (s): cpu = 00:00:24 ; elapsed = 00:00:25 . Memory (MB): peak = 2288.859 ; gain = 496.527 ; free physical = 720 ; free virtual = 5025
Synthesis Optimization Complete : Time (s): cpu = 00:00:26 ; elapsed = 00:00:26 . Memory (MB): peak = 2288.859 ; gain = 641.312 ; free physical = 720 ; free virtual = 5025
INFO: [Project 1-571] Translating synthesized netlist
Netlist sorting complete. Time (s): cpu = 00:00:00 ; elapsed = 00:00:00.01 . Memory (MB): peak = 2288.859 ; gain = 0.000 ; free physical = 720 ; free virtual = 5025
INFO: [Netlist 29-17] Analyzing 11 Unisim elements for replacement
INFO: [Netlist 29-28] Unisim Transformation completed in 0 CPU seconds
INFO: [Project 1-570] Preparing netlist for logic optimization
INFO: [Opt 31-138] Pushed 0 inverter(s) to 0 load pin(s).
Netlist sorting complete. Time (s): cpu = 00:00:00 ; elapsed = 00:00:00 . Memory (MB): peak = 2288.859 ; gain = 0.000 ; free physical = 981 ; free virtual = 5287
INFO: [Project 1-111] Unisim Transformation Summary:
No Unisim elements were transformed.

Synth Design complete | Checksum: f94bda4d
INFO: [Common 17-83] Releasing license: Synthesis
23 Infos, 1 Warnings, 0 Critical Warnings and 0 Errors encountered.
synth_design completed successfully
synth_design: Time (s): cpu = 00:00:35 ; elapsed = 00:00:30 . Memory (MB): peak = 2288.859 ; gain = 952.844 ; free physical = 981 ; free virtual = 5287
INFO: [Common 17-2834] synth_design peak Physical Memory [PSS] (MB): overall = 1636.206; main = 1331.243; forked = 313.499
INFO: [Common 17-2834] synth_design peak Virtual Memory [VSS] (MB): overall = 3272.680; main = 2256.812; forked = 1015.867
Write ShapeDB Complete: Time (s): cpu = 00:00:00 ; elapsed = 00:00:00 . Memory (MB): peak = 2288.859 ; gain = 0.000 ; free physical = 981 ; free virtual = 5287
INFO: [Common 17-1381] The checkpoint '/home/dator2/Documents/clean_fw_folder/antsdr-fw-patch/plutosdr-fw/hdl/projects/e200/e200.runs/system_rate_gen_0_synth_1/system_rate_gen_0.dcp' has been generated.
INFO: [Coretcl 2-1648] Added synthesis output to IP cache for IP system_rate_gen_0, cache-ID = 9b9704866681ae4a
Write ShapeDB Complete: Time (s): cpu = 00:00:00 ; elapsed = 00:00:00 . Memory (MB): peak = 2312.836 ; gain = 0.000 ; free physical = 973 ; free virtual = 5279
INFO: [Common 17-1381] The checkpoint '/home/dator2/Documents/clean_fw_folder/antsdr-fw-patch/plutosdr-fw/hdl/projects/e200/e200.runs/system_rate_gen_0_synth_1/system_rate_gen_0.dcp' has been generated.
INFO: [runtcl-4] Executing : report_utilization -file system_rate_gen_0_utilization_synth.rpt -pb system_rate_gen_0_utilization_synth.pb
INFO: [Common 17-206] Exiting Vivado at Wed Jul  9 15:27:17 2025...
