
*** Running vivado
    with args -log system_axi_dmac_0_0.vds -m64 -product Vivado -mode batch -messageDb vivado.pb -notrace -source system_axi_dmac_0_0.tcl


****** Vivado v2023.2 (64-bit)
  **** SW Build 4029153 on Fri Oct 13 20:13:54 MDT 2023
  **** IP Build 4028589 on Sat Oct 14 00:45:43 MDT 2023
  **** SharedData Build 4025554 on Tue Oct 10 17:18:54 MDT 2023
    ** Copyright 1986-2022 Xilinx, Inc. All Rights Reserved.
    ** Copyright 2022-2023 Advanced Micro Devices, Inc. All Rights Reserved.

source system_axi_dmac_0_0.tcl -notrace
INFO: [IP_Flow 19-234] Refreshing IP repositories
INFO: [IP_Flow 19-1700] Loaded user IP repository '/home/dator2/Documents/fw-antsdr-version-10/plutosdr-fw/hdl/library'.
INFO: [IP_Flow 19-2313] Loaded Vivado IP repository '/tools/Xilinx/Vivado/2023.2/data/ip'.
INFO: [IP_Flow 19-6924] IPCACHE: Running cache check for IP inst: system_axi_dmac_0_0
Command: synth_design -top system_axi_dmac_0_0 -part xc7z020clg400-2 -incremental_mode off -mode out_of_context
Starting synth_design
Attempting to get a license for feature 'Synthesis' and/or device 'xc7z020'
INFO: [Common 17-349] Got license for feature 'Synthesis' and/or device 'xc7z020'
INFO: [Device 21-403] Loading part xc7z020clg400-2
INFO: [Synth 8-7079] Multithreading enabled for synth_design using a maximum of 4 processes.
INFO: [Synth 8-7078] Launching helper process for spawning children vivado processes
INFO: [Synth 8-7075] Helper process launched with PID 166552
---------------------------------------------------------------------------------
Starting RTL Elaboration : Time (s): cpu = 00:00:02 ; elapsed = 00:00:03 . Memory (MB): peak = 2043.855 ; gain = 403.629 ; free physical = 2054 ; free virtual = 8276
---------------------------------------------------------------------------------
INFO: [Synth 8-11241] undeclared symbol 'response_dest_partial', assumed default net type 'wire' [/home/dator2/Documents/fw-antsdr-version-10/plutosdr-fw/hdl/projects/e200/e200.gen/sources_1/bd/system/ipshared/5880/axi_dmac_response_manager.v:135]
INFO: [Synth 8-11241] undeclared symbol 'src_req_spltr_valid', assumed default net type 'wire' [/home/dator2/Documents/fw-antsdr-version-10/plutosdr-fw/hdl/projects/e200/e200.gen/sources_1/bd/system/ipshared/5880/request_arb.v:1062]
INFO: [Synth 8-11241] undeclared symbol 'src_req_spltr_ready', assumed default net type 'wire' [/home/dator2/Documents/fw-antsdr-version-10/plutosdr-fw/hdl/projects/e200/e200.gen/sources_1/bd/system/ipshared/5880/request_arb.v:1063]
INFO: [Synth 8-6157] synthesizing module 'system_axi_dmac_0_0' [/home/dator2/Documents/fw-antsdr-version-10/plutosdr-fw/hdl/projects/e200/e200.gen/sources_1/bd/system/ip/system_axi_dmac_0_0/synth/system_axi_dmac_0_0.v:53]
INFO: [Synth 8-6157] synthesizing module 'axi_dmac' [/home/dator2/Documents/fw-antsdr-version-10/plutosdr-fw/hdl/projects/e200/e200.gen/sources_1/bd/system/ipshared/5880/axi_dmac.v:38]
INFO: [Synth 8-6157] synthesizing module 'axi_dmac_regmap' [/home/dator2/Documents/fw-antsdr-version-10/plutosdr-fw/hdl/projects/e200/e200.gen/sources_1/bd/system/ipshared/5880/axi_dmac_regmap.v:38]
INFO: [Synth 8-155] case statement is not full and has no default [/home/dator2/Documents/fw-antsdr-version-10/plutosdr-fw/hdl/projects/e200/e200.gen/sources_1/bd/system/ipshared/5880/axi_dmac_regmap.v:192]
INFO: [Synth 8-6157] synthesizing module 'axi_dmac_regmap_request' [/home/dator2/Documents/fw-antsdr-version-10/plutosdr-fw/hdl/projects/e200/e200.gen/sources_1/bd/system/ipshared/5880/axi_dmac_regmap_request.v:38]
INFO: [Synth 8-155] case statement is not full and has no default [/home/dator2/Documents/fw-antsdr-version-10/plutosdr-fw/hdl/projects/e200/e200.gen/sources_1/bd/system/ipshared/5880/axi_dmac_regmap_request.v:155]
INFO: [Synth 8-6157] synthesizing module 'util_axis_fifo' [/home/dator2/Documents/fw-antsdr-version-10/plutosdr-fw/hdl/projects/e200/e200.gen/sources_1/bd/system/ipshared/f158/util_axis_fifo.v:37]
INFO: [Synth 8-6157] synthesizing module 'util_axis_fifo_address_generator' [/home/dator2/Documents/fw-antsdr-version-10/plutosdr-fw/hdl/projects/e200/e200.gen/sources_1/bd/system/ipshared/f158/util_axis_fifo_address_generator.v:38]
INFO: [Synth 8-6155] done synthesizing module 'util_axis_fifo_address_generator' (0#1) [/home/dator2/Documents/fw-antsdr-version-10/plutosdr-fw/hdl/projects/e200/e200.gen/sources_1/bd/system/ipshared/f158/util_axis_fifo_address_generator.v:38]
INFO: [Synth 8-6155] done synthesizing module 'util_axis_fifo' (0#1) [/home/dator2/Documents/fw-antsdr-version-10/plutosdr-fw/hdl/projects/e200/e200.gen/sources_1/bd/system/ipshared/f158/util_axis_fifo.v:37]
WARNING: [Synth 8-7071] port 'm_axis_tkeep' of module 'util_axis_fifo' is unconnected for instance 'i_transfer_lenghts_fifo' [/home/dator2/Documents/fw-antsdr-version-10/plutosdr-fw/hdl/projects/e200/e200.gen/sources_1/bd/system/ipshared/5880/axi_dmac_regmap_request.v:339]
WARNING: [Synth 8-7071] port 'm_axis_tlast' of module 'util_axis_fifo' is unconnected for instance 'i_transfer_lenghts_fifo' [/home/dator2/Documents/fw-antsdr-version-10/plutosdr-fw/hdl/projects/e200/e200.gen/sources_1/bd/system/ipshared/5880/axi_dmac_regmap_request.v:339]
WARNING: [Synth 8-7071] port 'm_axis_almost_empty' of module 'util_axis_fifo' is unconnected for instance 'i_transfer_lenghts_fifo' [/home/dator2/Documents/fw-antsdr-version-10/plutosdr-fw/hdl/projects/e200/e200.gen/sources_1/bd/system/ipshared/5880/axi_dmac_regmap_request.v:339]
WARNING: [Synth 8-7071] port 's_axis_tkeep' of module 'util_axis_fifo' is unconnected for instance 'i_transfer_lenghts_fifo' [/home/dator2/Documents/fw-antsdr-version-10/plutosdr-fw/hdl/projects/e200/e200.gen/sources_1/bd/system/ipshared/5880/axi_dmac_regmap_request.v:339]
WARNING: [Synth 8-7071] port 's_axis_tlast' of module 'util_axis_fifo' is unconnected for instance 'i_transfer_lenghts_fifo' [/home/dator2/Documents/fw-antsdr-version-10/plutosdr-fw/hdl/projects/e200/e200.gen/sources_1/bd/system/ipshared/5880/axi_dmac_regmap_request.v:339]
WARNING: [Synth 8-7071] port 's_axis_almost_full' of module 'util_axis_fifo' is unconnected for instance 'i_transfer_lenghts_fifo' [/home/dator2/Documents/fw-antsdr-version-10/plutosdr-fw/hdl/projects/e200/e200.gen/sources_1/bd/system/ipshared/5880/axi_dmac_regmap_request.v:339]
WARNING: [Synth 8-7023] instance 'i_transfer_lenghts_fifo' of module 'util_axis_fifo' has 20 connections declared, but only 14 given [/home/dator2/Documents/fw-antsdr-version-10/plutosdr-fw/hdl/projects/e200/e200.gen/sources_1/bd/system/ipshared/5880/axi_dmac_regmap_request.v:339]
INFO: [Synth 8-6155] done synthesizing module 'axi_dmac_regmap_request' (0#1) [/home/dator2/Documents/fw-antsdr-version-10/plutosdr-fw/hdl/projects/e200/e200.gen/sources_1/bd/system/ipshared/5880/axi_dmac_regmap_request.v:38]
INFO: [Synth 8-6157] synthesizing module 'up_axi' [/home/dator2/Documents/fw-antsdr-version-10/plutosdr-fw/hdl/projects/e200/e200.gen/sources_1/bd/system/ipshared/5880/_1/common/up_axi.v:38]
INFO: [Synth 8-6155] done synthesizing module 'up_axi' (0#1) [/home/dator2/Documents/fw-antsdr-version-10/plutosdr-fw/hdl/projects/e200/e200.gen/sources_1/bd/system/ipshared/5880/_1/common/up_axi.v:38]
INFO: [Synth 8-6155] done synthesizing module 'axi_dmac_regmap' (0#1) [/home/dator2/Documents/fw-antsdr-version-10/plutosdr-fw/hdl/projects/e200/e200.gen/sources_1/bd/system/ipshared/5880/axi_dmac_regmap.v:38]
INFO: [Synth 8-6157] synthesizing module 'axi_dmac_transfer' [/home/dator2/Documents/fw-antsdr-version-10/plutosdr-fw/hdl/projects/e200/e200.gen/sources_1/bd/system/ipshared/5880/axi_dmac_transfer.v:38]
INFO: [Synth 8-6157] synthesizing module 'axi_dmac_reset_manager' [/home/dator2/Documents/fw-antsdr-version-10/plutosdr-fw/hdl/projects/e200/e200.gen/sources_1/bd/system/ipshared/5880/axi_dmac_reset_manager.v:38]
INFO: [Synth 8-155] case statement is not full and has no default [/home/dator2/Documents/fw-antsdr-version-10/plutosdr-fw/hdl/projects/e200/e200.gen/sources_1/bd/system/ipshared/5880/axi_dmac_reset_manager.v:171]
INFO: [Synth 8-6157] synthesizing module 'sync_bits' [/home/dator2/Documents/fw-antsdr-version-10/plutosdr-fw/hdl/projects/e200/e200.gen/sources_1/bd/system/ipshared/2c96/sync_bits.v:46]
INFO: [Synth 8-6155] done synthesizing module 'sync_bits' (0#1) [/home/dator2/Documents/fw-antsdr-version-10/plutosdr-fw/hdl/projects/e200/e200.gen/sources_1/bd/system/ipshared/2c96/sync_bits.v:46]
INFO: [Synth 8-6155] done synthesizing module 'axi_dmac_reset_manager' (0#1) [/home/dator2/Documents/fw-antsdr-version-10/plutosdr-fw/hdl/projects/e200/e200.gen/sources_1/bd/system/ipshared/5880/axi_dmac_reset_manager.v:38]
INFO: [Synth 8-6157] synthesizing module 'request_arb' [/home/dator2/Documents/fw-antsdr-version-10/plutosdr-fw/hdl/projects/e200/e200.gen/sources_1/bd/system/ipshared/5880/request_arb.v:38]
INFO: [Synth 8-6157] synthesizing module 'dest_axi_mm' [/home/dator2/Documents/fw-antsdr-version-10/plutosdr-fw/hdl/projects/e200/e200.gen/sources_1/bd/system/ipshared/5880/dest_axi_mm.v:38]
INFO: [Synth 8-6157] synthesizing module 'address_generator' [/home/dator2/Documents/fw-antsdr-version-10/plutosdr-fw/hdl/projects/e200/e200.gen/sources_1/bd/system/ipshared/5880/address_generator.v:38]
INFO: [Synth 8-6155] done synthesizing module 'address_generator' (0#1) [/home/dator2/Documents/fw-antsdr-version-10/plutosdr-fw/hdl/projects/e200/e200.gen/sources_1/bd/system/ipshared/5880/address_generator.v:38]
INFO: [Synth 8-6157] synthesizing module 'response_handler' [/home/dator2/Documents/fw-antsdr-version-10/plutosdr-fw/hdl/projects/e200/e200.gen/sources_1/bd/system/ipshared/5880/response_handler.v:38]
INFO: [Synth 8-6155] done synthesizing module 'response_handler' (0#1) [/home/dator2/Documents/fw-antsdr-version-10/plutosdr-fw/hdl/projects/e200/e200.gen/sources_1/bd/system/ipshared/5880/response_handler.v:38]
INFO: [Synth 8-6155] done synthesizing module 'dest_axi_mm' (0#1) [/home/dator2/Documents/fw-antsdr-version-10/plutosdr-fw/hdl/projects/e200/e200.gen/sources_1/bd/system/ipshared/5880/dest_axi_mm.v:38]
INFO: [Synth 8-6157] synthesizing module 'util_axis_fifo__parameterized0' [/home/dator2/Documents/fw-antsdr-version-10/plutosdr-fw/hdl/projects/e200/e200.gen/sources_1/bd/system/ipshared/f158/util_axis_fifo.v:37]
WARNING: [Synth 8-693] zero replication count - replication ignored [/home/dator2/Documents/fw-antsdr-version-10/plutosdr-fw/hdl/projects/e200/e200.gen/sources_1/bd/system/ipshared/f158/util_axis_fifo.v:224]
INFO: [Synth 8-6155] done synthesizing module 'util_axis_fifo__parameterized0' (0#1) [/home/dator2/Documents/fw-antsdr-version-10/plutosdr-fw/hdl/projects/e200/e200.gen/sources_1/bd/system/ipshared/f158/util_axis_fifo.v:37]
WARNING: [Synth 8-7071] port 'm_axis_tkeep' of module 'util_axis_fifo' is unconnected for instance 'i_src_dest_bl_fifo' [/home/dator2/Documents/fw-antsdr-version-10/plutosdr-fw/hdl/projects/e200/e200.gen/sources_1/bd/system/ipshared/5880/request_arb.v:427]
WARNING: [Synth 8-7071] port 'm_axis_tlast' of module 'util_axis_fifo' is unconnected for instance 'i_src_dest_bl_fifo' [/home/dator2/Documents/fw-antsdr-version-10/plutosdr-fw/hdl/projects/e200/e200.gen/sources_1/bd/system/ipshared/5880/request_arb.v:427]
WARNING: [Synth 8-7071] port 'm_axis_almost_empty' of module 'util_axis_fifo' is unconnected for instance 'i_src_dest_bl_fifo' [/home/dator2/Documents/fw-antsdr-version-10/plutosdr-fw/hdl/projects/e200/e200.gen/sources_1/bd/system/ipshared/5880/request_arb.v:427]
WARNING: [Synth 8-7071] port 's_axis_tkeep' of module 'util_axis_fifo' is unconnected for instance 'i_src_dest_bl_fifo' [/home/dator2/Documents/fw-antsdr-version-10/plutosdr-fw/hdl/projects/e200/e200.gen/sources_1/bd/system/ipshared/5880/request_arb.v:427]
WARNING: [Synth 8-7071] port 's_axis_tlast' of module 'util_axis_fifo' is unconnected for instance 'i_src_dest_bl_fifo' [/home/dator2/Documents/fw-antsdr-version-10/plutosdr-fw/hdl/projects/e200/e200.gen/sources_1/bd/system/ipshared/5880/request_arb.v:427]
WARNING: [Synth 8-7071] port 's_axis_almost_full' of module 'util_axis_fifo' is unconnected for instance 'i_src_dest_bl_fifo' [/home/dator2/Documents/fw-antsdr-version-10/plutosdr-fw/hdl/projects/e200/e200.gen/sources_1/bd/system/ipshared/5880/request_arb.v:427]
WARNING: [Synth 8-7023] instance 'i_src_dest_bl_fifo' of module 'util_axis_fifo' has 20 connections declared, but only 14 given [/home/dator2/Documents/fw-antsdr-version-10/plutosdr-fw/hdl/projects/e200/e200.gen/sources_1/bd/system/ipshared/5880/request_arb.v:427]
INFO: [Synth 8-6157] synthesizing module 'src_axi_stream' [/home/dator2/Documents/fw-antsdr-version-10/plutosdr-fw/hdl/projects/e200/e200.gen/sources_1/bd/system/ipshared/5880/src_axi_stream.v:38]
INFO: [Synth 8-6157] synthesizing module 'data_mover' [/home/dator2/Documents/fw-antsdr-version-10/plutosdr-fw/hdl/projects/e200/e200.gen/sources_1/bd/system/ipshared/5880/data_mover.v:38]
INFO: [Synth 8-6155] done synthesizing module 'data_mover' (0#1) [/home/dator2/Documents/fw-antsdr-version-10/plutosdr-fw/hdl/projects/e200/e200.gen/sources_1/bd/system/ipshared/5880/data_mover.v:38]
INFO: [Synth 8-6155] done synthesizing module 'src_axi_stream' (0#1) [/home/dator2/Documents/fw-antsdr-version-10/plutosdr-fw/hdl/projects/e200/e200.gen/sources_1/bd/system/ipshared/5880/src_axi_stream.v:38]
INFO: [Synth 8-6157] synthesizing module 'util_axis_fifo__parameterized1' [/home/dator2/Documents/fw-antsdr-version-10/plutosdr-fw/hdl/projects/e200/e200.gen/sources_1/bd/system/ipshared/f158/util_axis_fifo.v:37]
WARNING: [Synth 8-693] zero replication count - replication ignored [/home/dator2/Documents/fw-antsdr-version-10/plutosdr-fw/hdl/projects/e200/e200.gen/sources_1/bd/system/ipshared/f158/util_axis_fifo.v:224]
INFO: [Synth 8-6155] done synthesizing module 'util_axis_fifo__parameterized1' (0#1) [/home/dator2/Documents/fw-antsdr-version-10/plutosdr-fw/hdl/projects/e200/e200.gen/sources_1/bd/system/ipshared/f158/util_axis_fifo.v:37]
WARNING: [Synth 8-7071] port 'm_axis_tkeep' of module 'util_axis_fifo' is unconnected for instance 'i_rewind_req_fifo' [/home/dator2/Documents/fw-antsdr-version-10/plutosdr-fw/hdl/projects/e200/e200.gen/sources_1/bd/system/ipshared/5880/request_arb.v:765]
WARNING: [Synth 8-7071] port 'm_axis_tlast' of module 'util_axis_fifo' is unconnected for instance 'i_rewind_req_fifo' [/home/dator2/Documents/fw-antsdr-version-10/plutosdr-fw/hdl/projects/e200/e200.gen/sources_1/bd/system/ipshared/5880/request_arb.v:765]
WARNING: [Synth 8-7071] port 'm_axis_almost_empty' of module 'util_axis_fifo' is unconnected for instance 'i_rewind_req_fifo' [/home/dator2/Documents/fw-antsdr-version-10/plutosdr-fw/hdl/projects/e200/e200.gen/sources_1/bd/system/ipshared/5880/request_arb.v:765]
WARNING: [Synth 8-7071] port 's_axis_tkeep' of module 'util_axis_fifo' is unconnected for instance 'i_rewind_req_fifo' [/home/dator2/Documents/fw-antsdr-version-10/plutosdr-fw/hdl/projects/e200/e200.gen/sources_1/bd/system/ipshared/5880/request_arb.v:765]
WARNING: [Synth 8-7071] port 's_axis_tlast' of module 'util_axis_fifo' is unconnected for instance 'i_rewind_req_fifo' [/home/dator2/Documents/fw-antsdr-version-10/plutosdr-fw/hdl/projects/e200/e200.gen/sources_1/bd/system/ipshared/5880/request_arb.v:765]
WARNING: [Synth 8-7071] port 's_axis_almost_full' of module 'util_axis_fifo' is unconnected for instance 'i_rewind_req_fifo' [/home/dator2/Documents/fw-antsdr-version-10/plutosdr-fw/hdl/projects/e200/e200.gen/sources_1/bd/system/ipshared/5880/request_arb.v:765]
WARNING: [Synth 8-7023] instance 'i_rewind_req_fifo' of module 'util_axis_fifo' has 20 connections declared, but only 14 given [/home/dator2/Documents/fw-antsdr-version-10/plutosdr-fw/hdl/projects/e200/e200.gen/sources_1/bd/system/ipshared/5880/request_arb.v:765]
INFO: [Synth 8-6157] synthesizing module 'sync_event' [/home/dator2/Documents/fw-antsdr-version-10/plutosdr-fw/hdl/projects/e200/e200.gen/sources_1/bd/system/ipshared/2c96/sync_event.v:38]
INFO: [Synth 8-6155] done synthesizing module 'sync_event' (0#1) [/home/dator2/Documents/fw-antsdr-version-10/plutosdr-fw/hdl/projects/e200/e200.gen/sources_1/bd/system/ipshared/2c96/sync_event.v:38]
INFO: [Synth 8-6157] synthesizing module 'sync_bits__parameterized0' [/home/dator2/Documents/fw-antsdr-version-10/plutosdr-fw/hdl/projects/e200/e200.gen/sources_1/bd/system/ipshared/2c96/sync_bits.v:46]
INFO: [Synth 8-6155] done synthesizing module 'sync_bits__parameterized0' (0#1) [/home/dator2/Documents/fw-antsdr-version-10/plutosdr-fw/hdl/projects/e200/e200.gen/sources_1/bd/system/ipshared/2c96/sync_bits.v:46]
INFO: [Synth 8-6157] synthesizing module 'axi_register_slice' [/home/dator2/Documents/fw-antsdr-version-10/plutosdr-fw/hdl/projects/e200/e200.gen/sources_1/bd/system/ipshared/5880/axi_register_slice.v:38]
INFO: [Synth 8-6155] done synthesizing module 'axi_register_slice' (0#1) [/home/dator2/Documents/fw-antsdr-version-10/plutosdr-fw/hdl/projects/e200/e200.gen/sources_1/bd/system/ipshared/5880/axi_register_slice.v:38]
INFO: [Synth 8-6157] synthesizing module 'axi_dmac_burst_memory' [/home/dator2/Documents/fw-antsdr-version-10/plutosdr-fw/hdl/projects/e200/e200.gen/sources_1/bd/system/ipshared/5880/axi_dmac_burst_memory.v:38]
INFO: [Synth 8-6157] synthesizing module 'axi_dmac_resize_src' [/home/dator2/Documents/fw-antsdr-version-10/plutosdr-fw/hdl/projects/e200/e200.gen/sources_1/bd/system/ipshared/5880/axi_dmac_resize_src.v:43]
INFO: [Synth 8-6155] done synthesizing module 'axi_dmac_resize_src' (0#1) [/home/dator2/Documents/fw-antsdr-version-10/plutosdr-fw/hdl/projects/e200/e200.gen/sources_1/bd/system/ipshared/5880/axi_dmac_resize_src.v:43]
INFO: [Synth 8-6157] synthesizing module 'ad_mem_asym' [/home/dator2/Documents/fw-antsdr-version-10/plutosdr-fw/hdl/projects/e200/e200.gen/sources_1/bd/system/ipshared/5880/_1/common/ad_mem_asym.v:41]
INFO: [Synth 8-6155] done synthesizing module 'ad_mem_asym' (0#1) [/home/dator2/Documents/fw-antsdr-version-10/plutosdr-fw/hdl/projects/e200/e200.gen/sources_1/bd/system/ipshared/5880/_1/common/ad_mem_asym.v:41]
INFO: [Synth 8-6157] synthesizing module 'axi_dmac_resize_dest' [/home/dator2/Documents/fw-antsdr-version-10/plutosdr-fw/hdl/projects/e200/e200.gen/sources_1/bd/system/ipshared/5880/axi_dmac_resize_dest.v:38]
INFO: [Synth 8-6155] done synthesizing module 'axi_dmac_resize_dest' (0#1) [/home/dator2/Documents/fw-antsdr-version-10/plutosdr-fw/hdl/projects/e200/e200.gen/sources_1/bd/system/ipshared/5880/axi_dmac_resize_dest.v:38]
INFO: [Synth 8-6155] done synthesizing module 'axi_dmac_burst_memory' (0#1) [/home/dator2/Documents/fw-antsdr-version-10/plutosdr-fw/hdl/projects/e200/e200.gen/sources_1/bd/system/ipshared/5880/axi_dmac_burst_memory.v:38]
INFO: [Synth 8-6157] synthesizing module 'axi_register_slice__parameterized0' [/home/dator2/Documents/fw-antsdr-version-10/plutosdr-fw/hdl/projects/e200/e200.gen/sources_1/bd/system/ipshared/5880/axi_register_slice.v:38]
INFO: [Synth 8-6155] done synthesizing module 'axi_register_slice__parameterized0' (0#1) [/home/dator2/Documents/fw-antsdr-version-10/plutosdr-fw/hdl/projects/e200/e200.gen/sources_1/bd/system/ipshared/5880/axi_register_slice.v:38]
INFO: [Synth 8-6157] synthesizing module 'util_axis_fifo__parameterized2' [/home/dator2/Documents/fw-antsdr-version-10/plutosdr-fw/hdl/projects/e200/e200.gen/sources_1/bd/system/ipshared/f158/util_axis_fifo.v:37]
INFO: [Synth 8-6155] done synthesizing module 'util_axis_fifo__parameterized2' (0#1) [/home/dator2/Documents/fw-antsdr-version-10/plutosdr-fw/hdl/projects/e200/e200.gen/sources_1/bd/system/ipshared/f158/util_axis_fifo.v:37]
WARNING: [Synth 8-7071] port 'm_axis_tkeep' of module 'util_axis_fifo' is unconnected for instance 'i_dest_req_fifo' [/home/dator2/Documents/fw-antsdr-version-10/plutosdr-fw/hdl/projects/e200/e200.gen/sources_1/bd/system/ipshared/5880/request_arb.v:1021]
WARNING: [Synth 8-7071] port 'm_axis_tlast' of module 'util_axis_fifo' is unconnected for instance 'i_dest_req_fifo' [/home/dator2/Documents/fw-antsdr-version-10/plutosdr-fw/hdl/projects/e200/e200.gen/sources_1/bd/system/ipshared/5880/request_arb.v:1021]
WARNING: [Synth 8-7071] port 'm_axis_almost_empty' of module 'util_axis_fifo' is unconnected for instance 'i_dest_req_fifo' [/home/dator2/Documents/fw-antsdr-version-10/plutosdr-fw/hdl/projects/e200/e200.gen/sources_1/bd/system/ipshared/5880/request_arb.v:1021]
WARNING: [Synth 8-7071] port 's_axis_tkeep' of module 'util_axis_fifo' is unconnected for instance 'i_dest_req_fifo' [/home/dator2/Documents/fw-antsdr-version-10/plutosdr-fw/hdl/projects/e200/e200.gen/sources_1/bd/system/ipshared/5880/request_arb.v:1021]
WARNING: [Synth 8-7071] port 's_axis_tlast' of module 'util_axis_fifo' is unconnected for instance 'i_dest_req_fifo' [/home/dator2/Documents/fw-antsdr-version-10/plutosdr-fw/hdl/projects/e200/e200.gen/sources_1/bd/system/ipshared/5880/request_arb.v:1021]
WARNING: [Synth 8-7071] port 's_axis_almost_full' of module 'util_axis_fifo' is unconnected for instance 'i_dest_req_fifo' [/home/dator2/Documents/fw-antsdr-version-10/plutosdr-fw/hdl/projects/e200/e200.gen/sources_1/bd/system/ipshared/5880/request_arb.v:1021]
WARNING: [Synth 8-7023] instance 'i_dest_req_fifo' of module 'util_axis_fifo' has 20 connections declared, but only 14 given [/home/dator2/Documents/fw-antsdr-version-10/plutosdr-fw/hdl/projects/e200/e200.gen/sources_1/bd/system/ipshared/5880/request_arb.v:1021]
INFO: [Synth 8-6157] synthesizing module 'util_axis_fifo__parameterized3' [/home/dator2/Documents/fw-antsdr-version-10/plutosdr-fw/hdl/projects/e200/e200.gen/sources_1/bd/system/ipshared/f158/util_axis_fifo.v:37]
INFO: [Synth 8-6155] done synthesizing module 'util_axis_fifo__parameterized3' (0#1) [/home/dator2/Documents/fw-antsdr-version-10/plutosdr-fw/hdl/projects/e200/e200.gen/sources_1/bd/system/ipshared/f158/util_axis_fifo.v:37]
WARNING: [Synth 8-7071] port 'm_axis_tkeep' of module 'util_axis_fifo' is unconnected for instance 'i_src_req_fifo' [/home/dator2/Documents/fw-antsdr-version-10/plutosdr-fw/hdl/projects/e200/e200.gen/sources_1/bd/system/ipshared/5880/request_arb.v:1046]
WARNING: [Synth 8-7071] port 'm_axis_tlast' of module 'util_axis_fifo' is unconnected for instance 'i_src_req_fifo' [/home/dator2/Documents/fw-antsdr-version-10/plutosdr-fw/hdl/projects/e200/e200.gen/sources_1/bd/system/ipshared/5880/request_arb.v:1046]
WARNING: [Synth 8-7071] port 'm_axis_almost_empty' of module 'util_axis_fifo' is unconnected for instance 'i_src_req_fifo' [/home/dator2/Documents/fw-antsdr-version-10/plutosdr-fw/hdl/projects/e200/e200.gen/sources_1/bd/system/ipshared/5880/request_arb.v:1046]
WARNING: [Synth 8-7071] port 's_axis_tkeep' of module 'util_axis_fifo' is unconnected for instance 'i_src_req_fifo' [/home/dator2/Documents/fw-antsdr-version-10/plutosdr-fw/hdl/projects/e200/e200.gen/sources_1/bd/system/ipshared/5880/request_arb.v:1046]
WARNING: [Synth 8-7071] port 's_axis_tlast' of module 'util_axis_fifo' is unconnected for instance 'i_src_req_fifo' [/home/dator2/Documents/fw-antsdr-version-10/plutosdr-fw/hdl/projects/e200/e200.gen/sources_1/bd/system/ipshared/5880/request_arb.v:1046]
WARNING: [Synth 8-7071] port 's_axis_almost_full' of module 'util_axis_fifo' is unconnected for instance 'i_src_req_fifo' [/home/dator2/Documents/fw-antsdr-version-10/plutosdr-fw/hdl/projects/e200/e200.gen/sources_1/bd/system/ipshared/5880/request_arb.v:1046]
WARNING: [Synth 8-7023] instance 'i_src_req_fifo' of module 'util_axis_fifo' has 20 connections declared, but only 14 given [/home/dator2/Documents/fw-antsdr-version-10/plutosdr-fw/hdl/projects/e200/e200.gen/sources_1/bd/system/ipshared/5880/request_arb.v:1046]
INFO: [Synth 8-6157] synthesizing module 'request_generator' [/home/dator2/Documents/fw-antsdr-version-10/plutosdr-fw/hdl/projects/e200/e200.gen/sources_1/bd/system/ipshared/5880/request_generator.v:38]
INFO: [Synth 8-6155] done synthesizing module 'request_generator' (0#1) [/home/dator2/Documents/fw-antsdr-version-10/plutosdr-fw/hdl/projects/e200/e200.gen/sources_1/bd/system/ipshared/5880/request_generator.v:38]
INFO: [Synth 8-6157] synthesizing module 'axi_dmac_response_manager' [/home/dator2/Documents/fw-antsdr-version-10/plutosdr-fw/hdl/projects/e200/e200.gen/sources_1/bd/system/ipshared/5880/axi_dmac_response_manager.v:38]
INFO: [Synth 8-6157] synthesizing module 'util_axis_fifo__parameterized4' [/home/dator2/Documents/fw-antsdr-version-10/plutosdr-fw/hdl/projects/e200/e200.gen/sources_1/bd/system/ipshared/f158/util_axis_fifo.v:37]
INFO: [Synth 8-6155] done synthesizing module 'util_axis_fifo__parameterized4' (0#1) [/home/dator2/Documents/fw-antsdr-version-10/plutosdr-fw/hdl/projects/e200/e200.gen/sources_1/bd/system/ipshared/f158/util_axis_fifo.v:37]
WARNING: [Synth 8-7071] port 'm_axis_tkeep' of module 'util_axis_fifo' is unconnected for instance 'i_dest_response_fifo' [/home/dator2/Documents/fw-antsdr-version-10/plutosdr-fw/hdl/projects/e200/e200.gen/sources_1/bd/system/ipshared/5880/axi_dmac_response_manager.v:119]
WARNING: [Synth 8-7071] port 'm_axis_tlast' of module 'util_axis_fifo' is unconnected for instance 'i_dest_response_fifo' [/home/dator2/Documents/fw-antsdr-version-10/plutosdr-fw/hdl/projects/e200/e200.gen/sources_1/bd/system/ipshared/5880/axi_dmac_response_manager.v:119]
WARNING: [Synth 8-7071] port 'm_axis_almost_empty' of module 'util_axis_fifo' is unconnected for instance 'i_dest_response_fifo' [/home/dator2/Documents/fw-antsdr-version-10/plutosdr-fw/hdl/projects/e200/e200.gen/sources_1/bd/system/ipshared/5880/axi_dmac_response_manager.v:119]
WARNING: [Synth 8-7071] port 's_axis_tkeep' of module 'util_axis_fifo' is unconnected for instance 'i_dest_response_fifo' [/home/dator2/Documents/fw-antsdr-version-10/plutosdr-fw/hdl/projects/e200/e200.gen/sources_1/bd/system/ipshared/5880/axi_dmac_response_manager.v:119]
WARNING: [Synth 8-7071] port 's_axis_tlast' of module 'util_axis_fifo' is unconnected for instance 'i_dest_response_fifo' [/home/dator2/Documents/fw-antsdr-version-10/plutosdr-fw/hdl/projects/e200/e200.gen/sources_1/bd/system/ipshared/5880/axi_dmac_response_manager.v:119]
WARNING: [Synth 8-7071] port 's_axis_almost_full' of module 'util_axis_fifo' is unconnected for instance 'i_dest_response_fifo' [/home/dator2/Documents/fw-antsdr-version-10/plutosdr-fw/hdl/projects/e200/e200.gen/sources_1/bd/system/ipshared/5880/axi_dmac_response_manager.v:119]
WARNING: [Synth 8-7023] instance 'i_dest_response_fifo' of module 'util_axis_fifo' has 20 connections declared, but only 14 given [/home/dator2/Documents/fw-antsdr-version-10/plutosdr-fw/hdl/projects/e200/e200.gen/sources_1/bd/system/ipshared/5880/axi_dmac_response_manager.v:119]
INFO: [Synth 8-6155] done synthesizing module 'axi_dmac_response_manager' (0#1) [/home/dator2/Documents/fw-antsdr-version-10/plutosdr-fw/hdl/projects/e200/e200.gen/sources_1/bd/system/ipshared/5880/axi_dmac_response_manager.v:38]
INFO: [Synth 8-6155] done synthesizing module 'request_arb' (0#1) [/home/dator2/Documents/fw-antsdr-version-10/plutosdr-fw/hdl/projects/e200/e200.gen/sources_1/bd/system/ipshared/5880/request_arb.v:38]
INFO: [Synth 8-6155] done synthesizing module 'axi_dmac_transfer' (0#1) [/home/dator2/Documents/fw-antsdr-version-10/plutosdr-fw/hdl/projects/e200/e200.gen/sources_1/bd/system/ipshared/5880/axi_dmac_transfer.v:38]
INFO: [Synth 8-6155] done synthesizing module 'axi_dmac' (0#1) [/home/dator2/Documents/fw-antsdr-version-10/plutosdr-fw/hdl/projects/e200/e200.gen/sources_1/bd/system/ipshared/5880/axi_dmac.v:38]
INFO: [Synth 8-6155] done synthesizing module 'system_axi_dmac_0_0' (0#1) [/home/dator2/Documents/fw-antsdr-version-10/plutosdr-fw/hdl/projects/e200/e200.gen/sources_1/bd/system/ip/system_axi_dmac_0_0/synth/system_axi_dmac_0_0.v:53]
WARNING: [Synth 8-6014] Unused sequential element memwrite.lsb_reg was removed.  [/home/dator2/Documents/fw-antsdr-version-10/plutosdr-fw/hdl/projects/e200/e200.gen/sources_1/bd/system/ipshared/5880/_1/common/ad_mem_asym.v:109]
Info : Asymmetric Ram write pattern identified
WARNING: [Synth 8-3848] Net m_sg_axi_arvalid in module/entity axi_dmac_transfer does not have driver. [/home/dator2/Documents/fw-antsdr-version-10/plutosdr-fw/hdl/projects/e200/e200.gen/sources_1/bd/system/ipshared/5880/axi_dmac_transfer.v:148]
WARNING: [Synth 8-3848] Net m_sg_axi_araddr in module/entity axi_dmac_transfer does not have driver. [/home/dator2/Documents/fw-antsdr-version-10/plutosdr-fw/hdl/projects/e200/e200.gen/sources_1/bd/system/ipshared/5880/axi_dmac_transfer.v:149]
WARNING: [Synth 8-3848] Net m_sg_axi_arlen in module/entity axi_dmac_transfer does not have driver. [/home/dator2/Documents/fw-antsdr-version-10/plutosdr-fw/hdl/projects/e200/e200.gen/sources_1/bd/system/ipshared/5880/axi_dmac_transfer.v:150]
WARNING: [Synth 8-3848] Net m_sg_axi_arsize in module/entity axi_dmac_transfer does not have driver. [/home/dator2/Documents/fw-antsdr-version-10/plutosdr-fw/hdl/projects/e200/e200.gen/sources_1/bd/system/ipshared/5880/axi_dmac_transfer.v:151]
WARNING: [Synth 8-3848] Net m_sg_axi_arburst in module/entity axi_dmac_transfer does not have driver. [/home/dator2/Documents/fw-antsdr-version-10/plutosdr-fw/hdl/projects/e200/e200.gen/sources_1/bd/system/ipshared/5880/axi_dmac_transfer.v:152]
WARNING: [Synth 8-3848] Net m_sg_axi_arprot in module/entity axi_dmac_transfer does not have driver. [/home/dator2/Documents/fw-antsdr-version-10/plutosdr-fw/hdl/projects/e200/e200.gen/sources_1/bd/system/ipshared/5880/axi_dmac_transfer.v:153]
WARNING: [Synth 8-3848] Net m_sg_axi_arcache in module/entity axi_dmac_transfer does not have driver. [/home/dator2/Documents/fw-antsdr-version-10/plutosdr-fw/hdl/projects/e200/e200.gen/sources_1/bd/system/ipshared/5880/axi_dmac_transfer.v:154]
WARNING: [Synth 8-3848] Net m_sg_axi_rready in module/entity axi_dmac_transfer does not have driver. [/home/dator2/Documents/fw-antsdr-version-10/plutosdr-fw/hdl/projects/e200/e200.gen/sources_1/bd/system/ipshared/5880/axi_dmac_transfer.v:159]
WARNING: [Synth 8-7129] Port m_axis_aclk in module util_axis_fifo__parameterized4 is either unconnected or has no load
WARNING: [Synth 8-7129] Port m_axis_aresetn in module util_axis_fifo__parameterized4 is either unconnected or has no load
WARNING: [Synth 8-7129] Port s_axis_tkeep[0] in module util_axis_fifo__parameterized4 is either unconnected or has no load
WARNING: [Synth 8-7129] Port s_axis_tlast in module util_axis_fifo__parameterized4 is either unconnected or has no load
WARNING: [Synth 8-7129] Port dest_response_resp[1] in module axi_dmac_response_manager is either unconnected or has no load
WARNING: [Synth 8-7129] Port dest_response_resp[0] in module axi_dmac_response_manager is either unconnected or has no load
WARNING: [Synth 8-7129] Port m_axis_aclk in module util_axis_fifo__parameterized3 is either unconnected or has no load
WARNING: [Synth 8-7129] Port m_axis_aresetn in module util_axis_fifo__parameterized3 is either unconnected or has no load
WARNING: [Synth 8-7129] Port s_axis_tkeep[6] in module util_axis_fifo__parameterized3 is either unconnected or has no load
WARNING: [Synth 8-7129] Port s_axis_tkeep[5] in module util_axis_fifo__parameterized3 is either unconnected or has no load
WARNING: [Synth 8-7129] Port s_axis_tkeep[4] in module util_axis_fifo__parameterized3 is either unconnected or has no load
WARNING: [Synth 8-7129] Port s_axis_tkeep[3] in module util_axis_fifo__parameterized3 is either unconnected or has no load
WARNING: [Synth 8-7129] Port s_axis_tkeep[2] in module util_axis_fifo__parameterized3 is either unconnected or has no load
WARNING: [Synth 8-7129] Port s_axis_tkeep[1] in module util_axis_fifo__parameterized3 is either unconnected or has no load
WARNING: [Synth 8-7129] Port s_axis_tkeep[0] in module util_axis_fifo__parameterized3 is either unconnected or has no load
WARNING: [Synth 8-7129] Port s_axis_tlast in module util_axis_fifo__parameterized3 is either unconnected or has no load
WARNING: [Synth 8-7129] Port m_axis_aclk in module util_axis_fifo__parameterized2 is either unconnected or has no load
WARNING: [Synth 8-7129] Port m_axis_aresetn in module util_axis_fifo__parameterized2 is either unconnected or has no load
WARNING: [Synth 8-7129] Port s_axis_tkeep[2] in module util_axis_fifo__parameterized2 is either unconnected or has no load
WARNING: [Synth 8-7129] Port s_axis_tkeep[1] in module util_axis_fifo__parameterized2 is either unconnected or has no load
WARNING: [Synth 8-7129] Port s_axis_tkeep[0] in module util_axis_fifo__parameterized2 is either unconnected or has no load
WARNING: [Synth 8-7129] Port s_axis_tlast in module util_axis_fifo__parameterized2 is either unconnected or has no load
WARNING: [Synth 8-7129] Port clk in module axi_register_slice__parameterized0 is either unconnected or has no load
WARNING: [Synth 8-7129] Port resetn in module axi_register_slice__parameterized0 is either unconnected or has no load
WARNING: [Synth 8-7129] Port out_resetn in module sync_bits__parameterized0 is either unconnected or has no load
WARNING: [Synth 8-7129] Port out_clk in module sync_bits__parameterized0 is either unconnected or has no load
WARNING: [Synth 8-7129] Port clk in module axi_dmac_resize_dest is either unconnected or has no load
WARNING: [Synth 8-7129] Port reset in module axi_dmac_resize_dest is either unconnected or has no load
WARNING: [Synth 8-7129] Port clk in module axi_dmac_resize_src is either unconnected or has no load
WARNING: [Synth 8-7129] Port reset in module axi_dmac_resize_src is either unconnected or has no load
WARNING: [Synth 8-7129] Port clk in module axi_register_slice is either unconnected or has no load
WARNING: [Synth 8-7129] Port resetn in module axi_register_slice is either unconnected or has no load
WARNING: [Synth 8-7129] Port in_clk in module sync_event is either unconnected or has no load
WARNING: [Synth 8-7129] Port out_clk in module sync_event is either unconnected or has no load
WARNING: [Synth 8-7129] Port m_axis_aclk in module util_axis_fifo__parameterized1 is either unconnected or has no load
WARNING: [Synth 8-7129] Port m_axis_aresetn in module util_axis_fifo__parameterized1 is either unconnected or has no load
WARNING: [Synth 8-7129] Port s_axis_tkeep[-1] in module util_axis_fifo__parameterized1 is either unconnected or has no load
WARNING: [Synth 8-7129] Port s_axis_tkeep[0] in module util_axis_fifo__parameterized1 is either unconnected or has no load
WARNING: [Synth 8-7129] Port s_axis_tlast in module util_axis_fifo__parameterized1 is either unconnected or has no load
WARNING: [Synth 8-7129] Port req_sync in module src_axi_stream is either unconnected or has no load
WARNING: [Synth 8-7129] Port m_axis_aclk in module util_axis_fifo__parameterized0 is either unconnected or has no load
WARNING: [Synth 8-7129] Port m_axis_aresetn in module util_axis_fifo__parameterized0 is either unconnected or has no load
WARNING: [Synth 8-7129] Port s_axis_tkeep[-1] in module util_axis_fifo__parameterized0 is either unconnected or has no load
WARNING: [Synth 8-7129] Port s_axis_tkeep[0] in module util_axis_fifo__parameterized0 is either unconnected or has no load
WARNING: [Synth 8-7129] Port s_axis_tlast in module util_axis_fifo__parameterized0 is either unconnected or has no load
WARNING: [Synth 8-7129] Port m_src_axi_aclk in module request_arb is either unconnected or has no load
WARNING: [Synth 8-7129] Port m_src_axi_aresetn in module request_arb is either unconnected or has no load
WARNING: [Synth 8-7129] Port m_axi_arready in module request_arb is either unconnected or has no load
WARNING: [Synth 8-7129] Port m_axi_rdata[127] in module request_arb is either unconnected or has no load
WARNING: [Synth 8-7129] Port m_axi_rdata[126] in module request_arb is either unconnected or has no load
WARNING: [Synth 8-7129] Port m_axi_rdata[125] in module request_arb is either unconnected or has no load
WARNING: [Synth 8-7129] Port m_axi_rdata[124] in module request_arb is either unconnected or has no load
WARNING: [Synth 8-7129] Port m_axi_rdata[123] in module request_arb is either unconnected or has no load
WARNING: [Synth 8-7129] Port m_axi_rdata[122] in module request_arb is either unconnected or has no load
WARNING: [Synth 8-7129] Port m_axi_rdata[121] in module request_arb is either unconnected or has no load
WARNING: [Synth 8-7129] Port m_axi_rdata[120] in module request_arb is either unconnected or has no load
WARNING: [Synth 8-7129] Port m_axi_rdata[119] in module request_arb is either unconnected or has no load
WARNING: [Synth 8-7129] Port m_axi_rdata[118] in module request_arb is either unconnected or has no load
WARNING: [Synth 8-7129] Port m_axi_rdata[117] in module request_arb is either unconnected or has no load
WARNING: [Synth 8-7129] Port m_axi_rdata[116] in module request_arb is either unconnected or has no load
WARNING: [Synth 8-7129] Port m_axi_rdata[115] in module request_arb is either unconnected or has no load
WARNING: [Synth 8-7129] Port m_axi_rdata[114] in module request_arb is either unconnected or has no load
WARNING: [Synth 8-7129] Port m_axi_rdata[113] in module request_arb is either unconnected or has no load
WARNING: [Synth 8-7129] Port m_axi_rdata[112] in module request_arb is either unconnected or has no load
WARNING: [Synth 8-7129] Port m_axi_rdata[111] in module request_arb is either unconnected or has no load
WARNING: [Synth 8-7129] Port m_axi_rdata[110] in module request_arb is either unconnected or has no load
WARNING: [Synth 8-7129] Port m_axi_rdata[109] in module request_arb is either unconnected or has no load
WARNING: [Synth 8-7129] Port m_axi_rdata[108] in module request_arb is either unconnected or has no load
WARNING: [Synth 8-7129] Port m_axi_rdata[107] in module request_arb is either unconnected or has no load
WARNING: [Synth 8-7129] Port m_axi_rdata[106] in module request_arb is either unconnected or has no load
WARNING: [Synth 8-7129] Port m_axi_rdata[105] in module request_arb is either unconnected or has no load
WARNING: [Synth 8-7129] Port m_axi_rdata[104] in module request_arb is either unconnected or has no load
WARNING: [Synth 8-7129] Port m_axi_rdata[103] in module request_arb is either unconnected or has no load
WARNING: [Synth 8-7129] Port m_axi_rdata[102] in module request_arb is either unconnected or has no load
WARNING: [Synth 8-7129] Port m_axi_rdata[101] in module request_arb is either unconnected or has no load
WARNING: [Synth 8-7129] Port m_axi_rdata[100] in module request_arb is either unconnected or has no load
WARNING: [Synth 8-7129] Port m_axi_rdata[99] in module request_arb is either unconnected or has no load
WARNING: [Synth 8-7129] Port m_axi_rdata[98] in module request_arb is either unconnected or has no load
WARNING: [Synth 8-7129] Port m_axi_rdata[97] in module request_arb is either unconnected or has no load
WARNING: [Synth 8-7129] Port m_axi_rdata[96] in module request_arb is either unconnected or has no load
WARNING: [Synth 8-7129] Port m_axi_rdata[95] in module request_arb is either unconnected or has no load
WARNING: [Synth 8-7129] Port m_axi_rdata[94] in module request_arb is either unconnected or has no load
WARNING: [Synth 8-7129] Port m_axi_rdata[93] in module request_arb is either unconnected or has no load
WARNING: [Synth 8-7129] Port m_axi_rdata[92] in module request_arb is either unconnected or has no load
WARNING: [Synth 8-7129] Port m_axi_rdata[91] in module request_arb is either unconnected or has no load
WARNING: [Synth 8-7129] Port m_axi_rdata[90] in module request_arb is either unconnected or has no load
WARNING: [Synth 8-7129] Port m_axi_rdata[89] in module request_arb is either unconnected or has no load
WARNING: [Synth 8-7129] Port m_axi_rdata[88] in module request_arb is either unconnected or has no load
WARNING: [Synth 8-7129] Port m_axi_rdata[87] in module request_arb is either unconnected or has no load
WARNING: [Synth 8-7129] Port m_axi_rdata[86] in module request_arb is either unconnected or has no load
WARNING: [Synth 8-7129] Port m_axi_rdata[85] in module request_arb is either unconnected or has no load
WARNING: [Synth 8-7129] Port m_axi_rdata[84] in module request_arb is either unconnected or has no load
WARNING: [Synth 8-7129] Port m_axi_rdata[83] in module request_arb is either unconnected or has no load
WARNING: [Synth 8-7129] Port m_axi_rdata[82] in module request_arb is either unconnected or has no load
WARNING: [Synth 8-7129] Port m_axi_rdata[81] in module request_arb is either unconnected or has no load
WARNING: [Synth 8-7129] Port m_axi_rdata[80] in module request_arb is either unconnected or has no load
WARNING: [Synth 8-7129] Port m_axi_rdata[79] in module request_arb is either unconnected or has no load
WARNING: [Synth 8-7129] Port m_axi_rdata[78] in module request_arb is either unconnected or has no load
WARNING: [Synth 8-7129] Port m_axi_rdata[77] in module request_arb is either unconnected or has no load
WARNING: [Synth 8-7129] Port m_axi_rdata[76] in module request_arb is either unconnected or has no load
INFO: [Common 17-14] Message 'Synth 8-7129' appears 100 times and further instances of the messages will be disabled. Use the Tcl command set_msg_config to change the current settings.
---------------------------------------------------------------------------------
Finished RTL Elaboration : Time (s): cpu = 00:00:04 ; elapsed = 00:00:04 . Memory (MB): peak = 2135.824 ; gain = 495.598 ; free physical = 1929 ; free virtual = 8152
---------------------------------------------------------------------------------
---------------------------------------------------------------------------------
Start Handling Custom Attributes
---------------------------------------------------------------------------------
---------------------------------------------------------------------------------
Finished Handling Custom Attributes : Time (s): cpu = 00:00:04 ; elapsed = 00:00:04 . Memory (MB): peak = 2150.668 ; gain = 510.441 ; free physical = 1929 ; free virtual = 8152
---------------------------------------------------------------------------------
---------------------------------------------------------------------------------
Finished RTL Optimization Phase 1 : Time (s): cpu = 00:00:04 ; elapsed = 00:00:04 . Memory (MB): peak = 2150.668 ; gain = 510.441 ; free physical = 1929 ; free virtual = 8152
---------------------------------------------------------------------------------
Netlist sorting complete. Time (s): cpu = 00:00:00.02 ; elapsed = 00:00:00.02 . Memory (MB): peak = 2150.668 ; gain = 0.000 ; free physical = 1929 ; free virtual = 8152
INFO: [Project 1-570] Preparing netlist for logic optimization

Processing XDC Constraints
Initializing timing engine
Parsing XDC File [/home/dator2/Documents/fw-antsdr-version-10/plutosdr-fw/hdl/projects/e200/e200.runs/system_axi_dmac_0_0_synth_1/dont_touch.xdc]
Finished Parsing XDC File [/home/dator2/Documents/fw-antsdr-version-10/plutosdr-fw/hdl/projects/e200/e200.runs/system_axi_dmac_0_0_synth_1/dont_touch.xdc]
Parsing XDC File [/home/dator2/Documents/fw-antsdr-version-10/plutosdr-fw/hdl/projects/e200/e200.gen/sources_1/bd/system/ip/system_axi_dmac_0_0/system_axi_dmac_0_0_constr.xdc] for cell 'inst'
WARNING: [Vivado 12-1008] No clocks found for command 'get_clocks -of_objects [get_ports [list m_dest_axi_aclk s_axi_aclk s_axis_aclk]]'. [/home/dator2/Documents/fw-antsdr-version-10/plutosdr-fw/hdl/projects/e200/e200.gen/sources_1/bd/system/ip/system_axi_dmac_0_0/system_axi_dmac_0_0_constr.xdc:14]
Resolution: Verify the create_clock command was called to create the clock object before it is referenced.
INFO: [Vivado 12-626] No clocks found. Please use 'create_clock' or 'create_generated_clock' command to create clocks. [/home/dator2/Documents/fw-antsdr-version-10/plutosdr-fw/hdl/projects/e200/e200.gen/sources_1/bd/system/ip/system_axi_dmac_0_0/system_axi_dmac_0_0_constr.xdc:14]
WARNING: [Vivado 12-1008] No clocks found for command 'get_clocks -of_objects [get_ports [list m_dest_axi_aclk s_axi_aclk s_axis_aclk]]'. [/home/dator2/Documents/fw-antsdr-version-10/plutosdr-fw/hdl/projects/e200/e200.gen/sources_1/bd/system/ip/system_axi_dmac_0_0/system_axi_dmac_0_0_constr.xdc:15]
Resolution: Verify the create_clock command was called to create the clock object before it is referenced.
INFO: [Vivado 12-626] No clocks found. Please use 'create_clock' or 'create_generated_clock' command to create clocks. [/home/dator2/Documents/fw-antsdr-version-10/plutosdr-fw/hdl/projects/e200/e200.gen/sources_1/bd/system/ip/system_axi_dmac_0_0/system_axi_dmac_0_0_constr.xdc:15]
WARNING: [Vivado 12-1008] No clocks found for command 'get_clocks -of_objects [get_ports [list m_dest_axi_aclk s_axi_aclk s_axis_aclk]]'. [/home/dator2/Documents/fw-antsdr-version-10/plutosdr-fw/hdl/projects/e200/e200.gen/sources_1/bd/system/ip/system_axi_dmac_0_0/system_axi_dmac_0_0_constr.xdc:16]
Resolution: Verify the create_clock command was called to create the clock object before it is referenced.
INFO: [Vivado 12-626] No clocks found. Please use 'create_clock' or 'create_generated_clock' command to create clocks. [/home/dator2/Documents/fw-antsdr-version-10/plutosdr-fw/hdl/projects/e200/e200.gen/sources_1/bd/system/ip/system_axi_dmac_0_0/system_axi_dmac_0_0_constr.xdc:16]
Finished Parsing XDC File [/home/dator2/Documents/fw-antsdr-version-10/plutosdr-fw/hdl/projects/e200/e200.gen/sources_1/bd/system/ip/system_axi_dmac_0_0/system_axi_dmac_0_0_constr.xdc] for cell 'inst'
Completed Processing XDC Constraints

Netlist sorting complete. Time (s): cpu = 00:00:00 ; elapsed = 00:00:00 . Memory (MB): peak = 2298.418 ; gain = 0.000 ; free physical = 1923 ; free virtual = 8146
INFO: [Project 1-111] Unisim Transformation Summary:
No Unisim elements were transformed.

Constraint Validation Runtime : Time (s): cpu = 00:00:00.02 ; elapsed = 00:00:00.02 . Memory (MB): peak = 2298.453 ; gain = 0.000 ; free physical = 1923 ; free virtual = 8146
INFO: [Designutils 20-5008] Incremental synthesis strategy off
---------------------------------------------------------------------------------
Finished Constraint Validation : Time (s): cpu = 00:00:08 ; elapsed = 00:00:08 . Memory (MB): peak = 2298.453 ; gain = 658.227 ; free physical = 1924 ; free virtual = 8147
---------------------------------------------------------------------------------
---------------------------------------------------------------------------------
Start Loading Part and Timing Information
---------------------------------------------------------------------------------
Loading part: xc7z020clg400-2
---------------------------------------------------------------------------------
Finished Loading Part and Timing Information : Time (s): cpu = 00:00:08 ; elapsed = 00:00:08 . Memory (MB): peak = 2298.453 ; gain = 658.227 ; free physical = 1924 ; free virtual = 8147
---------------------------------------------------------------------------------
---------------------------------------------------------------------------------
Start Applying 'set_property' XDC Constraints
---------------------------------------------------------------------------------
Applied set_property KEEP_HIERARCHY = SOFT for inst. (constraint file  /home/dator2/Documents/fw-antsdr-version-10/plutosdr-fw/hdl/projects/e200/e200.runs/system_axi_dmac_0_0_synth_1/dont_touch.xdc, line 9).
Applied set_property SHREG_EXTRACT = NO for inst/i_transfer/i_reset_manager/\reset_gen[0].reset_async_reg . (constraint file  /home/dator2/Documents/fw-antsdr-version-10/plutosdr-fw/hdl/projects/e200/e200.gen/sources_1/bd/system/ip/system_axi_dmac_0_0/system_axi_dmac_0_0_constr.xdc, line 42).
Applied set_property SHREG_EXTRACT = NO for inst/i_transfer/i_reset_manager/\reset_gen[0].reset_async_reg . (constraint file  /home/dator2/Documents/fw-antsdr-version-10/plutosdr-fw/hdl/projects/e200/e200.gen/sources_1/bd/system/ip/system_axi_dmac_0_0/system_axi_dmac_0_0_constr.xdc, line 42).
Applied set_property SHREG_EXTRACT = NO for inst/i_transfer/i_reset_manager/\reset_gen[0].reset_async_reg . (constraint file  /home/dator2/Documents/fw-antsdr-version-10/plutosdr-fw/hdl/projects/e200/e200.gen/sources_1/bd/system/ip/system_axi_dmac_0_0/system_axi_dmac_0_0_constr.xdc, line 42).
Applied set_property SHREG_EXTRACT = NO for inst/i_transfer/i_reset_manager/\reset_gen[0].reset_async_reg . (constraint file  /home/dator2/Documents/fw-antsdr-version-10/plutosdr-fw/hdl/projects/e200/e200.gen/sources_1/bd/system/ip/system_axi_dmac_0_0/system_axi_dmac_0_0_constr.xdc, line 42).
Applied set_property ASYNC_REG = true for inst/i_transfer/i_reset_manager/\reset_gen[0].reset_async_reg . (constraint file  /home/dator2/Documents/fw-antsdr-version-10/plutosdr-fw/hdl/projects/e200/e200.gen/sources_1/bd/system/ip/system_axi_dmac_0_0/system_axi_dmac_0_0_constr.xdc, line 42).
Applied set_property ASYNC_REG = true for inst/i_transfer/i_reset_manager/\reset_gen[0].reset_async_reg . (constraint file  /home/dator2/Documents/fw-antsdr-version-10/plutosdr-fw/hdl/projects/e200/e200.gen/sources_1/bd/system/ip/system_axi_dmac_0_0/system_axi_dmac_0_0_constr.xdc, line 42).
Applied set_property ASYNC_REG = true for inst/i_transfer/i_reset_manager/\reset_gen[0].reset_async_reg . (constraint file  /home/dator2/Documents/fw-antsdr-version-10/plutosdr-fw/hdl/projects/e200/e200.gen/sources_1/bd/system/ip/system_axi_dmac_0_0/system_axi_dmac_0_0_constr.xdc, line 42).
Applied set_property ASYNC_REG = true for inst/i_transfer/i_reset_manager/\reset_gen[0].reset_async_reg . (constraint file  /home/dator2/Documents/fw-antsdr-version-10/plutosdr-fw/hdl/projects/e200/e200.gen/sources_1/bd/system/ip/system_axi_dmac_0_0/system_axi_dmac_0_0_constr.xdc, line 42).
Applied set_property SHREG_EXTRACT = NO for inst/i_transfer/i_reset_manager/\reset_gen[0].reset_sync_reg . (constraint file  /home/dator2/Documents/fw-antsdr-version-10/plutosdr-fw/hdl/projects/e200/e200.gen/sources_1/bd/system/ip/system_axi_dmac_0_0/system_axi_dmac_0_0_constr.xdc, line 47).
Applied set_property SHREG_EXTRACT = NO for inst/i_transfer/i_reset_manager/\reset_gen[0].reset_sync_reg . (constraint file  /home/dator2/Documents/fw-antsdr-version-10/plutosdr-fw/hdl/projects/e200/e200.gen/sources_1/bd/system/ip/system_axi_dmac_0_0/system_axi_dmac_0_0_constr.xdc, line 47).
Applied set_property ASYNC_REG = true for inst/i_transfer/i_reset_manager/\reset_gen[0].reset_sync_reg . (constraint file  /home/dator2/Documents/fw-antsdr-version-10/plutosdr-fw/hdl/projects/e200/e200.gen/sources_1/bd/system/ip/system_axi_dmac_0_0/system_axi_dmac_0_0_constr.xdc, line 47).
Applied set_property ASYNC_REG = true for inst/i_transfer/i_reset_manager/\reset_gen[0].reset_sync_reg . (constraint file  /home/dator2/Documents/fw-antsdr-version-10/plutosdr-fw/hdl/projects/e200/e200.gen/sources_1/bd/system/ip/system_axi_dmac_0_0/system_axi_dmac_0_0_constr.xdc, line 47).
---------------------------------------------------------------------------------
Finished applying 'set_property' XDC Constraints : Time (s): cpu = 00:00:08 ; elapsed = 00:00:08 . Memory (MB): peak = 2298.453 ; gain = 658.227 ; free physical = 1924 ; free virtual = 8147
---------------------------------------------------------------------------------
INFO: [Synth 8-802] inferred FSM for state register 'state_reg' in module 'axi_dmac_reset_manager'
INFO: [Synth 8-802] inferred FSM for state register 'state_reg' in module 'request_generator'
INFO: [Synth 8-802] inferred FSM for state register 'state_reg' in module 'axi_dmac_response_manager'
---------------------------------------------------------------------------------------------------
                   State |                     New Encoding |                Previous Encoding 
---------------------------------------------------------------------------------------------------
          STATE_DO_RESET |                           000001 |                              000
             STATE_RESET |                           000010 |                              001
          STATE_DISABLED |                           000100 |                              010
           STATE_STARTUP |                           001000 |                              011
           STATE_ENABLED |                           010000 |                              100
          STATE_SHUTDOWN |                           100000 |                              101
---------------------------------------------------------------------------------------------------
INFO: [Synth 8-3354] encoded FSM with state register 'state_reg' using encoding 'one-hot' in module 'axi_dmac_reset_manager'
INFO: [Synth 8-7030] Implemented Non-Cascaded Block Ram (cascade_height = 1) of width 32 for RAM "ad_mem_asym:/m_ram_reg"
INFO: [Synth 8-7030] Implemented Non-Cascaded Block Ram (cascade_height = 1) of width 32 for RAM "ad_mem_asym:/m_ram_reg"
---------------------------------------------------------------------------------------------------
                   State |                     New Encoding |                Previous Encoding 
---------------------------------------------------------------------------------------------------
              STATE_IDLE |                              000 |                              000
            STATE_GEN_ID |                              001 |                              001
         STATE_REWIND_ID |                              010 |                              010
           STATE_CONSUME |                              011 |                              011
         STATE_WAIT_LAST |                              100 |                              100
---------------------------------------------------------------------------------------------------
INFO: [Synth 8-3354] encoded FSM with state register 'state_reg' using encoding 'sequential' in module 'request_generator'
---------------------------------------------------------------------------------------------------
                   State |                     New Encoding |                Previous Encoding 
---------------------------------------------------------------------------------------------------
              STATE_IDLE |                              000 |                              000
               STATE_ACC |                              001 |                              001
       STATE_WRITE_RESPR |                              010 |                              010
        STATE_ZERO_COMPL |                              011 |                              011
      STATE_WRITE_ZRCMPL |                              100 |                              100
---------------------------------------------------------------------------------------------------
INFO: [Synth 8-3354] encoded FSM with state register 'state_reg' using encoding 'sequential' in module 'axi_dmac_response_manager'
---------------------------------------------------------------------------------
Finished RTL Optimization Phase 2 : Time (s): cpu = 00:00:09 ; elapsed = 00:00:09 . Memory (MB): peak = 2298.453 ; gain = 658.227 ; free physical = 1925 ; free virtual = 8149
---------------------------------------------------------------------------------
---------------------------------------------------------------------------------
Start RTL Component Statistics 
---------------------------------------------------------------------------------
Detailed RTL Component Info : 
+---Adders : 
	   3 Input   24 Bit       Adders := 1     
	   2 Input   17 Bit       Adders := 1     
	   2 Input    5 Bit       Adders := 2     
	   2 Input    4 Bit       Adders := 8     
	   2 Input    3 Bit       Adders := 4     
	   3 Input    3 Bit       Adders := 1     
	   2 Input    2 Bit       Adders := 5     
+---XORs : 
	   2 Input      1 Bit         XORs := 42    
+---XORs : 
	                2 Bit    Wide XORs := 2     
+---Registers : 
	               64 Bit    Registers := 1     
	               60 Bit    Registers := 1     
	               32 Bit    Registers := 5     
	               27 Bit    Registers := 1     
	               26 Bit    Registers := 3     
	               25 Bit    Registers := 1     
	               24 Bit    Registers := 2     
	               17 Bit    Registers := 2     
	                9 Bit    Registers := 3     
	                8 Bit    Registers := 2     
	                7 Bit    Registers := 3     
	                5 Bit    Registers := 2     
	                4 Bit    Registers := 14    
	                3 Bit    Registers := 9     
	                2 Bit    Registers := 10    
	                1 Bit    Registers := 71    
+---RAMs : 
	               8K Bit	(128 X 64 bit)          RAMs := 1     
	              104 Bit	(4 X 26 bit)          RAMs := 1     
	               32 Bit	(8 X 4 bit)          RAMs := 1     
+---Muxes : 
	  21 Input   32 Bit        Muxes := 1     
	   2 Input   32 Bit        Muxes := 3     
	  16 Input   32 Bit        Muxes := 1     
	   2 Input   26 Bit        Muxes := 1     
	   2 Input   25 Bit        Muxes := 1     
	   2 Input   24 Bit        Muxes := 1     
	   8 Input   20 Bit        Muxes := 1     
	   3 Input   17 Bit        Muxes := 1     
	   6 Input    6 Bit        Muxes := 1     
	   2 Input    6 Bit        Muxes := 1     
	   2 Input    5 Bit        Muxes := 4     
	   2 Input    4 Bit        Muxes := 9     
	  18 Input    4 Bit        Muxes := 1     
	   7 Input    3 Bit        Muxes := 1     
	   2 Input    3 Bit        Muxes := 49    
	   5 Input    3 Bit        Muxes := 9     
	   2 Input    2 Bit        Muxes := 5     
	   3 Input    2 Bit        Muxes := 2     
	   2 Input    1 Bit        Muxes := 71    
	   7 Input    1 Bit        Muxes := 3     
	   4 Input    1 Bit        Muxes := 3     
	   6 Input    1 Bit        Muxes := 1     
	   5 Input    1 Bit        Muxes := 1     
	   3 Input    1 Bit        Muxes := 1     
---------------------------------------------------------------------------------
Finished RTL Component Statistics 
---------------------------------------------------------------------------------
---------------------------------------------------------------------------------
Start Part Resource Summary
---------------------------------------------------------------------------------
Part Resources:
DSPs: 220 (col length:60)
BRAMs: 280 (col length: RAMB18 60 RAMB36 30)
---------------------------------------------------------------------------------
Finished Part Resource Summary
---------------------------------------------------------------------------------
---------------------------------------------------------------------------------
Start Cross Boundary and Area Optimization
---------------------------------------------------------------------------------
WARNING: [Synth 8-7080] Parallel synthesis criteria is not met
INFO: [Synth 8-7030] Implemented Non-Cascaded Block Ram (cascade_height = 1) of width 32 for RAM "inst/i_transfer/i_request_arb/i_store_and_forward/i_mem/m_ram_reg"
INFO: [Synth 8-7030] Implemented Non-Cascaded Block Ram (cascade_height = 1) of width 32 for RAM "inst/i_transfer/i_request_arb/i_store_and_forward/i_mem/m_ram_reg"
---------------------------------------------------------------------------------
Finished Cross Boundary and Area Optimization : Time (s): cpu = 00:00:11 ; elapsed = 00:00:11 . Memory (MB): peak = 2298.453 ; gain = 658.227 ; free physical = 1907 ; free virtual = 8132
---------------------------------------------------------------------------------
---------------------------------------------------------------------------------
Start ROM, RAM, DSP, Shift Register and Retiming Reporting
---------------------------------------------------------------------------------

Block RAM: Preliminary Mapping Report (see note below)
+------------+--------------------------------------------------------------+------------------------+---+---+------------------------+---+---+------------------+--------+--------+
|Module Name | RTL Object                                                   | PORT A (Depth x Width) | W | R | PORT B (Depth x Width) | W | R | Ports driving FF | RAMB18 | RAMB36 | 
+------------+--------------------------------------------------------------+------------------------+---+---+------------------------+---+---+------------------+--------+--------+
|inst        | i_transfer/i_request_arb/i_store_and_forward/i_mem/m_ram_reg | 64 x 128(NO_CHANGE)    | W |   | 128 x 64(WRITE_FIRST)  |   | R | Port A and B     | 0      | 2      | 
+------------+--------------------------------------------------------------+------------------------+---+---+------------------------+---+---+------------------+--------+--------+

Note: The table above is a preliminary report that shows the Block RAMs at the current stage of the synthesis flow. Some Block RAMs may be reimplemented as non Block RAM primitives later in the synthesis flow. Multiple instantiated Block RAMs are reported only once. 

Distributed RAM: Preliminary Mapping Report (see note below)
+------------+----------------------------------------------------------------------------+-----------+----------------------+---------------+
|Module Name | RTL Object                                                                 | Inference | Size (Depth x Width) | Primitives    | 
+------------+----------------------------------------------------------------------------+-----------+----------------------+---------------+
|inst        | i_transfer/i_request_arb/eot_mem_dest_reg                                  | Implied   | 16 x 1               | RAM16X1D x 2  | 
|inst        | i_transfer/i_request_arb/i_store_and_forward/burst_len_mem_reg             | Implied   | 8 x 4                | RAM32M x 1    | 
|inst        | i_transfer/i_request_arb/i_dest_dma_mm/bl_mem_reg                          | Implied   | 16 x 8               | RAM32M x 2    | 
|inst        | i_regmap/i_regmap_request/i_transfer_lenghts_fifo/fifo.sync_clocks.ram_reg | Implied   | 4 x 26               | RAM32M x 5    | 
|inst        | i_transfer/i_request_arb/eot_mem_src_reg                                   | Implied   | 16 x 1               | RAM16X1D x 1  | 
+------------+----------------------------------------------------------------------------+-----------+----------------------+---------------+

Note: The table above is a preliminary report that shows the Distributed RAMs at the current stage of the synthesis flow. Some Distributed RAMs may be reimplemented as non Distributed RAM primitives later in the synthesis flow. Multiple instantiated RAMs are reported only once.
---------------------------------------------------------------------------------
Finished ROM, RAM, DSP, Shift Register and Retiming Reporting
---------------------------------------------------------------------------------
---------------------------------------------------------------------------------
Start Applying XDC Timing Constraints
---------------------------------------------------------------------------------
---------------------------------------------------------------------------------
Finished Applying XDC Timing Constraints : Time (s): cpu = 00:00:14 ; elapsed = 00:00:14 . Memory (MB): peak = 2298.453 ; gain = 658.227 ; free physical = 1901 ; free virtual = 8125
---------------------------------------------------------------------------------
---------------------------------------------------------------------------------
Start Timing Optimization
---------------------------------------------------------------------------------
---------------------------------------------------------------------------------
Finished Timing Optimization : Time (s): cpu = 00:00:14 ; elapsed = 00:00:14 . Memory (MB): peak = 2298.453 ; gain = 658.227 ; free physical = 1901 ; free virtual = 8125
---------------------------------------------------------------------------------
---------------------------------------------------------------------------------
Start ROM, RAM, DSP, Shift Register and Retiming Reporting
---------------------------------------------------------------------------------

Block RAM: Final Mapping Report
+------------+--------------------------------------------------------------+------------------------+---+---+------------------------+---+---+------------------+--------+--------+
|Module Name | RTL Object                                                   | PORT A (Depth x Width) | W | R | PORT B (Depth x Width) | W | R | Ports driving FF | RAMB18 | RAMB36 | 
+------------+--------------------------------------------------------------+------------------------+---+---+------------------------+---+---+------------------+--------+--------+
|inst        | i_transfer/i_request_arb/i_store_and_forward/i_mem/m_ram_reg | 64 x 128(NO_CHANGE)    | W |   | 128 x 64(WRITE_FIRST)  |   | R | Port A and B     | 0      | 2      | 
+------------+--------------------------------------------------------------+------------------------+---+---+------------------------+---+---+------------------+--------+--------+


Distributed RAM: Final Mapping Report
+------------+----------------------------------------------------------------------------+-----------+----------------------+---------------+
|Module Name | RTL Object                                                                 | Inference | Size (Depth x Width) | Primitives    | 
+------------+----------------------------------------------------------------------------+-----------+----------------------+---------------+
|inst        | i_transfer/i_request_arb/eot_mem_dest_reg                                  | Implied   | 16 x 1               | RAM16X1D x 2  | 
|inst        | i_transfer/i_request_arb/i_store_and_forward/burst_len_mem_reg             | Implied   | 8 x 4                | RAM32M x 1    | 
|inst        | i_transfer/i_request_arb/i_dest_dma_mm/bl_mem_reg                          | Implied   | 16 x 8               | RAM32M x 2    | 
|inst        | i_regmap/i_regmap_request/i_transfer_lenghts_fifo/fifo.sync_clocks.ram_reg | Implied   | 4 x 26               | RAM32M x 5    | 
|inst        | i_transfer/i_request_arb/eot_mem_src_reg                                   | Implied   | 16 x 1               | RAM16X1D x 1  | 
+------------+----------------------------------------------------------------------------+-----------+----------------------+---------------+

---------------------------------------------------------------------------------
Finished ROM, RAM, DSP, Shift Register and Retiming Reporting
---------------------------------------------------------------------------------
---------------------------------------------------------------------------------
Start Technology Mapping
---------------------------------------------------------------------------------
INFO: [Synth 8-7052] The timing for the instance inst/i_transfer/i_request_arb/i_store_and_forward/i_mem/m_ram_reg_bram_0 (implemented as a Block RAM) might be sub-optimal as no optional output register could be merged into the ram block. Providing additional output register may help in improving timing.
INFO: [Synth 8-7052] The timing for the instance inst/i_transfer/i_request_arb/i_store_and_forward/i_mem/m_ram_reg_bram_1 (implemented as a Block RAM) might be sub-optimal as no optional output register could be merged into the ram block. Providing additional output register may help in improving timing.
---------------------------------------------------------------------------------
Finished Technology Mapping : Time (s): cpu = 00:00:14 ; elapsed = 00:00:14 . Memory (MB): peak = 2298.453 ; gain = 658.227 ; free physical = 1901 ; free virtual = 8125
---------------------------------------------------------------------------------
---------------------------------------------------------------------------------
Start IO Insertion
---------------------------------------------------------------------------------
---------------------------------------------------------------------------------
Start Flattening Before IO Insertion
---------------------------------------------------------------------------------
---------------------------------------------------------------------------------
Finished Flattening Before IO Insertion
---------------------------------------------------------------------------------
---------------------------------------------------------------------------------
Start Final Netlist Cleanup
---------------------------------------------------------------------------------
---------------------------------------------------------------------------------
Finished Final Netlist Cleanup
---------------------------------------------------------------------------------
---------------------------------------------------------------------------------
Finished IO Insertion : Time (s): cpu = 00:00:17 ; elapsed = 00:00:17 . Memory (MB): peak = 2298.453 ; gain = 658.227 ; free physical = 1904 ; free virtual = 8128
---------------------------------------------------------------------------------
---------------------------------------------------------------------------------
Start Renaming Generated Instances
---------------------------------------------------------------------------------
---------------------------------------------------------------------------------
Finished Renaming Generated Instances : Time (s): cpu = 00:00:17 ; elapsed = 00:00:17 . Memory (MB): peak = 2298.453 ; gain = 658.227 ; free physical = 1904 ; free virtual = 8128
---------------------------------------------------------------------------------
---------------------------------------------------------------------------------
Start Rebuilding User Hierarchy
---------------------------------------------------------------------------------
---------------------------------------------------------------------------------
Finished Rebuilding User Hierarchy : Time (s): cpu = 00:00:17 ; elapsed = 00:00:17 . Memory (MB): peak = 2298.453 ; gain = 658.227 ; free physical = 1904 ; free virtual = 8128
---------------------------------------------------------------------------------
---------------------------------------------------------------------------------
Start Renaming Generated Ports
---------------------------------------------------------------------------------
---------------------------------------------------------------------------------
Finished Renaming Generated Ports : Time (s): cpu = 00:00:17 ; elapsed = 00:00:17 . Memory (MB): peak = 2298.453 ; gain = 658.227 ; free physical = 1904 ; free virtual = 8128
---------------------------------------------------------------------------------
---------------------------------------------------------------------------------
Start Handling Custom Attributes
---------------------------------------------------------------------------------
---------------------------------------------------------------------------------
Finished Handling Custom Attributes : Time (s): cpu = 00:00:17 ; elapsed = 00:00:17 . Memory (MB): peak = 2298.453 ; gain = 658.227 ; free physical = 1904 ; free virtual = 8128
---------------------------------------------------------------------------------
---------------------------------------------------------------------------------
Start Renaming Generated Nets
---------------------------------------------------------------------------------
---------------------------------------------------------------------------------
Finished Renaming Generated Nets : Time (s): cpu = 00:00:17 ; elapsed = 00:00:17 . Memory (MB): peak = 2298.453 ; gain = 658.227 ; free physical = 1904 ; free virtual = 8128
---------------------------------------------------------------------------------
---------------------------------------------------------------------------------
Start Writing Synthesis Report
---------------------------------------------------------------------------------

Report BlackBoxes: 
+-+--------------+----------+
| |BlackBox name |Instances |
+-+--------------+----------+
+-+--------------+----------+

Report Cell Usage: 
+------+---------+------+
|      |Cell     |Count |
+------+---------+------+
|1     |CARRY4   |    16|
|2     |LUT1     |    25|
|3     |LUT2     |    50|
|4     |LUT3     |    92|
|5     |LUT4     |    66|
|6     |LUT5     |    72|
|7     |LUT6     |   215|
|8     |MUXF7    |     2|
|9     |RAM16X1D |     3|
|10    |RAM32M   |     6|
|11    |RAM32X1D |     2|
|12    |RAMB36E1 |     2|
|13    |FDPE     |     5|
|14    |FDRE     |   607|
|15    |FDSE     |    21|
+------+---------+------+
---------------------------------------------------------------------------------
Finished Writing Synthesis Report : Time (s): cpu = 00:00:17 ; elapsed = 00:00:17 . Memory (MB): peak = 2298.453 ; gain = 658.227 ; free physical = 1904 ; free virtual = 8128
---------------------------------------------------------------------------------
Synthesis finished with 0 errors, 0 critical warnings and 535 warnings.
Synthesis Optimization Runtime : Time (s): cpu = 00:00:16 ; elapsed = 00:00:16 . Memory (MB): peak = 2298.453 ; gain = 510.441 ; free physical = 1904 ; free virtual = 8128
Synthesis Optimization Complete : Time (s): cpu = 00:00:17 ; elapsed = 00:00:17 . Memory (MB): peak = 2298.453 ; gain = 658.227 ; free physical = 1904 ; free virtual = 8128
INFO: [Project 1-571] Translating synthesized netlist
Netlist sorting complete. Time (s): cpu = 00:00:00.01 ; elapsed = 00:00:00.01 . Memory (MB): peak = 2298.453 ; gain = 0.000 ; free physical = 2190 ; free virtual = 8414
INFO: [Netlist 29-17] Analyzing 31 Unisim elements for replacement
INFO: [Netlist 29-28] Unisim Transformation completed in 0 CPU seconds
INFO: [Project 1-570] Preparing netlist for logic optimization
INFO: [Opt 31-138] Pushed 0 inverter(s) to 0 load pin(s).
Netlist sorting complete. Time (s): cpu = 00:00:00 ; elapsed = 00:00:00 . Memory (MB): peak = 2298.453 ; gain = 0.000 ; free physical = 2171 ; free virtual = 8411
INFO: [Project 1-111] Unisim Transformation Summary:
  A total of 11 instances were transformed.
  RAM16X1D => RAM32X1D (RAMD32(x2)): 3 instances
  RAM32M => RAM32M (RAMD32(x6), RAMS32(x2)): 6 instances
  RAM32X1D => RAM32X1D (RAMD32(x2)): 2 instances

Synth Design complete | Checksum: 1378f8c7
INFO: [Common 17-83] Releasing license: Synthesis
103 Infos, 157 Warnings, 0 Critical Warnings and 0 Errors encountered.
synth_design completed successfully
synth_design: Time (s): cpu = 00:00:22 ; elapsed = 00:00:20 . Memory (MB): peak = 2298.453 ; gain = 1008.727 ; free physical = 2167 ; free virtual = 8408
INFO: [Common 17-2834] synth_design peak Physical Memory [PSS] (MB): overall = 1835.922; main = 1525.683; forked = 378.078
INFO: [Common 17-2834] synth_design peak Virtual Memory [VSS] (MB): overall = 3256.844; main = 2298.422; forked = 990.438
Write ShapeDB Complete: Time (s): cpu = 00:00:00 ; elapsed = 00:00:00 . Memory (MB): peak = 2322.430 ; gain = 0.000 ; free physical = 2167 ; free virtual = 8408
INFO: [Common 17-1381] The checkpoint '/home/dator2/Documents/fw-antsdr-version-10/plutosdr-fw/hdl/projects/e200/e200.runs/system_axi_dmac_0_0_synth_1/system_axi_dmac_0_0.dcp' has been generated.
INFO: [Coretcl 2-1648] Added synthesis output to IP cache for IP system_axi_dmac_0_0, cache-ID = 62275ed3c0e8c3ec
INFO: [Coretcl 2-1174] Renamed 23 cell refs.
Write ShapeDB Complete: Time (s): cpu = 00:00:00 ; elapsed = 00:00:00.01 . Memory (MB): peak = 2322.430 ; gain = 0.000 ; free physical = 2103 ; free virtual = 8324
INFO: [Common 17-1381] The checkpoint '/home/dator2/Documents/fw-antsdr-version-10/plutosdr-fw/hdl/projects/e200/e200.runs/system_axi_dmac_0_0_synth_1/system_axi_dmac_0_0.dcp' has been generated.
INFO: [runtcl-4] Executing : report_utilization -file system_axi_dmac_0_0_utilization_synth.rpt -pb system_axi_dmac_0_0_utilization_synth.pb
INFO: [Common 17-206] Exiting Vivado at Tue Aug  5 08:44:56 2025...
