Copyright 1986-2022 Xilinx, Inc. All Rights Reserved. Copyright 2022-2023 Advanced Micro Devices, Inc. All Rights Reserved.
---------------------------------------------------------------------------------------------------------------------------------------------
| Tool Version : Vivado v.2023.2 (lin64) Build 4029153 Fri Oct 13 20:13:54 MDT 2023
| Date         : Wed Jul  9 15:35:04 2025
| Host         : dator2-Latitude-5430 running 64-bit Ubuntu 24.04.2 LTS
| Command      : check_timing -override_defaults no_clock -verbose -file no_clock.log
| Design       : system_top
| Device       : 7z020-clg400
| Speed File   : -2  PRODUCTION 1.12 2019-11-22
| Design State : Routed
---------------------------------------------------------------------------------------------------------------------------------------------


check_timing report

Table of Contents
-----------------
1. checking no_clock (438)

1. checking no_clock (438)
--------------------------
 There are 438 register/latch pins with no clock driven by root clock pin: CLK_40MHz_FPGA (HIGH)

i_system_wrapper/system_i/axi_vcxo_ctrl/inst/u_b205_ref_pll/FSM_sequential_state_reg[0]/C
i_system_wrapper/system_i/axi_vcxo_ctrl/inst/u_b205_ref_pll/FSM_sequential_state_reg[1]/C
i_system_wrapper/system_i/axi_vcxo_ctrl/inst/u_b205_ref_pll/FSM_sequential_state_reg[2]/C
i_system_wrapper/system_i/axi_vcxo_ctrl/inst/u_b205_ref_pll/FSM_sequential_state_reg[3]/C
i_system_wrapper/system_i/axi_vcxo_ctrl/inst/u_b205_ref_pll/adj_reg[0]/C
i_system_wrapper/system_i/axi_vcxo_ctrl/inst/u_b205_ref_pll/adj_reg[10]/C
i_system_wrapper/system_i/axi_vcxo_ctrl/inst/u_b205_ref_pll/adj_reg[11]/C
i_system_wrapper/system_i/axi_vcxo_ctrl/inst/u_b205_ref_pll/adj_reg[12]/C
i_system_wrapper/system_i/axi_vcxo_ctrl/inst/u_b205_ref_pll/adj_reg[13]/C
i_system_wrapper/system_i/axi_vcxo_ctrl/inst/u_b205_ref_pll/adj_reg[14]/C
i_system_wrapper/system_i/axi_vcxo_ctrl/inst/u_b205_ref_pll/adj_reg[15]/C
i_system_wrapper/system_i/axi_vcxo_ctrl/inst/u_b205_ref_pll/adj_reg[16]/C
i_system_wrapper/system_i/axi_vcxo_ctrl/inst/u_b205_ref_pll/adj_reg[17]/C
i_system_wrapper/system_i/axi_vcxo_ctrl/inst/u_b205_ref_pll/adj_reg[18]/C
i_system_wrapper/system_i/axi_vcxo_ctrl/inst/u_b205_ref_pll/adj_reg[19]/C
i_system_wrapper/system_i/axi_vcxo_ctrl/inst/u_b205_ref_pll/adj_reg[1]/C
i_system_wrapper/system_i/axi_vcxo_ctrl/inst/u_b205_ref_pll/adj_reg[20]/C
i_system_wrapper/system_i/axi_vcxo_ctrl/inst/u_b205_ref_pll/adj_reg[21]/C
i_system_wrapper/system_i/axi_vcxo_ctrl/inst/u_b205_ref_pll/adj_reg[22]/C
i_system_wrapper/system_i/axi_vcxo_ctrl/inst/u_b205_ref_pll/adj_reg[23]/C
i_system_wrapper/system_i/axi_vcxo_ctrl/inst/u_b205_ref_pll/adj_reg[24]/C
i_system_wrapper/system_i/axi_vcxo_ctrl/inst/u_b205_ref_pll/adj_reg[25]/C
i_system_wrapper/system_i/axi_vcxo_ctrl/inst/u_b205_ref_pll/adj_reg[26]/C
i_system_wrapper/system_i/axi_vcxo_ctrl/inst/u_b205_ref_pll/adj_reg[27]/C
i_system_wrapper/system_i/axi_vcxo_ctrl/inst/u_b205_ref_pll/adj_reg[28]/C
i_system_wrapper/system_i/axi_vcxo_ctrl/inst/u_b205_ref_pll/adj_reg[2]/C
i_system_wrapper/system_i/axi_vcxo_ctrl/inst/u_b205_ref_pll/adj_reg[3]/C
i_system_wrapper/system_i/axi_vcxo_ctrl/inst/u_b205_ref_pll/adj_reg[4]/C
i_system_wrapper/system_i/axi_vcxo_ctrl/inst/u_b205_ref_pll/adj_reg[5]/C
i_system_wrapper/system_i/axi_vcxo_ctrl/inst/u_b205_ref_pll/adj_reg[6]/C
i_system_wrapper/system_i/axi_vcxo_ctrl/inst/u_b205_ref_pll/adj_reg[7]/C
i_system_wrapper/system_i/axi_vcxo_ctrl/inst/u_b205_ref_pll/adj_reg[8]/C
i_system_wrapper/system_i/axi_vcxo_ctrl/inst/u_b205_ref_pll/adj_reg[9]/C
i_system_wrapper/system_i/axi_vcxo_ctrl/inst/u_b205_ref_pll/daco_reg[0]/C
i_system_wrapper/system_i/axi_vcxo_ctrl/inst/u_b205_ref_pll/daco_reg[10]/C
i_system_wrapper/system_i/axi_vcxo_ctrl/inst/u_b205_ref_pll/daco_reg[11]/C
i_system_wrapper/system_i/axi_vcxo_ctrl/inst/u_b205_ref_pll/daco_reg[12]/C
i_system_wrapper/system_i/axi_vcxo_ctrl/inst/u_b205_ref_pll/daco_reg[13]/C
i_system_wrapper/system_i/axi_vcxo_ctrl/inst/u_b205_ref_pll/daco_reg[14]/C
i_system_wrapper/system_i/axi_vcxo_ctrl/inst/u_b205_ref_pll/daco_reg[15]/C
i_system_wrapper/system_i/axi_vcxo_ctrl/inst/u_b205_ref_pll/daco_reg[1]/C
i_system_wrapper/system_i/axi_vcxo_ctrl/inst/u_b205_ref_pll/daco_reg[2]/C
i_system_wrapper/system_i/axi_vcxo_ctrl/inst/u_b205_ref_pll/daco_reg[3]/C
i_system_wrapper/system_i/axi_vcxo_ctrl/inst/u_b205_ref_pll/daco_reg[4]/C
i_system_wrapper/system_i/axi_vcxo_ctrl/inst/u_b205_ref_pll/daco_reg[5]/C
i_system_wrapper/system_i/axi_vcxo_ctrl/inst/u_b205_ref_pll/daco_reg[6]/C
i_system_wrapper/system_i/axi_vcxo_ctrl/inst/u_b205_ref_pll/daco_reg[7]/C
i_system_wrapper/system_i/axi_vcxo_ctrl/inst/u_b205_ref_pll/daco_reg[8]/C
i_system_wrapper/system_i/axi_vcxo_ctrl/inst/u_b205_ref_pll/daco_reg[9]/C
i_system_wrapper/system_i/axi_vcxo_ctrl/inst/u_b205_ref_pll/err_reg[0]/C
i_system_wrapper/system_i/axi_vcxo_ctrl/inst/u_b205_ref_pll/err_reg[10]/C
i_system_wrapper/system_i/axi_vcxo_ctrl/inst/u_b205_ref_pll/err_reg[11]/C
i_system_wrapper/system_i/axi_vcxo_ctrl/inst/u_b205_ref_pll/err_reg[12]/C
i_system_wrapper/system_i/axi_vcxo_ctrl/inst/u_b205_ref_pll/err_reg[13]/C
i_system_wrapper/system_i/axi_vcxo_ctrl/inst/u_b205_ref_pll/err_reg[14]/C
i_system_wrapper/system_i/axi_vcxo_ctrl/inst/u_b205_ref_pll/err_reg[15]/C
i_system_wrapper/system_i/axi_vcxo_ctrl/inst/u_b205_ref_pll/err_reg[16]/C
i_system_wrapper/system_i/axi_vcxo_ctrl/inst/u_b205_ref_pll/err_reg[17]/C
i_system_wrapper/system_i/axi_vcxo_ctrl/inst/u_b205_ref_pll/err_reg[18]/C
i_system_wrapper/system_i/axi_vcxo_ctrl/inst/u_b205_ref_pll/err_reg[19]/C
i_system_wrapper/system_i/axi_vcxo_ctrl/inst/u_b205_ref_pll/err_reg[1]/C
i_system_wrapper/system_i/axi_vcxo_ctrl/inst/u_b205_ref_pll/err_reg[20]/C
i_system_wrapper/system_i/axi_vcxo_ctrl/inst/u_b205_ref_pll/err_reg[21]/C
i_system_wrapper/system_i/axi_vcxo_ctrl/inst/u_b205_ref_pll/err_reg[22]/C
i_system_wrapper/system_i/axi_vcxo_ctrl/inst/u_b205_ref_pll/err_reg[23]/C
i_system_wrapper/system_i/axi_vcxo_ctrl/inst/u_b205_ref_pll/err_reg[24]/C
i_system_wrapper/system_i/axi_vcxo_ctrl/inst/u_b205_ref_pll/err_reg[25]/C
i_system_wrapper/system_i/axi_vcxo_ctrl/inst/u_b205_ref_pll/err_reg[26]/C
i_system_wrapper/system_i/axi_vcxo_ctrl/inst/u_b205_ref_pll/err_reg[27]/C
i_system_wrapper/system_i/axi_vcxo_ctrl/inst/u_b205_ref_pll/err_reg[28]/C
i_system_wrapper/system_i/axi_vcxo_ctrl/inst/u_b205_ref_pll/err_reg[2]/C
i_system_wrapper/system_i/axi_vcxo_ctrl/inst/u_b205_ref_pll/err_reg[3]/C
i_system_wrapper/system_i/axi_vcxo_ctrl/inst/u_b205_ref_pll/err_reg[4]/C
i_system_wrapper/system_i/axi_vcxo_ctrl/inst/u_b205_ref_pll/err_reg[5]/C
i_system_wrapper/system_i/axi_vcxo_ctrl/inst/u_b205_ref_pll/err_reg[6]/C
i_system_wrapper/system_i/axi_vcxo_ctrl/inst/u_b205_ref_pll/err_reg[7]/C
i_system_wrapper/system_i/axi_vcxo_ctrl/inst/u_b205_ref_pll/err_reg[8]/C
i_system_wrapper/system_i/axi_vcxo_ctrl/inst/u_b205_ref_pll/err_reg[9]/C
i_system_wrapper/system_i/axi_vcxo_ctrl/inst/u_b205_ref_pll/freq_err_reg[0]/C
i_system_wrapper/system_i/axi_vcxo_ctrl/inst/u_b205_ref_pll/freq_err_reg[10]/C
i_system_wrapper/system_i/axi_vcxo_ctrl/inst/u_b205_ref_pll/freq_err_reg[11]/C
i_system_wrapper/system_i/axi_vcxo_ctrl/inst/u_b205_ref_pll/freq_err_reg[12]/C
i_system_wrapper/system_i/axi_vcxo_ctrl/inst/u_b205_ref_pll/freq_err_reg[13]/C
i_system_wrapper/system_i/axi_vcxo_ctrl/inst/u_b205_ref_pll/freq_err_reg[14]/C
i_system_wrapper/system_i/axi_vcxo_ctrl/inst/u_b205_ref_pll/freq_err_reg[15]/C
i_system_wrapper/system_i/axi_vcxo_ctrl/inst/u_b205_ref_pll/freq_err_reg[16]/C
i_system_wrapper/system_i/axi_vcxo_ctrl/inst/u_b205_ref_pll/freq_err_reg[17]/C
i_system_wrapper/system_i/axi_vcxo_ctrl/inst/u_b205_ref_pll/freq_err_reg[18]/C
i_system_wrapper/system_i/axi_vcxo_ctrl/inst/u_b205_ref_pll/freq_err_reg[19]/C
i_system_wrapper/system_i/axi_vcxo_ctrl/inst/u_b205_ref_pll/freq_err_reg[1]/C
i_system_wrapper/system_i/axi_vcxo_ctrl/inst/u_b205_ref_pll/freq_err_reg[20]/C
i_system_wrapper/system_i/axi_vcxo_ctrl/inst/u_b205_ref_pll/freq_err_reg[21]/C
i_system_wrapper/system_i/axi_vcxo_ctrl/inst/u_b205_ref_pll/freq_err_reg[22]/C
i_system_wrapper/system_i/axi_vcxo_ctrl/inst/u_b205_ref_pll/freq_err_reg[23]/C
i_system_wrapper/system_i/axi_vcxo_ctrl/inst/u_b205_ref_pll/freq_err_reg[24]/C
i_system_wrapper/system_i/axi_vcxo_ctrl/inst/u_b205_ref_pll/freq_err_reg[25]/C
i_system_wrapper/system_i/axi_vcxo_ctrl/inst/u_b205_ref_pll/freq_err_reg[26]/C
i_system_wrapper/system_i/axi_vcxo_ctrl/inst/u_b205_ref_pll/freq_err_reg[27]/C
i_system_wrapper/system_i/axi_vcxo_ctrl/inst/u_b205_ref_pll/freq_err_reg[28]/C
i_system_wrapper/system_i/axi_vcxo_ctrl/inst/u_b205_ref_pll/freq_err_reg[2]/C
i_system_wrapper/system_i/axi_vcxo_ctrl/inst/u_b205_ref_pll/freq_err_reg[3]/C
i_system_wrapper/system_i/axi_vcxo_ctrl/inst/u_b205_ref_pll/freq_err_reg[4]/C
i_system_wrapper/system_i/axi_vcxo_ctrl/inst/u_b205_ref_pll/freq_err_reg[5]/C
i_system_wrapper/system_i/axi_vcxo_ctrl/inst/u_b205_ref_pll/freq_err_reg[6]/C
i_system_wrapper/system_i/axi_vcxo_ctrl/inst/u_b205_ref_pll/freq_err_reg[7]/C
i_system_wrapper/system_i/axi_vcxo_ctrl/inst/u_b205_ref_pll/freq_err_reg[8]/C
i_system_wrapper/system_i/axi_vcxo_ctrl/inst/u_b205_ref_pll/freq_err_reg[9]/C
i_system_wrapper/system_i/axi_vcxo_ctrl/inst/u_b205_ref_pll/ld_reg[0]/C
i_system_wrapper/system_i/axi_vcxo_ctrl/inst/u_b205_ref_pll/ld_reg[1]/C
i_system_wrapper/system_i/axi_vcxo_ctrl/inst/u_b205_ref_pll/ld_reg[2]/C
i_system_wrapper/system_i/axi_vcxo_ctrl/inst/u_b205_ref_pll/lead_cnt_ena_reg/C
i_system_wrapper/system_i/axi_vcxo_ctrl/inst/u_b205_ref_pll/lead_cnt_reg[0]/C
i_system_wrapper/system_i/axi_vcxo_ctrl/inst/u_b205_ref_pll/lead_cnt_reg[10]/C
i_system_wrapper/system_i/axi_vcxo_ctrl/inst/u_b205_ref_pll/lead_cnt_reg[11]/C
i_system_wrapper/system_i/axi_vcxo_ctrl/inst/u_b205_ref_pll/lead_cnt_reg[12]/C
i_system_wrapper/system_i/axi_vcxo_ctrl/inst/u_b205_ref_pll/lead_cnt_reg[13]/C
i_system_wrapper/system_i/axi_vcxo_ctrl/inst/u_b205_ref_pll/lead_cnt_reg[14]/C
i_system_wrapper/system_i/axi_vcxo_ctrl/inst/u_b205_ref_pll/lead_cnt_reg[15]/C
i_system_wrapper/system_i/axi_vcxo_ctrl/inst/u_b205_ref_pll/lead_cnt_reg[16]/C
i_system_wrapper/system_i/axi_vcxo_ctrl/inst/u_b205_ref_pll/lead_cnt_reg[17]/C
i_system_wrapper/system_i/axi_vcxo_ctrl/inst/u_b205_ref_pll/lead_cnt_reg[18]/C
i_system_wrapper/system_i/axi_vcxo_ctrl/inst/u_b205_ref_pll/lead_cnt_reg[19]/C
i_system_wrapper/system_i/axi_vcxo_ctrl/inst/u_b205_ref_pll/lead_cnt_reg[1]/C
i_system_wrapper/system_i/axi_vcxo_ctrl/inst/u_b205_ref_pll/lead_cnt_reg[20]/C
i_system_wrapper/system_i/axi_vcxo_ctrl/inst/u_b205_ref_pll/lead_cnt_reg[21]/C
i_system_wrapper/system_i/axi_vcxo_ctrl/inst/u_b205_ref_pll/lead_cnt_reg[22]/C
i_system_wrapper/system_i/axi_vcxo_ctrl/inst/u_b205_ref_pll/lead_cnt_reg[23]/C
i_system_wrapper/system_i/axi_vcxo_ctrl/inst/u_b205_ref_pll/lead_cnt_reg[24]/C
i_system_wrapper/system_i/axi_vcxo_ctrl/inst/u_b205_ref_pll/lead_cnt_reg[25]/C
i_system_wrapper/system_i/axi_vcxo_ctrl/inst/u_b205_ref_pll/lead_cnt_reg[26]/C
i_system_wrapper/system_i/axi_vcxo_ctrl/inst/u_b205_ref_pll/lead_cnt_reg[27]/C
i_system_wrapper/system_i/axi_vcxo_ctrl/inst/u_b205_ref_pll/lead_cnt_reg[28]/C
i_system_wrapper/system_i/axi_vcxo_ctrl/inst/u_b205_ref_pll/lead_cnt_reg[2]/C
i_system_wrapper/system_i/axi_vcxo_ctrl/inst/u_b205_ref_pll/lead_cnt_reg[3]/C
i_system_wrapper/system_i/axi_vcxo_ctrl/inst/u_b205_ref_pll/lead_cnt_reg[4]/C
i_system_wrapper/system_i/axi_vcxo_ctrl/inst/u_b205_ref_pll/lead_cnt_reg[5]/C
i_system_wrapper/system_i/axi_vcxo_ctrl/inst/u_b205_ref_pll/lead_cnt_reg[6]/C
i_system_wrapper/system_i/axi_vcxo_ctrl/inst/u_b205_ref_pll/lead_cnt_reg[7]/C
i_system_wrapper/system_i/axi_vcxo_ctrl/inst/u_b205_ref_pll/lead_cnt_reg[8]/C
i_system_wrapper/system_i/axi_vcxo_ctrl/inst/u_b205_ref_pll/lead_cnt_reg[9]/C
i_system_wrapper/system_i/axi_vcxo_ctrl/inst/u_b205_ref_pll/lead_reg[0]/C
i_system_wrapper/system_i/axi_vcxo_ctrl/inst/u_b205_ref_pll/lead_reg[10]/C
i_system_wrapper/system_i/axi_vcxo_ctrl/inst/u_b205_ref_pll/lead_reg[11]/C
i_system_wrapper/system_i/axi_vcxo_ctrl/inst/u_b205_ref_pll/lead_reg[12]/C
i_system_wrapper/system_i/axi_vcxo_ctrl/inst/u_b205_ref_pll/lead_reg[13]/C
i_system_wrapper/system_i/axi_vcxo_ctrl/inst/u_b205_ref_pll/lead_reg[14]/C
i_system_wrapper/system_i/axi_vcxo_ctrl/inst/u_b205_ref_pll/lead_reg[15]/C
i_system_wrapper/system_i/axi_vcxo_ctrl/inst/u_b205_ref_pll/lead_reg[16]/C
i_system_wrapper/system_i/axi_vcxo_ctrl/inst/u_b205_ref_pll/lead_reg[17]/C
i_system_wrapper/system_i/axi_vcxo_ctrl/inst/u_b205_ref_pll/lead_reg[18]/C
i_system_wrapper/system_i/axi_vcxo_ctrl/inst/u_b205_ref_pll/lead_reg[19]/C
i_system_wrapper/system_i/axi_vcxo_ctrl/inst/u_b205_ref_pll/lead_reg[1]/C
i_system_wrapper/system_i/axi_vcxo_ctrl/inst/u_b205_ref_pll/lead_reg[20]/C
i_system_wrapper/system_i/axi_vcxo_ctrl/inst/u_b205_ref_pll/lead_reg[21]/C
i_system_wrapper/system_i/axi_vcxo_ctrl/inst/u_b205_ref_pll/lead_reg[22]/C
i_system_wrapper/system_i/axi_vcxo_ctrl/inst/u_b205_ref_pll/lead_reg[23]/C
i_system_wrapper/system_i/axi_vcxo_ctrl/inst/u_b205_ref_pll/lead_reg[24]/C
i_system_wrapper/system_i/axi_vcxo_ctrl/inst/u_b205_ref_pll/lead_reg[25]/C
i_system_wrapper/system_i/axi_vcxo_ctrl/inst/u_b205_ref_pll/lead_reg[26]/C
i_system_wrapper/system_i/axi_vcxo_ctrl/inst/u_b205_ref_pll/lead_reg[27]/C
i_system_wrapper/system_i/axi_vcxo_ctrl/inst/u_b205_ref_pll/lead_reg[28]/C
i_system_wrapper/system_i/axi_vcxo_ctrl/inst/u_b205_ref_pll/lead_reg[2]/C
i_system_wrapper/system_i/axi_vcxo_ctrl/inst/u_b205_ref_pll/lead_reg[3]/C
i_system_wrapper/system_i/axi_vcxo_ctrl/inst/u_b205_ref_pll/lead_reg[4]/C
i_system_wrapper/system_i/axi_vcxo_ctrl/inst/u_b205_ref_pll/lead_reg[5]/C
i_system_wrapper/system_i/axi_vcxo_ctrl/inst/u_b205_ref_pll/lead_reg[6]/C
i_system_wrapper/system_i/axi_vcxo_ctrl/inst/u_b205_ref_pll/lead_reg[7]/C
i_system_wrapper/system_i/axi_vcxo_ctrl/inst/u_b205_ref_pll/lead_reg[8]/C
i_system_wrapper/system_i/axi_vcxo_ctrl/inst/u_b205_ref_pll/lead_reg[9]/C
i_system_wrapper/system_i/axi_vcxo_ctrl/inst/u_b205_ref_pll/locked_reg/C
i_system_wrapper/system_i/axi_vcxo_ctrl/inst/u_b205_ref_pll/n_rising_reg/C
i_system_wrapper/system_i/axi_vcxo_ctrl/inst/u_b205_ref_pll/ncnt_reg[0]/C
i_system_wrapper/system_i/axi_vcxo_ctrl/inst/u_b205_ref_pll/ncnt_reg[10]/C
i_system_wrapper/system_i/axi_vcxo_ctrl/inst/u_b205_ref_pll/ncnt_reg[11]/C
i_system_wrapper/system_i/axi_vcxo_ctrl/inst/u_b205_ref_pll/ncnt_reg[12]/C
i_system_wrapper/system_i/axi_vcxo_ctrl/inst/u_b205_ref_pll/ncnt_reg[13]/C
i_system_wrapper/system_i/axi_vcxo_ctrl/inst/u_b205_ref_pll/ncnt_reg[14]/C
i_system_wrapper/system_i/axi_vcxo_ctrl/inst/u_b205_ref_pll/ncnt_reg[15]/C
i_system_wrapper/system_i/axi_vcxo_ctrl/inst/u_b205_ref_pll/ncnt_reg[16]/C
i_system_wrapper/system_i/axi_vcxo_ctrl/inst/u_b205_ref_pll/ncnt_reg[17]/C
i_system_wrapper/system_i/axi_vcxo_ctrl/inst/u_b205_ref_pll/ncnt_reg[18]/C
i_system_wrapper/system_i/axi_vcxo_ctrl/inst/u_b205_ref_pll/ncnt_reg[19]/C
i_system_wrapper/system_i/axi_vcxo_ctrl/inst/u_b205_ref_pll/ncnt_reg[1]/C
i_system_wrapper/system_i/axi_vcxo_ctrl/inst/u_b205_ref_pll/ncnt_reg[20]/C
i_system_wrapper/system_i/axi_vcxo_ctrl/inst/u_b205_ref_pll/ncnt_reg[21]/C
i_system_wrapper/system_i/axi_vcxo_ctrl/inst/u_b205_ref_pll/ncnt_reg[22]/C
i_system_wrapper/system_i/axi_vcxo_ctrl/inst/u_b205_ref_pll/ncnt_reg[23]/C
i_system_wrapper/system_i/axi_vcxo_ctrl/inst/u_b205_ref_pll/ncnt_reg[24]/C
i_system_wrapper/system_i/axi_vcxo_ctrl/inst/u_b205_ref_pll/ncnt_reg[25]/C
i_system_wrapper/system_i/axi_vcxo_ctrl/inst/u_b205_ref_pll/ncnt_reg[2]/C
i_system_wrapper/system_i/axi_vcxo_ctrl/inst/u_b205_ref_pll/ncnt_reg[3]/C
i_system_wrapper/system_i/axi_vcxo_ctrl/inst/u_b205_ref_pll/ncnt_reg[4]/C
i_system_wrapper/system_i/axi_vcxo_ctrl/inst/u_b205_ref_pll/ncnt_reg[5]/C
i_system_wrapper/system_i/axi_vcxo_ctrl/inst/u_b205_ref_pll/ncnt_reg[6]/C
i_system_wrapper/system_i/axi_vcxo_ctrl/inst/u_b205_ref_pll/ncnt_reg[7]/C
i_system_wrapper/system_i/axi_vcxo_ctrl/inst/u_b205_ref_pll/ncnt_reg[8]/C
i_system_wrapper/system_i/axi_vcxo_ctrl/inst/u_b205_ref_pll/ncnt_reg[9]/C
i_system_wrapper/system_i/axi_vcxo_ctrl/inst/u_b205_ref_pll/phase_err_reg[0]/C
i_system_wrapper/system_i/axi_vcxo_ctrl/inst/u_b205_ref_pll/phase_err_reg[10]/C
i_system_wrapper/system_i/axi_vcxo_ctrl/inst/u_b205_ref_pll/phase_err_reg[11]/C
i_system_wrapper/system_i/axi_vcxo_ctrl/inst/u_b205_ref_pll/phase_err_reg[12]/C
i_system_wrapper/system_i/axi_vcxo_ctrl/inst/u_b205_ref_pll/phase_err_reg[13]/C
i_system_wrapper/system_i/axi_vcxo_ctrl/inst/u_b205_ref_pll/phase_err_reg[14]/C
i_system_wrapper/system_i/axi_vcxo_ctrl/inst/u_b205_ref_pll/phase_err_reg[15]/C
i_system_wrapper/system_i/axi_vcxo_ctrl/inst/u_b205_ref_pll/phase_err_reg[16]/C
i_system_wrapper/system_i/axi_vcxo_ctrl/inst/u_b205_ref_pll/phase_err_reg[17]/C
i_system_wrapper/system_i/axi_vcxo_ctrl/inst/u_b205_ref_pll/phase_err_reg[18]/C
i_system_wrapper/system_i/axi_vcxo_ctrl/inst/u_b205_ref_pll/phase_err_reg[19]/C
i_system_wrapper/system_i/axi_vcxo_ctrl/inst/u_b205_ref_pll/phase_err_reg[1]/C
i_system_wrapper/system_i/axi_vcxo_ctrl/inst/u_b205_ref_pll/phase_err_reg[20]/C
i_system_wrapper/system_i/axi_vcxo_ctrl/inst/u_b205_ref_pll/phase_err_reg[21]/C
i_system_wrapper/system_i/axi_vcxo_ctrl/inst/u_b205_ref_pll/phase_err_reg[22]/C
i_system_wrapper/system_i/axi_vcxo_ctrl/inst/u_b205_ref_pll/phase_err_reg[23]/C
i_system_wrapper/system_i/axi_vcxo_ctrl/inst/u_b205_ref_pll/phase_err_reg[24]/C
i_system_wrapper/system_i/axi_vcxo_ctrl/inst/u_b205_ref_pll/phase_err_reg[25]/C
i_system_wrapper/system_i/axi_vcxo_ctrl/inst/u_b205_ref_pll/phase_err_reg[26]/C
i_system_wrapper/system_i/axi_vcxo_ctrl/inst/u_b205_ref_pll/phase_err_reg[27]/C
i_system_wrapper/system_i/axi_vcxo_ctrl/inst/u_b205_ref_pll/phase_err_reg[28]/C
i_system_wrapper/system_i/axi_vcxo_ctrl/inst/u_b205_ref_pll/phase_err_reg[2]/C
i_system_wrapper/system_i/axi_vcxo_ctrl/inst/u_b205_ref_pll/phase_err_reg[3]/C
i_system_wrapper/system_i/axi_vcxo_ctrl/inst/u_b205_ref_pll/phase_err_reg[4]/C
i_system_wrapper/system_i/axi_vcxo_ctrl/inst/u_b205_ref_pll/phase_err_reg[5]/C
i_system_wrapper/system_i/axi_vcxo_ctrl/inst/u_b205_ref_pll/phase_err_reg[6]/C
i_system_wrapper/system_i/axi_vcxo_ctrl/inst/u_b205_ref_pll/phase_err_reg[7]/C
i_system_wrapper/system_i/axi_vcxo_ctrl/inst/u_b205_ref_pll/phase_err_reg[8]/C
i_system_wrapper/system_i/axi_vcxo_ctrl/inst/u_b205_ref_pll/phase_err_reg[9]/C
i_system_wrapper/system_i/axi_vcxo_ctrl/inst/u_b205_ref_pll/r_period_cnt_reg[0]/C
i_system_wrapper/system_i/axi_vcxo_ctrl/inst/u_b205_ref_pll/r_period_cnt_reg[10]/C
i_system_wrapper/system_i/axi_vcxo_ctrl/inst/u_b205_ref_pll/r_period_cnt_reg[11]/C
i_system_wrapper/system_i/axi_vcxo_ctrl/inst/u_b205_ref_pll/r_period_cnt_reg[12]/C
i_system_wrapper/system_i/axi_vcxo_ctrl/inst/u_b205_ref_pll/r_period_cnt_reg[13]/C
i_system_wrapper/system_i/axi_vcxo_ctrl/inst/u_b205_ref_pll/r_period_cnt_reg[14]/C
i_system_wrapper/system_i/axi_vcxo_ctrl/inst/u_b205_ref_pll/r_period_cnt_reg[15]/C
i_system_wrapper/system_i/axi_vcxo_ctrl/inst/u_b205_ref_pll/r_period_cnt_reg[16]/C
i_system_wrapper/system_i/axi_vcxo_ctrl/inst/u_b205_ref_pll/r_period_cnt_reg[17]/C
i_system_wrapper/system_i/axi_vcxo_ctrl/inst/u_b205_ref_pll/r_period_cnt_reg[18]/C
i_system_wrapper/system_i/axi_vcxo_ctrl/inst/u_b205_ref_pll/r_period_cnt_reg[19]/C
i_system_wrapper/system_i/axi_vcxo_ctrl/inst/u_b205_ref_pll/r_period_cnt_reg[1]/C
i_system_wrapper/system_i/axi_vcxo_ctrl/inst/u_b205_ref_pll/r_period_cnt_reg[20]/C
i_system_wrapper/system_i/axi_vcxo_ctrl/inst/u_b205_ref_pll/r_period_cnt_reg[21]/C
i_system_wrapper/system_i/axi_vcxo_ctrl/inst/u_b205_ref_pll/r_period_cnt_reg[22]/C
i_system_wrapper/system_i/axi_vcxo_ctrl/inst/u_b205_ref_pll/r_period_cnt_reg[23]/C
i_system_wrapper/system_i/axi_vcxo_ctrl/inst/u_b205_ref_pll/r_period_cnt_reg[24]/C
i_system_wrapper/system_i/axi_vcxo_ctrl/inst/u_b205_ref_pll/r_period_cnt_reg[25]/C
i_system_wrapper/system_i/axi_vcxo_ctrl/inst/u_b205_ref_pll/r_period_cnt_reg[26]/C
i_system_wrapper/system_i/axi_vcxo_ctrl/inst/u_b205_ref_pll/r_period_cnt_reg[27]/C
i_system_wrapper/system_i/axi_vcxo_ctrl/inst/u_b205_ref_pll/r_period_cnt_reg[28]/C
i_system_wrapper/system_i/axi_vcxo_ctrl/inst/u_b205_ref_pll/r_period_cnt_reg[2]/C
i_system_wrapper/system_i/axi_vcxo_ctrl/inst/u_b205_ref_pll/r_period_cnt_reg[3]/C
i_system_wrapper/system_i/axi_vcxo_ctrl/inst/u_b205_ref_pll/r_period_cnt_reg[4]/C
i_system_wrapper/system_i/axi_vcxo_ctrl/inst/u_b205_ref_pll/r_period_cnt_reg[5]/C
i_system_wrapper/system_i/axi_vcxo_ctrl/inst/u_b205_ref_pll/r_period_cnt_reg[6]/C
i_system_wrapper/system_i/axi_vcxo_ctrl/inst/u_b205_ref_pll/r_period_cnt_reg[7]/C
i_system_wrapper/system_i/axi_vcxo_ctrl/inst/u_b205_ref_pll/r_period_cnt_reg[8]/C
i_system_wrapper/system_i/axi_vcxo_ctrl/inst/u_b205_ref_pll/r_period_cnt_reg[9]/C
i_system_wrapper/system_i/axi_vcxo_ctrl/inst/u_b205_ref_pll/r_rising_reg/C
i_system_wrapper/system_i/axi_vcxo_ctrl/inst/u_b205_ref_pll/rcnt_reg[0]/C
i_system_wrapper/system_i/axi_vcxo_ctrl/inst/u_b205_ref_pll/rcnt_reg[10]/C
i_system_wrapper/system_i/axi_vcxo_ctrl/inst/u_b205_ref_pll/rcnt_reg[11]/C
i_system_wrapper/system_i/axi_vcxo_ctrl/inst/u_b205_ref_pll/rcnt_reg[12]/C
i_system_wrapper/system_i/axi_vcxo_ctrl/inst/u_b205_ref_pll/rcnt_reg[13]/C
i_system_wrapper/system_i/axi_vcxo_ctrl/inst/u_b205_ref_pll/rcnt_reg[14]/C
i_system_wrapper/system_i/axi_vcxo_ctrl/inst/u_b205_ref_pll/rcnt_reg[15]/C
i_system_wrapper/system_i/axi_vcxo_ctrl/inst/u_b205_ref_pll/rcnt_reg[16]/C
i_system_wrapper/system_i/axi_vcxo_ctrl/inst/u_b205_ref_pll/rcnt_reg[17]/C
i_system_wrapper/system_i/axi_vcxo_ctrl/inst/u_b205_ref_pll/rcnt_reg[18]/C
i_system_wrapper/system_i/axi_vcxo_ctrl/inst/u_b205_ref_pll/rcnt_reg[19]/C
i_system_wrapper/system_i/axi_vcxo_ctrl/inst/u_b205_ref_pll/rcnt_reg[1]/C
i_system_wrapper/system_i/axi_vcxo_ctrl/inst/u_b205_ref_pll/rcnt_reg[20]/C
i_system_wrapper/system_i/axi_vcxo_ctrl/inst/u_b205_ref_pll/rcnt_reg[21]/C
i_system_wrapper/system_i/axi_vcxo_ctrl/inst/u_b205_ref_pll/rcnt_reg[22]/C
i_system_wrapper/system_i/axi_vcxo_ctrl/inst/u_b205_ref_pll/rcnt_reg[23]/C
i_system_wrapper/system_i/axi_vcxo_ctrl/inst/u_b205_ref_pll/rcnt_reg[2]/C
i_system_wrapper/system_i/axi_vcxo_ctrl/inst/u_b205_ref_pll/rcnt_reg[3]/C
i_system_wrapper/system_i/axi_vcxo_ctrl/inst/u_b205_ref_pll/rcnt_reg[4]/C
i_system_wrapper/system_i/axi_vcxo_ctrl/inst/u_b205_ref_pll/rcnt_reg[5]/C
i_system_wrapper/system_i/axi_vcxo_ctrl/inst/u_b205_ref_pll/rcnt_reg[6]/C
i_system_wrapper/system_i/axi_vcxo_ctrl/inst/u_b205_ref_pll/rcnt_reg[7]/C
i_system_wrapper/system_i/axi_vcxo_ctrl/inst/u_b205_ref_pll/rcnt_reg[8]/C
i_system_wrapper/system_i/axi_vcxo_ctrl/inst/u_b205_ref_pll/rcnt_reg[9]/C
i_system_wrapper/system_i/axi_vcxo_ctrl/inst/u_b205_ref_pll/ref_detected_reg/C
i_system_wrapper/system_i/axi_vcxo_ctrl/inst/u_b205_ref_pll/ref_is_10M_reg/C
i_system_wrapper/system_i/axi_vcxo_ctrl/inst/u_b205_ref_pll/ref_is_10M_reg_rep/C
i_system_wrapper/system_i/axi_vcxo_ctrl/inst/u_b205_ref_pll/ref_is_10M_reg_rep__0/C
i_system_wrapper/system_i/axi_vcxo_ctrl/inst/u_b205_ref_pll/ref_is_pps_reg/C
i_system_wrapper/system_i/axi_vcxo_ctrl/inst/u_b205_ref_pll/refclk_div_reg/C
i_system_wrapper/system_i/axi_vcxo_ctrl/inst/u_b205_ref_pll/refclksmp_reg[1]_srl2/CLK
i_system_wrapper/system_i/axi_vcxo_ctrl/inst/u_b205_ref_pll/refclksmp_reg[2]/C
i_system_wrapper/system_i/axi_vcxo_ctrl/inst/u_b205_ref_pll/refclksmp_reg[3]/C
i_system_wrapper/system_i/axi_vcxo_ctrl/inst/u_b205_ref_pll/refcnt_reg[0]/C
i_system_wrapper/system_i/axi_vcxo_ctrl/inst/u_b205_ref_pll/refcnt_reg[10]/C
i_system_wrapper/system_i/axi_vcxo_ctrl/inst/u_b205_ref_pll/refcnt_reg[11]/C
i_system_wrapper/system_i/axi_vcxo_ctrl/inst/u_b205_ref_pll/refcnt_reg[12]/C
i_system_wrapper/system_i/axi_vcxo_ctrl/inst/u_b205_ref_pll/refcnt_reg[13]/C
i_system_wrapper/system_i/axi_vcxo_ctrl/inst/u_b205_ref_pll/refcnt_reg[14]/C
i_system_wrapper/system_i/axi_vcxo_ctrl/inst/u_b205_ref_pll/refcnt_reg[15]/C
i_system_wrapper/system_i/axi_vcxo_ctrl/inst/u_b205_ref_pll/refcnt_reg[16]/C
i_system_wrapper/system_i/axi_vcxo_ctrl/inst/u_b205_ref_pll/refcnt_reg[17]/C
i_system_wrapper/system_i/axi_vcxo_ctrl/inst/u_b205_ref_pll/refcnt_reg[18]/C
i_system_wrapper/system_i/axi_vcxo_ctrl/inst/u_b205_ref_pll/refcnt_reg[19]/C
i_system_wrapper/system_i/axi_vcxo_ctrl/inst/u_b205_ref_pll/refcnt_reg[1]/C
i_system_wrapper/system_i/axi_vcxo_ctrl/inst/u_b205_ref_pll/refcnt_reg[20]/C
i_system_wrapper/system_i/axi_vcxo_ctrl/inst/u_b205_ref_pll/refcnt_reg[21]/C
i_system_wrapper/system_i/axi_vcxo_ctrl/inst/u_b205_ref_pll/refcnt_reg[22]/C
i_system_wrapper/system_i/axi_vcxo_ctrl/inst/u_b205_ref_pll/refcnt_reg[23]/C
i_system_wrapper/system_i/axi_vcxo_ctrl/inst/u_b205_ref_pll/refcnt_reg[24]/C
i_system_wrapper/system_i/axi_vcxo_ctrl/inst/u_b205_ref_pll/refcnt_reg[25]/C
i_system_wrapper/system_i/axi_vcxo_ctrl/inst/u_b205_ref_pll/refcnt_reg[26]/C
i_system_wrapper/system_i/axi_vcxo_ctrl/inst/u_b205_ref_pll/refcnt_reg[27]/C
i_system_wrapper/system_i/axi_vcxo_ctrl/inst/u_b205_ref_pll/refcnt_reg[28]/C
i_system_wrapper/system_i/axi_vcxo_ctrl/inst/u_b205_ref_pll/refcnt_reg[29]/C
i_system_wrapper/system_i/axi_vcxo_ctrl/inst/u_b205_ref_pll/refcnt_reg[2]/C
i_system_wrapper/system_i/axi_vcxo_ctrl/inst/u_b205_ref_pll/refcnt_reg[30]/C
i_system_wrapper/system_i/axi_vcxo_ctrl/inst/u_b205_ref_pll/refcnt_reg[31]/C
i_system_wrapper/system_i/axi_vcxo_ctrl/inst/u_b205_ref_pll/refcnt_reg[3]/C
i_system_wrapper/system_i/axi_vcxo_ctrl/inst/u_b205_ref_pll/refcnt_reg[4]/C
i_system_wrapper/system_i/axi_vcxo_ctrl/inst/u_b205_ref_pll/refcnt_reg[5]/C
i_system_wrapper/system_i/axi_vcxo_ctrl/inst/u_b205_ref_pll/refcnt_reg[6]/C
i_system_wrapper/system_i/axi_vcxo_ctrl/inst/u_b205_ref_pll/refcnt_reg[7]/C
i_system_wrapper/system_i/axi_vcxo_ctrl/inst/u_b205_ref_pll/refcnt_reg[8]/C
i_system_wrapper/system_i/axi_vcxo_ctrl/inst/u_b205_ref_pll/refcnt_reg[9]/C
i_system_wrapper/system_i/axi_vcxo_ctrl/inst/u_b205_ref_pll/refsmp_reg[1]_srl2/CLK
i_system_wrapper/system_i/axi_vcxo_ctrl/inst/u_b205_ref_pll/refsmp_reg[2]/C
i_system_wrapper/system_i/axi_vcxo_ctrl/inst/u_b205_ref_pll/refsmp_reg[3]/C
i_system_wrapper/system_i/axi_vcxo_ctrl/inst/u_b205_ref_pll/shift_reg[0]/C
i_system_wrapper/system_i/axi_vcxo_ctrl/inst/u_b205_ref_pll/shift_reg[10]/C
i_system_wrapper/system_i/axi_vcxo_ctrl/inst/u_b205_ref_pll/shift_reg[11]/C
i_system_wrapper/system_i/axi_vcxo_ctrl/inst/u_b205_ref_pll/shift_reg[12]/C
i_system_wrapper/system_i/axi_vcxo_ctrl/inst/u_b205_ref_pll/shift_reg[13]/C
i_system_wrapper/system_i/axi_vcxo_ctrl/inst/u_b205_ref_pll/shift_reg[14]/C
i_system_wrapper/system_i/axi_vcxo_ctrl/inst/u_b205_ref_pll/shift_reg[15]/C
i_system_wrapper/system_i/axi_vcxo_ctrl/inst/u_b205_ref_pll/shift_reg[16]/C
i_system_wrapper/system_i/axi_vcxo_ctrl/inst/u_b205_ref_pll/shift_reg[17]/C
i_system_wrapper/system_i/axi_vcxo_ctrl/inst/u_b205_ref_pll/shift_reg[18]/C
i_system_wrapper/system_i/axi_vcxo_ctrl/inst/u_b205_ref_pll/shift_reg[19]/C
i_system_wrapper/system_i/axi_vcxo_ctrl/inst/u_b205_ref_pll/shift_reg[1]/C
i_system_wrapper/system_i/axi_vcxo_ctrl/inst/u_b205_ref_pll/shift_reg[20]/C
i_system_wrapper/system_i/axi_vcxo_ctrl/inst/u_b205_ref_pll/shift_reg[21]/C
i_system_wrapper/system_i/axi_vcxo_ctrl/inst/u_b205_ref_pll/shift_reg[22]/C
i_system_wrapper/system_i/axi_vcxo_ctrl/inst/u_b205_ref_pll/shift_reg[23]/C
i_system_wrapper/system_i/axi_vcxo_ctrl/inst/u_b205_ref_pll/shift_reg[24]/C
i_system_wrapper/system_i/axi_vcxo_ctrl/inst/u_b205_ref_pll/shift_reg[25]/C
i_system_wrapper/system_i/axi_vcxo_ctrl/inst/u_b205_ref_pll/shift_reg[26]/C
i_system_wrapper/system_i/axi_vcxo_ctrl/inst/u_b205_ref_pll/shift_reg[27]/C
i_system_wrapper/system_i/axi_vcxo_ctrl/inst/u_b205_ref_pll/shift_reg[28]/C
i_system_wrapper/system_i/axi_vcxo_ctrl/inst/u_b205_ref_pll/shift_reg[2]/C
i_system_wrapper/system_i/axi_vcxo_ctrl/inst/u_b205_ref_pll/shift_reg[3]/C
i_system_wrapper/system_i/axi_vcxo_ctrl/inst/u_b205_ref_pll/shift_reg[4]/C
i_system_wrapper/system_i/axi_vcxo_ctrl/inst/u_b205_ref_pll/shift_reg[5]/C
i_system_wrapper/system_i/axi_vcxo_ctrl/inst/u_b205_ref_pll/shift_reg[6]/C
i_system_wrapper/system_i/axi_vcxo_ctrl/inst/u_b205_ref_pll/shift_reg[7]/C
i_system_wrapper/system_i/axi_vcxo_ctrl/inst/u_b205_ref_pll/shift_reg[8]/C
i_system_wrapper/system_i/axi_vcxo_ctrl/inst/u_b205_ref_pll/shift_reg[9]/C
i_system_wrapper/system_i/axi_vcxo_ctrl/inst/u_b205_ref_pll/sum_reg[0]/C
i_system_wrapper/system_i/axi_vcxo_ctrl/inst/u_b205_ref_pll/sum_reg[10]/C
i_system_wrapper/system_i/axi_vcxo_ctrl/inst/u_b205_ref_pll/sum_reg[11]/C
i_system_wrapper/system_i/axi_vcxo_ctrl/inst/u_b205_ref_pll/sum_reg[12]/C
i_system_wrapper/system_i/axi_vcxo_ctrl/inst/u_b205_ref_pll/sum_reg[13]/C
i_system_wrapper/system_i/axi_vcxo_ctrl/inst/u_b205_ref_pll/sum_reg[14]/C
i_system_wrapper/system_i/axi_vcxo_ctrl/inst/u_b205_ref_pll/sum_reg[15]/C
i_system_wrapper/system_i/axi_vcxo_ctrl/inst/u_b205_ref_pll/sum_reg[16]/C
i_system_wrapper/system_i/axi_vcxo_ctrl/inst/u_b205_ref_pll/sum_reg[17]/C
i_system_wrapper/system_i/axi_vcxo_ctrl/inst/u_b205_ref_pll/sum_reg[18]/C
i_system_wrapper/system_i/axi_vcxo_ctrl/inst/u_b205_ref_pll/sum_reg[19]/C
i_system_wrapper/system_i/axi_vcxo_ctrl/inst/u_b205_ref_pll/sum_reg[1]/C
i_system_wrapper/system_i/axi_vcxo_ctrl/inst/u_b205_ref_pll/sum_reg[20]/C
i_system_wrapper/system_i/axi_vcxo_ctrl/inst/u_b205_ref_pll/sum_reg[21]/C
i_system_wrapper/system_i/axi_vcxo_ctrl/inst/u_b205_ref_pll/sum_reg[22]/C
i_system_wrapper/system_i/axi_vcxo_ctrl/inst/u_b205_ref_pll/sum_reg[23]/C
i_system_wrapper/system_i/axi_vcxo_ctrl/inst/u_b205_ref_pll/sum_reg[24]/C
i_system_wrapper/system_i/axi_vcxo_ctrl/inst/u_b205_ref_pll/sum_reg[25]/C
i_system_wrapper/system_i/axi_vcxo_ctrl/inst/u_b205_ref_pll/sum_reg[26]/C
i_system_wrapper/system_i/axi_vcxo_ctrl/inst/u_b205_ref_pll/sum_reg[27]/C
i_system_wrapper/system_i/axi_vcxo_ctrl/inst/u_b205_ref_pll/sum_reg[28]/C
i_system_wrapper/system_i/axi_vcxo_ctrl/inst/u_b205_ref_pll/sum_reg[2]/C
i_system_wrapper/system_i/axi_vcxo_ctrl/inst/u_b205_ref_pll/sum_reg[3]/C
i_system_wrapper/system_i/axi_vcxo_ctrl/inst/u_b205_ref_pll/sum_reg[4]/C
i_system_wrapper/system_i/axi_vcxo_ctrl/inst/u_b205_ref_pll/sum_reg[5]/C
i_system_wrapper/system_i/axi_vcxo_ctrl/inst/u_b205_ref_pll/sum_reg[6]/C
i_system_wrapper/system_i/axi_vcxo_ctrl/inst/u_b205_ref_pll/sum_reg[7]/C
i_system_wrapper/system_i/axi_vcxo_ctrl/inst/u_b205_ref_pll/sum_reg[8]/C
i_system_wrapper/system_i/axi_vcxo_ctrl/inst/u_b205_ref_pll/sum_reg[9]/C
i_system_wrapper/system_i/axi_vcxo_ctrl/inst/u_b205_ref_pll/u_ltc2630_spi/cnt_bit_reg[0]/C
i_system_wrapper/system_i/axi_vcxo_ctrl/inst/u_b205_ref_pll/u_ltc2630_spi/cnt_bit_reg[1]/C
i_system_wrapper/system_i/axi_vcxo_ctrl/inst/u_b205_ref_pll/u_ltc2630_spi/cnt_bit_reg[2]/C
i_system_wrapper/system_i/axi_vcxo_ctrl/inst/u_b205_ref_pll/u_ltc2630_spi/cnt_bit_reg[3]/C
i_system_wrapper/system_i/axi_vcxo_ctrl/inst/u_b205_ref_pll/u_ltc2630_spi/cnt_bit_reg[4]/C
i_system_wrapper/system_i/axi_vcxo_ctrl/inst/u_b205_ref_pll/u_ltc2630_spi/cnt_bit_reg[5]/C
i_system_wrapper/system_i/axi_vcxo_ctrl/inst/u_b205_ref_pll/u_ltc2630_spi/cnt_cycle_reg[0]/C
i_system_wrapper/system_i/axi_vcxo_ctrl/inst/u_b205_ref_pll/u_ltc2630_spi/cnt_cycle_reg[1]/C
i_system_wrapper/system_i/axi_vcxo_ctrl/inst/u_b205_ref_pll/u_ltc2630_spi/cnt_cycle_reg[2]/C
i_system_wrapper/system_i/axi_vcxo_ctrl/inst/u_b205_ref_pll/u_ltc2630_spi/cnt_cycle_reg[3]/C
i_system_wrapper/system_i/axi_vcxo_ctrl/inst/u_b205_ref_pll/u_ltc2630_spi/data_shift_reg[0]/C
i_system_wrapper/system_i/axi_vcxo_ctrl/inst/u_b205_ref_pll/u_ltc2630_spi/data_shift_reg[10]/C
i_system_wrapper/system_i/axi_vcxo_ctrl/inst/u_b205_ref_pll/u_ltc2630_spi/data_shift_reg[11]/C
i_system_wrapper/system_i/axi_vcxo_ctrl/inst/u_b205_ref_pll/u_ltc2630_spi/data_shift_reg[12]/C
i_system_wrapper/system_i/axi_vcxo_ctrl/inst/u_b205_ref_pll/u_ltc2630_spi/data_shift_reg[13]/C
i_system_wrapper/system_i/axi_vcxo_ctrl/inst/u_b205_ref_pll/u_ltc2630_spi/data_shift_reg[14]/C
i_system_wrapper/system_i/axi_vcxo_ctrl/inst/u_b205_ref_pll/u_ltc2630_spi/data_shift_reg[15]/C
i_system_wrapper/system_i/axi_vcxo_ctrl/inst/u_b205_ref_pll/u_ltc2630_spi/data_shift_reg[16]/C
i_system_wrapper/system_i/axi_vcxo_ctrl/inst/u_b205_ref_pll/u_ltc2630_spi/data_shift_reg[17]/C
i_system_wrapper/system_i/axi_vcxo_ctrl/inst/u_b205_ref_pll/u_ltc2630_spi/data_shift_reg[18]/C
i_system_wrapper/system_i/axi_vcxo_ctrl/inst/u_b205_ref_pll/u_ltc2630_spi/data_shift_reg[19]/C
i_system_wrapper/system_i/axi_vcxo_ctrl/inst/u_b205_ref_pll/u_ltc2630_spi/data_shift_reg[1]/C
i_system_wrapper/system_i/axi_vcxo_ctrl/inst/u_b205_ref_pll/u_ltc2630_spi/data_shift_reg[20]/C
i_system_wrapper/system_i/axi_vcxo_ctrl/inst/u_b205_ref_pll/u_ltc2630_spi/data_shift_reg[21]/C
i_system_wrapper/system_i/axi_vcxo_ctrl/inst/u_b205_ref_pll/u_ltc2630_spi/data_shift_reg[22]/C
i_system_wrapper/system_i/axi_vcxo_ctrl/inst/u_b205_ref_pll/u_ltc2630_spi/data_shift_reg[23]/C
i_system_wrapper/system_i/axi_vcxo_ctrl/inst/u_b205_ref_pll/u_ltc2630_spi/data_shift_reg[2]/C
i_system_wrapper/system_i/axi_vcxo_ctrl/inst/u_b205_ref_pll/u_ltc2630_spi/data_shift_reg[3]/C
i_system_wrapper/system_i/axi_vcxo_ctrl/inst/u_b205_ref_pll/u_ltc2630_spi/data_shift_reg[4]/C
i_system_wrapper/system_i/axi_vcxo_ctrl/inst/u_b205_ref_pll/u_ltc2630_spi/data_shift_reg[5]/C
i_system_wrapper/system_i/axi_vcxo_ctrl/inst/u_b205_ref_pll/u_ltc2630_spi/data_shift_reg[6]/C
i_system_wrapper/system_i/axi_vcxo_ctrl/inst/u_b205_ref_pll/u_ltc2630_spi/data_shift_reg[7]/C
i_system_wrapper/system_i/axi_vcxo_ctrl/inst/u_b205_ref_pll/u_ltc2630_spi/data_shift_reg[8]/C
i_system_wrapper/system_i/axi_vcxo_ctrl/inst/u_b205_ref_pll/u_ltc2630_spi/data_shift_reg[9]/C
i_system_wrapper/system_i/axi_vcxo_ctrl/inst/u_b205_ref_pll/u_ltc2630_spi/last_data_reg[0]/C
i_system_wrapper/system_i/axi_vcxo_ctrl/inst/u_b205_ref_pll/u_ltc2630_spi/last_data_reg[10]/C
i_system_wrapper/system_i/axi_vcxo_ctrl/inst/u_b205_ref_pll/u_ltc2630_spi/last_data_reg[11]/C
i_system_wrapper/system_i/axi_vcxo_ctrl/inst/u_b205_ref_pll/u_ltc2630_spi/last_data_reg[12]/C
i_system_wrapper/system_i/axi_vcxo_ctrl/inst/u_b205_ref_pll/u_ltc2630_spi/last_data_reg[13]/C
i_system_wrapper/system_i/axi_vcxo_ctrl/inst/u_b205_ref_pll/u_ltc2630_spi/last_data_reg[14]/C
i_system_wrapper/system_i/axi_vcxo_ctrl/inst/u_b205_ref_pll/u_ltc2630_spi/last_data_reg[15]/C
i_system_wrapper/system_i/axi_vcxo_ctrl/inst/u_b205_ref_pll/u_ltc2630_spi/last_data_reg[1]/C
i_system_wrapper/system_i/axi_vcxo_ctrl/inst/u_b205_ref_pll/u_ltc2630_spi/last_data_reg[2]/C
i_system_wrapper/system_i/axi_vcxo_ctrl/inst/u_b205_ref_pll/u_ltc2630_spi/last_data_reg[3]/C
i_system_wrapper/system_i/axi_vcxo_ctrl/inst/u_b205_ref_pll/u_ltc2630_spi/last_data_reg[4]/C
i_system_wrapper/system_i/axi_vcxo_ctrl/inst/u_b205_ref_pll/u_ltc2630_spi/last_data_reg[5]/C
i_system_wrapper/system_i/axi_vcxo_ctrl/inst/u_b205_ref_pll/u_ltc2630_spi/last_data_reg[6]/C
i_system_wrapper/system_i/axi_vcxo_ctrl/inst/u_b205_ref_pll/u_ltc2630_spi/last_data_reg[7]/C
i_system_wrapper/system_i/axi_vcxo_ctrl/inst/u_b205_ref_pll/u_ltc2630_spi/last_data_reg[8]/C
i_system_wrapper/system_i/axi_vcxo_ctrl/inst/u_b205_ref_pll/u_ltc2630_spi/last_data_reg[9]/C
i_system_wrapper/system_i/axi_vcxo_ctrl/inst/u_b205_ref_pll/u_ltc2630_spi/sclk_reg/C
i_system_wrapper/system_i/axi_vcxo_ctrl/inst/u_b205_ref_pll/u_ltc2630_spi/state_reg[0]/C
i_system_wrapper/system_i/axi_vcxo_ctrl/inst/u_b205_ref_pll/u_ltc2630_spi/state_reg[1]/C
i_system_wrapper/system_i/axi_vcxo_ctrl/inst/u_b205_ref_pll/u_ltc2630_spi/state_reg[2]/C
i_system_wrapper/system_i/axi_vcxo_ctrl/inst/u_b205_ref_pll/u_ltc2630_spi/state_reg[3]/C
i_system_wrapper/system_i/axi_vcxo_ctrl/inst/u_b205_ref_pll/u_ltc2630_spi/sync_n_reg/C


